Archive member included to satisfy reference by file (symbol)

c:/program files (x86)/atollic/truestudio for arm 8.1.0/armtools/bin/../lib/gcc/arm-atollic-eabi/6.3.1/../../../../arm-atollic-eabi/lib/armv7e-m/fpu\libc.a(lib_a-init.o)
                              startup\startup_stm32l475xx.o (__libc_init_array)
c:/program files (x86)/atollic/truestudio for arm 8.1.0/armtools/bin/../lib/gcc/arm-atollic-eabi/6.3.1/../../../../arm-atollic-eabi/lib/armv7e-m/fpu\libc.a(lib_a-memcpy-stub.o)
                              Src\es_wifi.o (memcpy)
c:/program files (x86)/atollic/truestudio for arm 8.1.0/armtools/bin/../lib/gcc/arm-atollic-eabi/6.3.1/../../../../arm-atollic-eabi/lib/armv7e-m/fpu\libc.a(lib_a-sprintf.o)
                              Src\Setup.o (sprintf)
c:/program files (x86)/atollic/truestudio for arm 8.1.0/armtools/bin/../lib/gcc/arm-atollic-eabi/6.3.1/../../../../arm-atollic-eabi/lib/armv7e-m/fpu\libc.a(lib_a-strchr.o)
                              Src\Setup.o (strchr)
c:/program files (x86)/atollic/truestudio for arm 8.1.0/armtools/bin/../lib/gcc/arm-atollic-eabi/6.3.1/../../../../arm-atollic-eabi/lib/armv7e-m/fpu\libc.a(lib_a-strlen.o)
                              Src\Setup.o (strlen)
c:/program files (x86)/atollic/truestudio for arm 8.1.0/armtools/bin/../lib/gcc/arm-atollic-eabi/6.3.1/../../../../arm-atollic-eabi/lib/armv7e-m/fpu\libc.a(lib_a-strncpy.o)
                              Src\es_wifi.o (strncpy)
c:/program files (x86)/atollic/truestudio for arm 8.1.0/armtools/bin/../lib/gcc/arm-atollic-eabi/6.3.1/../../../../arm-atollic-eabi/lib/armv7e-m/fpu\libc.a(lib_a-strstr.o)
                              Src\es_wifi.o (strstr)
c:/program files (x86)/atollic/truestudio for arm 8.1.0/armtools/bin/../lib/gcc/arm-atollic-eabi/6.3.1/../../../../arm-atollic-eabi/lib/armv7e-m/fpu\libc.a(lib_a-strtok.o)
                              Src\es_wifi.o (strtok)
c:/program files (x86)/atollic/truestudio for arm 8.1.0/armtools/bin/../lib/gcc/arm-atollic-eabi/6.3.1/../../../../arm-atollic-eabi/lib/armv7e-m/fpu\libc.a(lib_a-strtok_r.o)
                              c:/program files (x86)/atollic/truestudio for arm 8.1.0/armtools/bin/../lib/gcc/arm-atollic-eabi/6.3.1/../../../../arm-atollic-eabi/lib/armv7e-m/fpu\libc.a(lib_a-strtok.o) (__strtok_r)
c:/program files (x86)/atollic/truestudio for arm 8.1.0/armtools/bin/../lib/gcc/arm-atollic-eabi/6.3.1/../../../../arm-atollic-eabi/lib/armv7e-m/fpu\libc.a(lib_a-svfprintf.o)
                              c:/program files (x86)/atollic/truestudio for arm 8.1.0/armtools/bin/../lib/gcc/arm-atollic-eabi/6.3.1/../../../../arm-atollic-eabi/lib/armv7e-m/fpu\libc.a(lib_a-sprintf.o) (_svfprintf_r)
c:/program files (x86)/atollic/truestudio for arm 8.1.0/armtools/bin/../lib/gcc/arm-atollic-eabi/6.3.1/../../../../arm-atollic-eabi/lib/armv7e-m/fpu\libc.a(lib_a-dtoa.o)
                              c:/program files (x86)/atollic/truestudio for arm 8.1.0/armtools/bin/../lib/gcc/arm-atollic-eabi/6.3.1/../../../../arm-atollic-eabi/lib/armv7e-m/fpu\libc.a(lib_a-svfprintf.o) (_dtoa_r)
c:/program files (x86)/atollic/truestudio for arm 8.1.0/armtools/bin/../lib/gcc/arm-atollic-eabi/6.3.1/../../../../arm-atollic-eabi/lib/armv7e-m/fpu\libc.a(lib_a-impure.o)
                              c:/program files (x86)/atollic/truestudio for arm 8.1.0/armtools/bin/../lib/gcc/arm-atollic-eabi/6.3.1/../../../../arm-atollic-eabi/lib/armv7e-m/fpu\libc.a(lib_a-sprintf.o) (_impure_ptr)
c:/program files (x86)/atollic/truestudio for arm 8.1.0/armtools/bin/../lib/gcc/arm-atollic-eabi/6.3.1/../../../../arm-atollic-eabi/lib/armv7e-m/fpu\libc.a(lib_a-localeconv.o)
                              c:/program files (x86)/atollic/truestudio for arm 8.1.0/armtools/bin/../lib/gcc/arm-atollic-eabi/6.3.1/../../../../arm-atollic-eabi/lib/armv7e-m/fpu\libc.a(lib_a-svfprintf.o) (_localeconv_r)
c:/program files (x86)/atollic/truestudio for arm 8.1.0/armtools/bin/../lib/gcc/arm-atollic-eabi/6.3.1/../../../../arm-atollic-eabi/lib/armv7e-m/fpu\libc.a(lib_a-malloc.o)
                              c:/program files (x86)/atollic/truestudio for arm 8.1.0/armtools/bin/../lib/gcc/arm-atollic-eabi/6.3.1/../../../../arm-atollic-eabi/lib/armv7e-m/fpu\libc.a(lib_a-strtok.o) (malloc)
c:/program files (x86)/atollic/truestudio for arm 8.1.0/armtools/bin/../lib/gcc/arm-atollic-eabi/6.3.1/../../../../arm-atollic-eabi/lib/armv7e-m/fpu\libc.a(lib_a-mallocr.o)
                              c:/program files (x86)/atollic/truestudio for arm 8.1.0/armtools/bin/../lib/gcc/arm-atollic-eabi/6.3.1/../../../../arm-atollic-eabi/lib/armv7e-m/fpu\libc.a(lib_a-svfprintf.o) (_malloc_r)
c:/program files (x86)/atollic/truestudio for arm 8.1.0/armtools/bin/../lib/gcc/arm-atollic-eabi/6.3.1/../../../../arm-atollic-eabi/lib/armv7e-m/fpu\libc.a(lib_a-memchr.o)
[...]
Memory Configuration

Name             Origin             Length             Attributes
RAM              0x20000000         0x00018000         xrw
RAM2             0x10000000         0x00008000         xrw
FLASH            0x08000000         0x00100000         xr
*default*        0x00000000         0xffffffff

Linker script and memory map

LOAD c:/program files (x86)/atollic/truestudio for arm 8.1.0/armtools/bin/../lib/gcc/arm-atollic-eabi/6.3.1/armv7e-m/fpu/crti.o
LOAD c:/program files (x86)/atollic/truestudio for arm 8.1.0/armtools/bin/../lib/gcc/arm-atollic-eabi/6.3.1/armv7e-m/fpu/crtbegin.o
LOAD Drivers\BSP\stm32l475e_iot01.o
LOAD Drivers\BSP\stm32l475e_iot01_accelero.o
LOAD Drivers\BSP\stm32l475e_iot01_qspi.o
LOAD Drivers\Components\hts221\hts221.o
LOAD Drivers\Components\lps22hb\lps22hb.o
LOAD Drivers\Components\lsm6dsl\lsm6dsl.o
LOAD Drivers\STM32L4xx_HAL_Driver\Src\stm32l4xx_hal.o
LOAD Drivers\STM32L4xx_HAL_Driver\Src\stm32l4xx_hal_cortex.o
LOAD Drivers\STM32L4xx_HAL_Driver\Src\stm32l4xx_hal_dfsdm.o
LOAD Drivers\STM32L4xx_HAL_Driver\Src\stm32l4xx_hal_dma.o
LOAD Drivers\STM32L4xx_HAL_Driver\Src\stm32l4xx_hal_dma_ex.o
LOAD Drivers\STM32L4xx_HAL_Driver\Src\stm32l4xx_hal_flash.o
LOAD Drivers\STM32L4xx_HAL_Driver\Src\stm32l4xx_hal_flash_ex.o
LOAD Drivers\STM32L4xx_HAL_Driver\Src\stm32l4xx_hal_flash_ramfunc.o
LOAD Drivers\STM32L4xx_HAL_Driver\Src\stm32l4xx_hal_gpio.o
LOAD Drivers\STM32L4xx_HAL_Driver\Src\stm32l4xx_hal_i2c.o
LOAD Drivers\STM32L4xx_HAL_Driver\Src\stm32l4xx_hal_i2c_ex.o
LOAD Drivers\STM32L4xx_HAL_Driver\Src\stm32l4xx_hal_pcd.o
LOAD Drivers\STM32L4xx_HAL_Driver\Src\stm32l4xx_hal_pcd_ex.o
LOAD Drivers\STM32L4xx_HAL_Driver\Src\stm32l4xx_hal_pwr.o
LOAD Drivers\STM32L4xx_HAL_Driver\Src\stm32l4xx_hal_pwr_ex.o
LOAD Drivers\STM32L4xx_HAL_Driver\Src\stm32l4xx_hal_qspi.o
LOAD Drivers\STM32L4xx_HAL_Driver\Src\stm32l4xx_hal_rcc.o
LOAD Drivers\STM32L4xx_HAL_Driver\Src\stm32l4xx_hal_rcc_ex.o
LOAD Drivers\STM32L4xx_HAL_Driver\Src\stm32l4xx_hal_spi.o
LOAD Drivers\STM32L4xx_HAL_Driver\Src\stm32l4xx_hal_spi_ex.o
LOAD Drivers\STM32L4xx_HAL_Driver\Src\stm32l4xx_hal_tim.o
LOAD Drivers\STM32L4xx_HAL_Driver\Src\stm32l4xx_hal_tim_ex.o
LOAD Drivers\STM32L4xx_HAL_Driver\Src\stm32l4xx_hal_uart.o
LOAD Drivers\STM32L4xx_HAL_Driver\Src\stm32l4xx_hal_uart_ex.o
LOAD Drivers\STM32L4xx_HAL_Driver\Src\stm32l4xx_ll_usb.o
LOAD Src\Setup.o
LOAD Src\dfsdm.o
LOAD Src\es_wifi.o
LOAD Src\es_wifi_io.o
LOAD Src\gpio.o
LOAD Src\i2c.o
LOAD Src\main.o
LOAD Src\quadspi.o
LOAD Src\spi.o
LOAD Src\stm32l475e_iot01_psensor.o
LOAD Src\stm32l475e_iot01_tsensor.o
LOAD Src\stm32l4xx_hal_msp.o
LOAD Src\stm32l4xx_it.o
LOAD Src\system_stm32l4xx.o
LOAD Src\usart.o
LOAD Src\usb_otg.o
LOAD Src\wifi.o
LOAD startup\startup_stm32l475xx.o
                0x00000080                malloc_getpagesize_P = 0x80
START GROUP
LOAD c:/program files (x86)/atollic/truestudio for arm 8.1.0/armtools/bin/../lib/gcc/arm-atollic-eabi/6.3.1/../../../../arm-atollic-eabi/lib/armv7e-m/fpu\libc.a
LOAD c:/program files (x86)/atollic/truestudio for arm 8.1.0/armtools/bin/../lib/gcc/arm-atollic-eabi/6.3.1/../../../../arm-atollic-eabi/lib/armv7e-m/fpu\libm.a
END GROUP
START GROUP
LOAD c:/program files (x86)/atollic/truestudio for arm 8.1.0/armtools/bin/../lib/gcc/arm-atollic-eabi/6.3.1/armv7e-m/fpu\libgcc.a
LOAD c:/program files (x86)/atollic/truestudio for arm 8.1.0/armtools/bin/../lib/gcc/arm-atollic-eabi/6.3.1/../../../../arm-atollic-eabi/lib/armv7e-m/fpu\libc.a
END GROUP
START GROUP
LOAD c:/program files (x86)/atollic/truestudio for arm 8.1.0/armtools/bin/../lib/gcc/arm-atollic-eabi/6.3.1/armv7e-m/fpu\libgcc.a
LOAD c:/program files (x86)/atollic/truestudio for arm 8.1.0/armtools/bin/../lib/gcc/arm-atollic-eabi/6.3.1/../../../../arm-atollic-eabi/lib/armv7e-m/fpu\libc.a
LOAD c:/program files (x86)/atollic/truestudio for arm 8.1.0/armtools/bin/../lib/gcc/arm-atollic-eabi/6.3.1/../../../../arm-atollic-eabi/lib/armv7e-m/fpu\libnosys.a
END GROUP
LOAD c:/program files (x86)/atollic/truestudio for arm 8.1.0/armtools/bin/../lib/gcc/arm-atollic-eabi/6.3.1/armv7e-m/fpu/crtend.o
LOAD c:/program files (x86)/atollic/truestudio for arm 8.1.0/armtools/bin/../lib/gcc/arm-atollic-eabi/6.3.1/armv7e-m/fpu/crtn.o
                0x20018000                _estack = 0x20018000
                0x00000200                _Min_Heap_Size = 0x200
                0x00000400                _Min_Stack_Size = 0x400

.isr_vector     0x08000000      0x188
                0x08000000                . = ALIGN (0x4)
 *(.isr_vector)
 .isr_vector    0x08000000      0x188 startup\startup_stm32l475xx.o
                0x08000000                g_pfnVectors
                0x08000188                . = ALIGN (0x4)

.text           0x08000190     0xb134
                0x08000190                . = ALIGN (0x4)
 *(.text)
 .text          0x08000190       0x40 c:/program files (x86)/atollic/truestudio for arm 8.1.0/armtools/bin/../lib/gcc/arm-atollic-eabi/6.3.1/armv7e-m/fpu/crtbegin.o
 .text          0x080001d0       0x10 c:/program files (x86)/atollic/truestudio for arm 8.1.0/armtools/bin/../lib/gcc/arm-atollic-eabi/6.3.1/../../../../arm-atollic-eabi/lib/armv7e-m/fpu\libc.a(lib_a-strlen.o)
                0x080001d0                strlen
 .text          0x080001e0       0xa0 c:/program files (x86)/atollic/truestudio for arm 8.1.0/armtools/bin/../lib/gcc/arm-atollic-eabi/6.3.1/../../../../arm-atollic-eabi/lib/armv7e-m/fpu\libc.a(lib_a-memchr.o)
                0x080001e0                memchr
 .text          0x08000280      0x370 c:/program files (x86)/atollic/truestudio for arm 8.1.0/armtools/bin/../lib/gcc/arm-atollic-eabi/6.3.1/armv7e-m/fpu\libgcc.a(_arm_addsubdf3.o)
                0x08000280                __aeabi_drsub
                0x08000288                __aeabi_dsub
                0x08000288                __subdf3
                0x0800028c                __aeabi_dadd
                0x0800028c                __adddf3
                0x08000504                __floatunsidf
                0x08000504                __aeabi_ui2d
                0x08000524                __floatsidf
                0x08000524                __aeabi_i2d
                0x08000548                __aeabi_f2d
                0x08000548                __extendsfdf2
                0x08000584                __floatundidf
                0x08000584                __aeabi_ul2d
                0x08000594                __floatdidf
                0x08000594                __aeabi_l2d
 .text          0x080005f0      0x424 c:/program files (x86)/atollic/truestudio for arm 8.1.0/armtools/bin/../lib/gcc/arm-atollic-eabi/6.3.1/armv7e-m/fpu\libgcc.a(_arm_muldivdf3.o)
                0x080005f0                __aeabi_dmul
                0x080005f0                __muldf3
                0x08000844                __divdf3
                0x08000844                __aeabi_ddiv
 .text          0x08000a14      0x110 c:/program files (x86)/atollic/truestudio for arm 8.1.0/armtools/bin/../lib/gcc/arm-atollic-eabi/6.3.1/armv7e-m/fpu\libgcc.a(_arm_cmpdf2.o)
                0x08000a14                __gtdf2
                0x08000a14                __gedf2
                0x08000a1c                __ltdf2
                0x08000a1c                __ledf2
                0x08000a24                __nedf2
                0x08000a24                __eqdf2
                0x08000a24                __cmpdf2
                0x08000aa0                __aeabi_cdrcmple
                0x08000ab0                __aeabi_cdcmpeq
                0x08000ab0                __aeabi_cdcmple
                0x08000ac0                __aeabi_dcmpeq
                0x08000ad4                __aeabi_dcmplt
                0x08000ae8                __aeabi_dcmple
                0x08000afc                __aeabi_dcmpge
                0x08000b10                __aeabi_dcmpgt
 .text          0x08000b24       0x2c c:/program files (x86)/atollic/truestudio for arm 8.1.0/armtools/bin/../lib/gcc/arm-atollic-eabi/6.3.1/armv7e-m/fpu\libgcc.a(_arm_unorddf2.o)
                0x08000b24                __unorddf2
                0x08000b24                __aeabi_dcmpun
 .text          0x08000b50       0x50 c:/program files (x86)/atollic/truestudio for arm 8.1.0/armtools/bin/../lib/gcc/arm-atollic-eabi/6.3.1/armv7e-m/fpu\libgcc.a(_arm_fixdfsi.o)
                0x08000b50                __aeabi_d2iz
                0x08000b50                __fixdfsi
 .text          0x08000ba0       0x30 c:/program files (x86)/atollic/truestudio for arm 8.1.0/armtools/bin/../lib/gcc/arm-atollic-eabi/6.3.1/armv7e-m/fpu\libgcc.a(_aeabi_uldivmod.o)
                0x08000ba0                __aeabi_uldivmod
 .text          0x08000bd0      0x2dc c:/program files (x86)/atollic/truestudio for arm 8.1.0/armtools/bin/../lib/gcc/arm-atollic-eabi/6.3.1/armv7e-m/fpu\libgcc.a(_udivmoddi4.o)
                0x08000bd0                __udivmoddi4
 .text          0x08000eac        0x4 c:/program files (x86)/atollic/truestudio for arm 8.1.0/armtools/bin/../lib/gcc/arm-atollic-eabi/6.3.1/armv7e-m/fpu\libgcc.a(_dvmd_tls.o)
                0x08000eac                __aeabi_idiv0
                0x08000eac                __aeabi_ldiv0
 *(.text*)
 .text.I2Cx_MspInit
                0x08000eb0       0xb0 Drivers\BSP\stm32l475e_iot01.o
 .text.I2Cx_Init
                0x08000f60       0x5c Drivers\BSP\stm32l475e_iot01.o
 .text.I2Cx_ReadMultiple
                0x08000fbc       0x5a Drivers\BSP\stm32l475e_iot01.o
 .text.I2Cx_WriteMultiple
                0x08001016       0x5a Drivers\BSP\stm32l475e_iot01.o
 .text.I2Cx_Error
                0x08001070       0x20 Drivers\BSP\stm32l475e_iot01.o
 .text.SENSOR_IO_Init
                0x08001090       0x14 Drivers\BSP\stm32l475e_iot01.o
                0x08001090                SENSOR_IO_Init
 .text.SENSOR_IO_Write
                0x080010a4       0x34 Drivers\BSP\stm32l475e_iot01.o
                0x080010a4                SENSOR_IO_Write
 .text.SENSOR_IO_Read
                0x080010d8       0x3c Drivers\BSP\stm32l475e_iot01.o
                0x080010d8                SENSOR_IO_Read
 .text.SENSOR_IO_ReadMultiple
                0x08001114       0x3c Drivers\BSP\stm32l475e_iot01.o
                0x08001114                SENSOR_IO_ReadMultiple
 .text.BSP_ACCELERO_Init
                0x08001150       0x7c Drivers\BSP\stm32l475e_iot01_accelero.o
                0x08001150                BSP_ACCELERO_Init
 .text.BSP_ACCELERO_AccGetXYZ
                0x080011cc       0x30 Drivers\BSP\stm32l475e_iot01_accelero.o
                0x080011cc                BSP_ACCELERO_AccGetXYZ
 .text.HTS221_T_Init
                0x080011fc       0x5a Drivers\Components\hts221\hts221.o
                0x080011fc                HTS221_T_Init
 .text.HTS221_T_ReadTemp
                0x08001256      0x10e Drivers\Components\hts221\hts221.o
                0x08001256                HTS221_T_ReadTemp
 .text.LPS22HB_P_Init
                0x08001364       0x1a Drivers\Components\lps22hb\lps22hb.o
                0x08001364                LPS22HB_P_Init
 .text.LPS22HB_P_ReadID
                0x0800137e       0x2c Drivers\Components\lps22hb\lps22hb.o
                0x0800137e                LPS22HB_P_ReadID
 *fill*         0x080013aa        0x2 
 .text.LPS22HB_P_ReadPressure
                0x080013ac       0xc0 Drivers\Components\lps22hb\lps22hb.o
                0x080013ac                LPS22HB_P_ReadPressure
 .text.LPS22HB_Init
                0x0800146c       0x7e Drivers\Components\lps22hb\lps22hb.o
 .text.LSM6DSL_AccInit
                0x080014ea       0x72 Drivers\Components\lsm6dsl\lsm6dsl.o
                0x080014ea                LSM6DSL_AccInit
 .text.LSM6DSL_AccDeInit
                0x0800155c       0x32 Drivers\Components\lsm6dsl\lsm6dsl.o
                0x0800155c                LSM6DSL_AccDeInit
 .text.LSM6DSL_AccReadID
                0x0800158e       0x16 Drivers\Components\lsm6dsl\lsm6dsl.o
                0x0800158e                LSM6DSL_AccReadID
 .text.LSM6DSL_AccLowPower
                0x080015a4       0x44 Drivers\Components\lsm6dsl\lsm6dsl.o
                0x080015a4                LSM6DSL_AccLowPower
 .text.LSM6DSL_AccReadXYZ
                0x080015e8      0x138 Drivers\Components\lsm6dsl\lsm6dsl.o
                0x080015e8                LSM6DSL_AccReadXYZ
 .text.HAL_Init
                0x08001720       0x1a Drivers\STM32L4xx_HAL_Driver\Src\stm32l4xx_hal.o
                0x08001720                HAL_Init
 *fill*         0x0800173a        0x2 
 .text.HAL_InitTick
                0x0800173c       0x38 Drivers\STM32L4xx_HAL_Driver\Src\stm32l4xx_hal.o
                0x0800173c                HAL_InitTick
 .text.HAL_IncTick
                0x08001774       0x1c Drivers\STM32L4xx_HAL_Driver\Src\stm32l4xx_hal.o
                0x08001774                HAL_IncTick
 .text.HAL_GetTick
                0x08001790       0x18 Drivers\STM32L4xx_HAL_Driver\Src\stm32l4xx_hal.o
                0x08001790                HAL_GetTick
 .text.HAL_Delay
                0x080017a8       0x3a Drivers\STM32L4xx_HAL_Driver\Src\stm32l4xx_hal.o
                0x080017a8                HAL_Delay
 *fill*         0x080017e2        0x2 
 .text.NVIC_SetPriorityGrouping
                0x080017e4       0x48 Drivers\STM32L4xx_HAL_Driver\Src\stm32l4xx_hal_cortex.o
 .text.NVIC_GetPriorityGrouping
                0x0800182c       0x1c Drivers\STM32L4xx_HAL_Driver\Src\stm32l4xx_hal_cortex.o
 .text.NVIC_EnableIRQ
                0x08001848       0x34 Drivers\STM32L4xx_HAL_Driver\Src\stm32l4xx_hal_cortex.o
 .text.NVIC_SetPriority
                0x0800187c       0x54 Drivers\STM32L4xx_HAL_Driver\Src\stm32l4xx_hal_cortex.o
 .text.NVIC_EncodePriority
                0x080018d0       0x62 Drivers\STM32L4xx_HAL_Driver\Src\stm32l4xx_hal_cortex.o
 *fill*         0x08001932        0x2 
 .text.SysTick_Config
                0x08001934       0x44 Drivers\STM32L4xx_HAL_Driver\Src\stm32l4xx_hal_cortex.o
 .text.HAL_NVIC_SetPriorityGrouping
                0x08001978       0x16 Drivers\STM32L4xx_HAL_Driver\Src\stm32l4xx_hal_cortex.o
                0x08001978                HAL_NVIC_SetPriorityGrouping
 .text.HAL_NVIC_SetPriority
                0x0800198e       0x38 Drivers\STM32L4xx_HAL_Driver\Src\stm32l4xx_hal_cortex.o
                0x0800198e                HAL_NVIC_SetPriority
 .text.HAL_NVIC_EnableIRQ
                0x080019c6       0x1c Drivers\STM32L4xx_HAL_Driver\Src\stm32l4xx_hal_cortex.o
                0x080019c6                HAL_NVIC_EnableIRQ
 .text.HAL_SYSTICK_Config
                0x080019e2       0x18 Drivers\STM32L4xx_HAL_Driver\Src\stm32l4xx_hal_cortex.o
                0x080019e2                HAL_SYSTICK_Config
 *fill*         0x080019fa        0x2 
 .text.HAL_SYSTICK_CLKSourceConfig
                0x080019fc       0x38 Drivers\STM32L4xx_HAL_Driver\Src\stm32l4xx_hal_cortex.o
                0x080019fc                HAL_SYSTICK_CLKSourceConfig
 .text.HAL_SYSTICK_IRQHandler
                0x08001a34        0xc Drivers\STM32L4xx_HAL_Driver\Src\stm32l4xx_hal_cortex.o
                0x08001a34                HAL_SYSTICK_IRQHandler
 .text.HAL_SYSTICK_Callback
                0x08001a40        0xe Drivers\STM32L4xx_HAL_Driver\Src\stm32l4xx_hal_cortex.o
                0x08001a40                HAL_SYSTICK_Callback
 *fill*         0x08001a4e        0x2 
 .text.HAL_DFSDM_ChannelInit
                0x08001a50      0x180 Drivers\STM32L4xx_HAL_Driver\Src\stm32l4xx_hal_dfsdm.o
                0x08001a50                HAL_DFSDM_ChannelInit
 .text.DFSDM_GetChannelFromInstance
                0x08001bd0       0xa8 Drivers\STM32L4xx_HAL_Driver\Src\stm32l4xx_hal_dfsdm.o
 .text.HAL_GPIO_Init
                0x08001c78      0x358 Drivers\STM32L4xx_HAL_Driver\Src\stm32l4xx_hal_gpio.o
                0x08001c78                HAL_GPIO_Init
 .text.HAL_GPIO_DeInit
                0x08001fd0      0x1f0 Drivers\STM32L4xx_HAL_Driver\Src\stm32l4xx_hal_gpio.o
                0x08001fd0                HAL_GPIO_DeInit
 .text.HAL_GPIO_ReadPin
                0x080021c0       0x30 Drivers\STM32L4xx_HAL_Driver\Src\stm32l4xx_hal_gpio.o
                0x080021c0                HAL_GPIO_ReadPin
 .text.HAL_GPIO_WritePin
                0x080021f0       0x30 Drivers\STM32L4xx_HAL_Driver\Src\stm32l4xx_hal_gpio.o
                0x080021f0                HAL_GPIO_WritePin
 .text.HAL_GPIO_EXTI_IRQHandler
                0x08002220       0x30 Drivers\STM32L4xx_HAL_Driver\Src\stm32l4xx_hal_gpio.o
                0x08002220                HAL_GPIO_EXTI_IRQHandler
 .text.HAL_GPIO_EXTI_Callback
                0x08002250       0x16 Drivers\STM32L4xx_HAL_Driver\Src\stm32l4xx_hal_gpio.o
                0x08002250                HAL_GPIO_EXTI_Callback
 .text.HAL_I2C_Init
                0x08002266      0x11c Drivers\STM32L4xx_HAL_Driver\Src\stm32l4xx_hal_i2c.o
                0x08002266                HAL_I2C_Init
 .text.HAL_I2C_DeInit
                0x08002382       0x5e Drivers\STM32L4xx_HAL_Driver\Src\stm32l4xx_hal_i2c.o
                0x08002382                HAL_I2C_DeInit
 .text.HAL_I2C_Mem_Write
                0x080023e0      0x24c Drivers\STM32L4xx_HAL_Driver\Src\stm32l4xx_hal_i2c.o
                0x080023e0                HAL_I2C_Mem_Write
 .text.HAL_I2C_Mem_Read
                0x0800262c      0x24c Drivers\STM32L4xx_HAL_Driver\Src\stm32l4xx_hal_i2c.o
                0x0800262c                HAL_I2C_Mem_Read
 .text.I2C_RequestMemoryWrite
                0x08002878       0xc0 Drivers\STM32L4xx_HAL_Driver\Src\stm32l4xx_hal_i2c.o
 .text.I2C_RequestMemoryRead
                0x08002938       0xc0 Drivers\STM32L4xx_HAL_Driver\Src\stm32l4xx_hal_i2c.o
 .text.I2C_Flush_TXDR
                0x080029f8       0x48 Drivers\STM32L4xx_HAL_Driver\Src\stm32l4xx_hal_i2c.o
 .text.I2C_WaitOnFlagUntilTimeout
                0x08002a40       0x74 Drivers\STM32L4xx_HAL_Driver\Src\stm32l4xx_hal_i2c.o
 .text.I2C_WaitOnTXISFlagUntilTimeout
                0x08002ab4       0x80 Drivers\STM32L4xx_HAL_Driver\Src\stm32l4xx_hal_i2c.o
 .text.I2C_WaitOnSTOPFlagUntilTimeout
                0x08002b34       0x78 Drivers\STM32L4xx_HAL_Driver\Src\stm32l4xx_hal_i2c.o
 .text.I2C_IsAcknowledgeFailed
                0x08002bac       0xbc Drivers\STM32L4xx_HAL_Driver\Src\stm32l4xx_hal_i2c.o
 .text.I2C_TransferConfig
                0x08002c68       0x58 Drivers\STM32L4xx_HAL_Driver\Src\stm32l4xx_hal_i2c.o
 .text.HAL_I2CEx_ConfigAnalogFilter
                0x08002cc0       0x96 Drivers\STM32L4xx_HAL_Driver\Src\stm32l4xx_hal_i2c_ex.o
                0x08002cc0                HAL_I2CEx_ConfigAnalogFilter
 .text.HAL_I2CEx_ConfigDigitalFilter
                0x08002d56       0x9c Drivers\STM32L4xx_HAL_Driver\Src\stm32l4xx_hal_i2c_ex.o
                0x08002d56                HAL_I2CEx_ConfigDigitalFilter
 .text.HAL_PCD_Init
                0x08002df2      0x23a Drivers\STM32L4xx_HAL_Driver\Src\stm32l4xx_hal_pcd.o
                0x08002df2                HAL_PCD_Init
 .text.HAL_PCDEx_ActivateLPM
                0x0800302c       0x48 Drivers\STM32L4xx_HAL_Driver\Src\stm32l4xx_hal_pcd_ex.o
                0x0800302c                HAL_PCDEx_ActivateLPM
 .text.HAL_PCDEx_ActivateBCD
                0x08003074       0x30 Drivers\STM32L4xx_HAL_Driver\Src\stm32l4xx_hal_pcd_ex.o
                0x08003074                HAL_PCDEx_ActivateBCD
 .text.HAL_PWREx_GetVoltageRange
                0x080030a4       0x1c Drivers\STM32L4xx_HAL_Driver\Src\stm32l4xx_hal_pwr_ex.o
                0x080030a4                HAL_PWREx_GetVoltageRange
 .text.HAL_PWREx_ControlVoltageScaling
                0x080030c0       0xac Drivers\STM32L4xx_HAL_Driver\Src\stm32l4xx_hal_pwr_ex.o
                0x080030c0                HAL_PWREx_ControlVoltageScaling
 .text.HAL_PWREx_EnableVddUSB
                0x0800316c       0x20 Drivers\STM32L4xx_HAL_Driver\Src\stm32l4xx_hal_pwr_ex.o
                0x0800316c                HAL_PWREx_EnableVddUSB
 .text.HAL_QSPI_Init
                0x0800318c      0x108 Drivers\STM32L4xx_HAL_Driver\Src\stm32l4xx_hal_qspi.o
                0x0800318c                HAL_QSPI_Init
 .text.HAL_QSPI_SetTimeout
                0x08003294       0x1c Drivers\STM32L4xx_HAL_Driver\Src\stm32l4xx_hal_qspi.o
                0x08003294                HAL_QSPI_SetTimeout
 .text.QSPI_WaitFlagStateUntilTimeout
                0x080032b0       0x6e Drivers\STM32L4xx_HAL_Driver\Src\stm32l4xx_hal_qspi.o
 *fill*         0x0800331e        0x2 
 .text.HAL_RCC_OscConfig
                0x08003320      0x6c4 Drivers\STM32L4xx_HAL_Driver\Src\stm32l4xx_hal_rcc.o
                0x08003320                HAL_RCC_OscConfig
 .text.HAL_RCC_ClockConfig
                0x080039e4      0x230 Drivers\STM32L4xx_HAL_Driver\Src\stm32l4xx_hal_rcc.o
                0x080039e4                HAL_RCC_ClockConfig
 .text.HAL_RCC_GetSysClockFreq
                0x08003c14      0x160 Drivers\STM32L4xx_HAL_Driver\Src\stm32l4xx_hal_rcc.o
                0x08003c14                HAL_RCC_GetSysClockFreq
 .text.HAL_RCC_GetHCLKFreq
                0x08003d74       0x18 Drivers\STM32L4xx_HAL_Driver\Src\stm32l4xx_hal_rcc.o
                0x08003d74                HAL_RCC_GetHCLKFreq
 .text.HAL_RCC_GetPCLK1Freq
                0x08003d8c       0x28 Drivers\STM32L4xx_HAL_Driver\Src\stm32l4xx_hal_rcc.o
                0x08003d8c                HAL_RCC_GetPCLK1Freq
 .text.HAL_RCC_GetPCLK2Freq
                0x08003db4       0x28 Drivers\STM32L4xx_HAL_Driver\Src\stm32l4xx_hal_rcc.o
                0x08003db4                HAL_RCC_GetPCLK2Freq
 .text.RCC_SetFlashLatencyFromMSIRange
                0x08003ddc       0xc4 Drivers\STM32L4xx_HAL_Driver\Src\stm32l4xx_hal_rcc.o
 .text.HAL_RCCEx_PeriphCLKConfig
                0x08003ea0      0x5c8 Drivers\STM32L4xx_HAL_Driver\Src\stm32l4xx_hal_rcc_ex.o
                0x08003ea0                HAL_RCCEx_PeriphCLKConfig
 .text.HAL_RCCEx_EnableMSIPLLMode
                0x08004468       0x20 Drivers\STM32L4xx_HAL_Driver\Src\stm32l4xx_hal_rcc_ex.o
                0x08004468                HAL_RCCEx_EnableMSIPLLMode
 .text.RCCEx_PLLSAI1_Config
                0x08004488      0x1e4 Drivers\STM32L4xx_HAL_Driver\Src\stm32l4xx_hal_rcc_ex.o
 .text.RCCEx_PLLSAI2_Config
                0x0800466c      0x1b8 Drivers\STM32L4xx_HAL_Driver\Src\stm32l4xx_hal_rcc_ex.o
 .text.HAL_SPI_Init
                0x08004824      0x110 Drivers\STM32L4xx_HAL_Driver\Src\stm32l4xx_hal_spi.o
                0x08004824                HAL_SPI_Init
 .text.HAL_SPI_DeInit
                0x08004934       0x50 Drivers\STM32L4xx_HAL_Driver\Src\stm32l4xx_hal_spi.o
                0x08004934                HAL_SPI_DeInit
 .text.HAL_SPI_Transmit
                0x08004984      0x2ac Drivers\STM32L4xx_HAL_Driver\Src\stm32l4xx_hal_spi.o
                0x08004984                HAL_SPI_Transmit
 .text.HAL_SPI_Receive
                0x08004c30      0x242 Drivers\STM32L4xx_HAL_Driver\Src\stm32l4xx_hal_spi.o
                0x08004c30                HAL_SPI_Receive
 .text.HAL_SPI_TransmitReceive
                0x08004e72      0x3f6 Drivers\STM32L4xx_HAL_Driver\Src\stm32l4xx_hal_spi.o
                0x08004e72                HAL_SPI_TransmitReceive
 .text.SPI_WaitFlagStateUntilTimeout
                0x08005268       0xd0 Drivers\STM32L4xx_HAL_Driver\Src\stm32l4xx_hal_spi.o
 .text.SPI_WaitFifoStateUntilTimeout
                0x08005338       0xe0 Drivers\STM32L4xx_HAL_Driver\Src\stm32l4xx_hal_spi.o
 .text.SPI_EndRxTransaction
                0x08005418       0xb0 Drivers\STM32L4xx_HAL_Driver\Src\stm32l4xx_hal_spi.o
 .text.SPI_EndRxTxTransaction
                0x080054c8       0x8c Drivers\STM32L4xx_HAL_Driver\Src\stm32l4xx_hal_spi.o
 .text.HAL_SPIEx_FlushRxFifo
                0x08005554       0x44 Drivers\STM32L4xx_HAL_Driver\Src\stm32l4xx_hal_spi_ex.o
                0x08005554                HAL_SPIEx_FlushRxFifo
 .text.HAL_UART_Init
                0x08005598       0xa2 Drivers\STM32L4xx_HAL_Driver\Src\stm32l4xx_hal_uart.o
                0x08005598                HAL_UART_Init
 *fill*         0x0800563a        0x2 
 .text.UART_SetConfig
                0x0800563c      0x67c Drivers\STM32L4xx_HAL_Driver\Src\stm32l4xx_hal_uart.o
                0x0800563c                UART_SetConfig
 .text.UART_AdvFeatureConfig
                0x08005cb8      0x144 Drivers\STM32L4xx_HAL_Driver\Src\stm32l4xx_hal_uart.o
                0x08005cb8                UART_AdvFeatureConfig
 .text.UART_CheckIdleState
                0x08005dfc       0x92 Drivers\STM32L4xx_HAL_Driver\Src\stm32l4xx_hal_uart.o
                0x08005dfc                UART_CheckIdleState
 .text.UART_WaitOnFlagUntilTimeout
                0x08005e8e       0x94 Drivers\STM32L4xx_HAL_Driver\Src\stm32l4xx_hal_uart.o
                0x08005e8e                UART_WaitOnFlagUntilTimeout
 .text.USB_CoreInit
                0x08005f22       0x3c Drivers\STM32L4xx_HAL_Driver\Src\stm32l4xx_ll_usb.o
                0x08005f22                USB_CoreInit
 .text.USB_DisableGlobalInt
                0x08005f5e       0x22 Drivers\STM32L4xx_HAL_Driver\Src\stm32l4xx_ll_usb.o
                0x08005f5e                USB_DisableGlobalInt
 .text.USB_SetCurrentMode
                0x08005f80       0x4e Drivers\STM32L4xx_HAL_Driver\Src\stm32l4xx_ll_usb.o
                0x08005f80                USB_SetCurrentMode
 *fill*         0x08005fce        0x2 
 .text.USB_DevInit
                0x08005fd0      0x25c Drivers\STM32L4xx_HAL_Driver\Src\stm32l4xx_ll_usb.o
                0x08005fd0                USB_DevInit
 .text.USB_FlushTxFifo
                0x0800622c       0x4c Drivers\STM32L4xx_HAL_Driver\Src\stm32l4xx_ll_usb.o
                0x0800622c                USB_FlushTxFifo
 .text.USB_FlushRxFifo
                0x08006278       0x44 Drivers\STM32L4xx_HAL_Driver\Src\stm32l4xx_ll_usb.o
                0x08006278                USB_FlushRxFifo
 .text.USB_SetDevSpeed
                0x080062bc       0x30 Drivers\STM32L4xx_HAL_Driver\Src\stm32l4xx_ll_usb.o
                0x080062bc                USB_SetDevSpeed
 .text.USB_DevDisconnect
                0x080062ec       0x2e Drivers\STM32L4xx_HAL_Driver\Src\stm32l4xx_ll_usb.o
                0x080062ec                USB_DevDisconnect
 *fill*         0x0800631a        0x2 
 .text.USB_CoreReset
                0x0800631c       0x68 Drivers\STM32L4xx_HAL_Driver\Src\stm32l4xx_ll_usb.o
 .text.SystemClock_Config
                0x08006384      0x148 Src\Setup.o
                0x08006384                SystemClock_Config
 .text._Error_Handler
                0x080064cc        0xc Src\Setup.o
                0x080064cc                _Error_Handler
 .text.abs_val  0x080064d8       0x2c Src\Setup.o
                0x080064d8                abs_val
 .text.thingSpeakUpdate
                0x08006504       0x60 Src\Setup.o
                0x08006504                thingSpeakUpdate
 .text.MX_DFSDM1_Init
                0x08006564       0x78 Src\dfsdm.o
                0x08006564                MX_DFSDM1_Init
 .text.HAL_DFSDM_ChannelMspInit
                0x080065dc       0x68 Src\dfsdm.o
                0x080065dc                HAL_DFSDM_ChannelMspInit
 .text.ParseNumber
                0x08006644       0x88 Src\es_wifi.o
 .text.ParseIP  0x080066cc       0x54 Src\es_wifi.o
 .text.AT_ParseInfo
                0x08006720       0xec Src\es_wifi.o
 .text.AT_ParseConnSettings
                0x0800680c      0x160 Src\es_wifi.o
 .text.AT_ExecuteCommand
                0x0800696c       0x90 Src\es_wifi.o
 .text.AT_RequestSendData
                0x080069fc       0xc8 Src\es_wifi.o
 .text.ES_WIFI_Init
                0x08006ac4       0x5c Src\es_wifi.o
                0x08006ac4                ES_WIFI_Init
 .text.ES_WIFI_RegisterBusIO
                0x08006b20       0x5e Src\es_wifi.o
                0x08006b20                ES_WIFI_RegisterBusIO
 *fill*         0x08006b7e        0x2 
 .text.ES_WIFI_Connect
                0x08006b80       0xec Src\es_wifi.o
                0x08006b80                ES_WIFI_Connect
 .text.ES_WIFI_GetNetworkSettings
                0x08006c6c       0x54 Src\es_wifi.o
                0x08006c6c                ES_WIFI_GetNetworkSettings
 .text.ES_WIFI_StartClientConnection
                0x08006cc0      0x170 Src\es_wifi.o
                0x08006cc0                ES_WIFI_StartClientConnection
 .text.ES_WIFI_StopClientConnection
                0x08006e30       0x74 Src\es_wifi.o
                0x08006e30                ES_WIFI_StopClientConnection
 .text.ES_WIFI_SendData
                0x08006ea4       0xfc Src\es_wifi.o
                0x08006ea4                ES_WIFI_SendData
 .text.SPI_WIFI_MspInit
                0x08006fa0      0x178 Src\es_wifi_io.o
                0x08006fa0                SPI_WIFI_MspInit
 .text.SPI_WIFI_Init
                0x08007118      0x164 Src\es_wifi_io.o
                0x08007118                SPI_WIFI_Init
 .text.SPI_WIFI_DeInit
                0x0800727c       0x14 Src\es_wifi_io.o
                0x0800727c                SPI_WIFI_DeInit
 .text.SPI_WIFI_ReceiveData
                0x08007290      0x12c Src\es_wifi_io.o
                0x08007290                SPI_WIFI_ReceiveData
 .text.SPI_WIFI_SendData
                0x080073bc       0xe4 Src\es_wifi_io.o
                0x080073bc                SPI_WIFI_SendData
 .text.SPI_WIFI_Delay
                0x080074a0       0x16 Src\es_wifi_io.o
                0x080074a0                SPI_WIFI_Delay
 *fill*         0x080074b6        0x2 
 .text.MX_GPIO_Init
                0x080074b8      0x32c Src\gpio.o
                0x080074b8                MX_GPIO_Init
 .text.MX_I2C2_Init
                0x080077e4       0x90 Src\i2c.o
                0x080077e4                MX_I2C2_Init
 .text.HAL_I2C_MspInit
                0x08007874       0x60 Src\i2c.o
                0x08007874                HAL_I2C_MspInit
 .text.HAL_I2C_MspDeInit
                0x080078d4       0x3c Src\i2c.o
                0x080078d4                HAL_I2C_MspDeInit
 .text.main     0x08007910      0x1f8 Src\main.o
                0x08007910                main
 .text.MX_QUADSPI_Init
                0x08007b08       0x54 Src\quadspi.o
                0x08007b08                MX_QUADSPI_Init
 .text.HAL_QSPI_MspInit
                0x08007b5c       0x60 Src\quadspi.o
                0x08007b5c                HAL_QSPI_MspInit
 .text.HAL_SPI_MspInit
                0x08007bbc       0x60 Src\spi.o
                0x08007bbc                HAL_SPI_MspInit
 .text.HAL_SPI_MspDeInit
                0x08007c1c       0x3c Src\spi.o
                0x08007c1c                HAL_SPI_MspDeInit
 .text.BSP_PSENSOR_Init
                0x08007c58       0x40 Src\stm32l475e_iot01_psensor.o
                0x08007c58                BSP_PSENSOR_Init
 .text.BSP_PSENSOR_ReadPressure
                0x08007c98       0x1c Src\stm32l475e_iot01_psensor.o
                0x08007c98                BSP_PSENSOR_ReadPressure
 .text.BSP_TSENSOR_Init
                0x08007cb4       0x38 Src\stm32l475e_iot01_tsensor.o
                0x08007cb4                BSP_TSENSOR_Init
 .text.BSP_TSENSOR_ReadTemp
                0x08007cec       0x28 Src\stm32l475e_iot01_tsensor.o
                0x08007cec                BSP_TSENSOR_ReadTemp
 .text.HAL_MspInit
                0x08007d14       0x9c Src\stm32l4xx_hal_msp.o
                0x08007d14                HAL_MspInit
 .text.NMI_Handler
                0x08007db0        0xe Src\stm32l4xx_it.o
                0x08007db0                NMI_Handler
 .text.HardFault_Handler
                0x08007dbe        0x6 Src\stm32l4xx_it.o
                0x08007dbe                HardFault_Handler
 .text.MemManage_Handler
                0x08007dc4        0x6 Src\stm32l4xx_it.o
                0x08007dc4                MemManage_Handler
 .text.BusFault_Handler
                0x08007dca        0x6 Src\stm32l4xx_it.o
                0x08007dca                BusFault_Handler
 .text.UsageFault_Handler
                0x08007dd0        0x6 Src\stm32l4xx_it.o
                0x08007dd0                UsageFault_Handler
 .text.SVC_Handler
                0x08007dd6        0xe Src\stm32l4xx_it.o
                0x08007dd6                SVC_Handler
 .text.DebugMon_Handler
                0x08007de4        0xe Src\stm32l4xx_it.o
                0x08007de4                DebugMon_Handler
 .text.PendSV_Handler
                0x08007df2        0xe Src\stm32l4xx_it.o
                0x08007df2                PendSV_Handler
 .text.SysTick_Handler
                0x08007e00       0x10 Src\stm32l4xx_it.o
                0x08007e00                SysTick_Handler
 .text.EXTI9_5_IRQHandler
                0x08007e10       0x22 Src\stm32l4xx_it.o
                0x08007e10                EXTI9_5_IRQHandler
 .text.EXTI15_10_IRQHandler
                0x08007e32       0x30 Src\stm32l4xx_it.o
                0x08007e32                EXTI15_10_IRQHandler
 *fill*         0x08007e62        0x2 
 .text.SystemInit
                0x08007e64       0x6c Src\system_stm32l4xx.o
                0x08007e64                SystemInit
 .text.MX_USART1_UART_Init
                0x08007ed0       0x68 Src\usart.o
                0x08007ed0                MX_USART1_UART_Init
 .text.MX_USART3_UART_Init
                0x08007f38       0x68 Src\usart.o
                0x08007f38                MX_USART3_UART_Init
 .text.HAL_UART_MspInit
                0x08007fa0       0xac Src\usart.o
                0x08007fa0                HAL_UART_MspInit
 .text.MX_USB_OTG_FS_PCD_Init
                0x0800804c       0x68 Src\usb_otg.o
                0x0800804c                MX_USB_OTG_FS_PCD_Init
 .text.HAL_PCD_MspInit
                0x080080b4       0xb0 Src\usb_otg.o
                0x080080b4                HAL_PCD_MspInit
 .text.WIFI_Init
                0x08008164       0x58 Src\wifi.o
                0x08008164                WIFI_Init
 .text.WIFI_Connect
                0x080081bc       0x44 Src\wifi.o
                0x080081bc                WIFI_Connect
 .text.WIFI_OpenClientConnection
                0x08008200       0x74 Src\wifi.o
                0x08008200                WIFI_OpenClientConnection
 .text.WIFI_CloseClientConnection
                0x08008274       0x38 Src\wifi.o
                0x08008274                WIFI_CloseClientConnection
 .text.WIFI_SendData
                0x080082ac       0x44 Src\wifi.o
                0x080082ac                WIFI_SendData
 .text.Reset_Handler
                0x080082f0       0x50 startup\startup_stm32l475xx.o
                0x080082f0                Reset_Handler
 .text.Default_Handler
                0x08008340        0x2 startup\startup_stm32l475xx.o
                0x08008340                RTC_Alarm_IRQHandler
                0x08008340                EXTI2_IRQHandler
                0x08008340                TIM8_TRG_COM_IRQHandler
                0x08008340                TIM8_CC_IRQHandler
                0x08008340                TIM1_CC_IRQHandler
                0x08008340                TSC_IRQHandler
                0x08008340                TAMP_STAMP_IRQHandler
                0x08008340                EXTI3_IRQHandler
                0x08008340                LPTIM2_IRQHandler
                0x08008340                DFSDM1_FLT1_IRQHandler
                0x08008340                I2C3_ER_IRQHandler
                0x08008340                DFSDM1_FLT2_IRQHandler
                0x08008340                EXTI0_IRQHandler
                0x08008340                I2C2_EV_IRQHandler
                0x08008340                CAN1_RX0_IRQHandler
                0x08008340                FPU_IRQHandler
                0x08008340                TIM1_UP_TIM16_IRQHandler
                0x08008340                ADC1_2_IRQHandler
                0x08008340                SPI1_IRQHandler
                0x08008340                TIM6_DAC_IRQHandler
                0x08008340                TIM8_UP_IRQHandler
                0x08008340                DMA2_Channel2_IRQHandler
                0x08008340                DMA1_Channel4_IRQHandler
                0x08008340                SAI2_IRQHandler
                0x08008340                DFSDM1_FLT3_IRQHandler
                0x08008340                USART3_IRQHandler
                0x08008340                DMA1_Channel7_IRQHandler
                0x08008340                CAN1_RX1_IRQHandler
                0x08008340                UART5_IRQHandler
                0x08008340                ADC3_IRQHandler
                0x08008340                TIM4_IRQHandler
                0x08008340                DMA2_Channel1_IRQHandler
                0x08008340                QUADSPI_IRQHandler
                0x08008340                I2C1_EV_IRQHandler
                0x08008340                DMA1_Channel6_IRQHandler
                0x08008340                UART4_IRQHandler
                0x08008340                DMA2_Channel4_IRQHandler
                0x08008340                TIM3_IRQHandler
                0x08008340                RCC_IRQHandler
                0x08008340                DMA1_Channel1_IRQHandler
                0x08008340                Default_Handler
                0x08008340                DMA2_Channel7_IRQHandler
                0x08008340                TIM7_IRQHandler
                0x08008340                SDMMC1_IRQHandler
                0x08008340                TIM5_IRQHandler
                0x08008340                I2C3_EV_IRQHandler
                0x08008340                RTC_WKUP_IRQHandler
                0x08008340                PVD_PVM_IRQHandler
                0x08008340                SPI2_IRQHandler
                0x08008340                CAN1_TX_IRQHandler
                0x08008340                DMA2_Channel5_IRQHandler
                0x08008340                DMA1_Channel5_IRQHandler
                0x08008340                EXTI4_IRQHandler
                0x08008340                RNG_IRQHandler
                0x08008340                TIM1_TRG_COM_TIM17_IRQHandler
                0x08008340                DMA1_Channel3_IRQHandler
                0x08008340                COMP_IRQHandler
                0x08008340                WWDG_IRQHandler
                0x08008340                LPUART1_IRQHandler
                0x08008340                DMA2_Channel6_IRQHandler
                0x08008340                TIM2_IRQHandler
                0x08008340                EXTI1_IRQHandler
                0x08008340                USART2_IRQHandler
                0x08008340                DFSDM1_FLT0_IRQHandler
                0x08008340                I2C2_ER_IRQHandler
                0x08008340                DMA1_Channel2_IRQHandler
                0x08008340                TIM8_BRK_IRQHandler
                0x08008340                CAN1_SCE_IRQHandler
                0x08008340                FLASH_IRQHandler
                0x08008340                USART1_IRQHandler
                0x08008340                OTG_FS_IRQHandler
                0x08008340                SPI3_IRQHandler
                0x08008340                I2C1_ER_IRQHandler
                0x08008340                FMC_IRQHandler
                0x08008340                SWPMI1_IRQHandler
                0x08008340                LPTIM1_IRQHandler
                0x08008340                SAI1_IRQHandler
                0x08008340                DMA2_Channel3_IRQHandler
                0x08008340                TIM1_BRK_TIM15_IRQHandler
 *fill*         0x08008342        0x2 
 .text.__libc_init_array
                0x08008344       0x48 c:/program files (x86)/atollic/truestudio for arm 8.1.0/armtools/bin/../lib/gcc/arm-atollic-eabi/6.3.1/../../../../arm-atollic-eabi/lib/armv7e-m/fpu\libc.a(lib_a-init.o)
                0x08008344                __libc_init_array
 .text.memcpy   0x0800838c       0x16 c:/program files (x86)/atollic/truestudio for arm 8.1.0/armtools/bin/../lib/gcc/arm-atollic-eabi/6.3.1/../../../../arm-atollic-eabi/lib/armv7e-m/fpu\libc.a(lib_a-memcpy-stub.o)
                0x0800838c                memcpy
 *fill*         0x080083a2        0x2 
 .text.sprintf  0x080083a4       0x48 c:/program files (x86)/atollic/truestudio for arm 8.1.0/armtools/bin/../lib/gcc/arm-atollic-eabi/6.3.1/../../../../arm-atollic-eabi/lib/armv7e-m/fpu\libc.a(lib_a-sprintf.o)
                0x080083a4                sprintf
 .text.strchr   0x080083ec       0x1c c:/program files (x86)/atollic/truestudio for arm 8.1.0/armtools/bin/../lib/gcc/arm-atollic-eabi/6.3.1/../../../../arm-atollic-eabi/lib/armv7e-m/fpu\libc.a(lib_a-strchr.o)
                0x080083ec                strchr
 .text.strncpy  0x08008408       0x2a c:/program files (x86)/atollic/truestudio for arm 8.1.0/armtools/bin/../lib/gcc/arm-atollic-eabi/6.3.1/../../../../arm-atollic-eabi/lib/armv7e-m/fpu\libc.a(lib_a-strncpy.o)
                0x08008408                strncpy
 .text.strstr   0x08008432       0x36 c:/program files (x86)/atollic/truestudio for arm 8.1.0/armtools/bin/../lib/gcc/arm-atollic-eabi/6.3.1/../../../../arm-atollic-eabi/lib/armv7e-m/fpu\libc.a(lib_a-strstr.o)
                0x08008432                strstr
 .text.strtok   0x08008468       0x58 c:/program files (x86)/atollic/truestudio for arm 8.1.0/armtools/bin/../lib/gcc/arm-atollic-eabi/6.3.1/../../../../arm-atollic-eabi/lib/armv7e-m/fpu\libc.a(lib_a-strtok.o)
                0x08008468                strtok
 .text.__strtok_r
                0x080084c0       0x52 c:/program files (x86)/atollic/truestudio for arm 8.1.0/armtools/bin/../lib/gcc/arm-atollic-eabi/6.3.1/../../../../arm-atollic-eabi/lib/armv7e-m/fpu\libc.a(lib_a-strtok_r.o)
                0x080084c0                __strtok_r
 *fill*         0x08008512        0x6 
 .text._svfprintf_r
                0x08008518      0xfa8 c:/program files (x86)/atollic/truestudio for arm 8.1.0/armtools/bin/../lib/gcc/arm-atollic-eabi/6.3.1/../../../../arm-atollic-eabi/lib/armv7e-m/fpu\libc.a(lib_a-svfprintf.o)
                0x08008518                _svfprintf_r
 .text.quorem   0x080094c0      0x118 c:/program files (x86)/atollic/truestudio for arm 8.1.0/armtools/bin/../lib/gcc/arm-atollic-eabi/6.3.1/../../../../arm-atollic-eabi/lib/armv7e-m/fpu\libc.a(lib_a-dtoa.o)
 .text._dtoa_r  0x080095d8      0xb9c c:/program files (x86)/atollic/truestudio for arm 8.1.0/armtools/bin/../lib/gcc/arm-atollic-eabi/6.3.1/../../../../arm-atollic-eabi/lib/armv7e-m/fpu\libc.a(lib_a-dtoa.o)
                0x080095d8                _dtoa_r
 .text._localeconv_r
                0x0800a174       0x1c c:/program files (x86)/atollic/truestudio for arm 8.1.0/armtools/bin/../lib/gcc/arm-atollic-eabi/6.3.1/../../../../arm-atollic-eabi/lib/armv7e-m/fpu\libc.a(lib_a-localeconv.o)
                0x0800a174                _localeconv_r
 .text.malloc   0x0800a190       0x10 c:/program files (x86)/atollic/truestudio for arm 8.1.0/armtools/bin/../lib/gcc/arm-atollic-eabi/6.3.1/../../../../arm-atollic-eabi/lib/armv7e-m/fpu\libc.a(lib_a-malloc.o)
                0x0800a190                malloc
 .text._malloc_r
                0x0800a1a0      0x41c c:/program files (x86)/atollic/truestudio for arm 8.1.0/armtools/bin/../lib/gcc/arm-atollic-eabi/6.3.1/../../../../arm-atollic-eabi/lib/armv7e-m/fpu\libc.a(lib_a-mallocr.o)
                0x0800a1a0                _malloc_r
 .text.__malloc_lock
                0x0800a5bc        0xc c:/program files (x86)/atollic/truestudio for arm 8.1.0/armtools/bin/../lib/gcc/arm-atollic-eabi/6.3.1/../../../../arm-atollic-eabi/lib/armv7e-m/fpu\libc.a(lib_a-mlock.o)
                0x0800a5bc                __malloc_lock
 .text.__malloc_unlock
                0x0800a5c8        0xc c:/program files (x86)/atollic/truestudio for arm 8.1.0/armtools/bin/../lib/gcc/arm-atollic-eabi/6.3.1/../../../../arm-atollic-eabi/lib/armv7e-m/fpu\libc.a(lib_a-mlock.o)
                0x0800a5c8                __malloc_unlock
 .text._Balloc  0x0800a5d4       0x68 c:/program files (x86)/atollic/truestudio for arm 8.1.0/armtools/bin/../lib/gcc/arm-atollic-eabi/6.3.1/../../../../arm-atollic-eabi/lib/armv7e-m/fpu\libc.a(lib_a-mprec.o)
                0x0800a5d4                _Balloc
 .text._Bfree   0x0800a63c       0x2e c:/program files (x86)/atollic/truestudio for arm 8.1.0/armtools/bin/../lib/gcc/arm-atollic-eabi/6.3.1/../../../../arm-atollic-eabi/lib/armv7e-m/fpu\libc.a(lib_a-mprec.o)
                0x0800a63c                _Bfree
 .text.__multadd
                0x0800a66a       0x76 c:/program files (x86)/atollic/truestudio for arm 8.1.0/armtools/bin/../lib/gcc/arm-atollic-eabi/6.3.1/../../../../arm-atollic-eabi/lib/armv7e-m/fpu\libc.a(lib_a-mprec.o)
                0x0800a66a                __multadd
 .text.__hi0bits
                0x0800a6e0       0x3e c:/program files (x86)/atollic/truestudio for arm 8.1.0/armtools/bin/../lib/gcc/arm-atollic-eabi/6.3.1/../../../../arm-atollic-eabi/lib/armv7e-m/fpu\libc.a(lib_a-mprec.o)
                0x0800a6e0                __hi0bits
 .text.__lo0bits
                0x0800a71e       0x5e c:/program files (x86)/atollic/truestudio for arm 8.1.0/armtools/bin/../lib/gcc/arm-atollic-eabi/6.3.1/../../../../arm-atollic-eabi/lib/armv7e-m/fpu\libc.a(lib_a-mprec.o)
                0x0800a71e                __lo0bits
 .text.__i2b    0x0800a77c       0x12 c:/program files (x86)/atollic/truestudio for arm 8.1.0/armtools/bin/../lib/gcc/arm-atollic-eabi/6.3.1/../../../../arm-atollic-eabi/lib/armv7e-m/fpu\libc.a(lib_a-mprec.o)
                0x0800a77c                __i2b
 .text.__multiply
                0x0800a78e      0x11a c:/program files (x86)/atollic/truestudio for arm 8.1.0/armtools/bin/../lib/gcc/arm-atollic-eabi/6.3.1/../../../../arm-atollic-eabi/lib/armv7e-m/fpu\libc.a(lib_a-mprec.o)
                0x0800a78e                __multiply
 .text.__pow5mult
                0x0800a8a8       0x9c c:/program files (x86)/atollic/truestudio for arm 8.1.0/armtools/bin/../lib/gcc/arm-atollic-eabi/6.3.1/../../../../arm-atollic-eabi/lib/armv7e-m/fpu\libc.a(lib_a-mprec.o)
                0x0800a8a8                __pow5mult
 .text.__lshift
                0x0800a944       0xa2 c:/program files (x86)/atollic/truestudio for arm 8.1.0/armtools/bin/../lib/gcc/arm-atollic-eabi/6.3.1/../../../../arm-atollic-eabi/lib/armv7e-m/fpu\libc.a(lib_a-mprec.o)
                0x0800a944                __lshift
 .text.__mcmp   0x0800a9e6       0x34 c:/program files (x86)/atollic/truestudio for arm 8.1.0/armtools/bin/../lib/gcc/arm-atollic-eabi/6.3.1/../../../../arm-atollic-eabi/lib/armv7e-m/fpu\libc.a(lib_a-mprec.o)
                0x0800a9e6                __mcmp
 .text.__mdiff  0x0800aa1a       0xbc c:/program files (x86)/atollic/truestudio for arm 8.1.0/armtools/bin/../lib/gcc/arm-atollic-eabi/6.3.1/../../../../arm-atollic-eabi/lib/armv7e-m/fpu\libc.a(lib_a-mprec.o)
                0x0800aa1a                __mdiff
 .text.__d2b    0x0800aad6       0x9e c:/program files (x86)/atollic/truestudio for arm 8.1.0/armtools/bin/../lib/gcc/arm-atollic-eabi/6.3.1/../../../../arm-atollic-eabi/lib/armv7e-m/fpu\libc.a(lib_a-mprec.o)
                0x0800aad6                __d2b
 .text._sbrk_r  0x0800ab74       0x20 c:/program files (x86)/atollic/truestudio for arm 8.1.0/armtools/bin/../lib/gcc/arm-atollic-eabi/6.3.1/../../../../arm-atollic-eabi/lib/armv7e-m/fpu\libc.a(lib_a-sbrkr.o)
                0x0800ab74                _sbrk_r
 .text.__ssprint_r
                0x0800ab94       0xf4 c:/program files (x86)/atollic/truestudio for arm 8.1.0/armtools/bin/../lib/gcc/arm-atollic-eabi/6.3.1/../../../../arm-atollic-eabi/lib/armv7e-m/fpu\libc.a(lib_a-svfiprintf.o)
                0x0800ab94                __ssprint_r
 .text._calloc_r
                0x0800ac88       0x5a c:/program files (x86)/atollic/truestudio for arm 8.1.0/armtools/bin/../lib/gcc/arm-atollic-eabi/6.3.1/../../../../arm-atollic-eabi/lib/armv7e-m/fpu\libc.a(lib_a-callocr.o)
                0x0800ac88                _calloc_r
 *fill*         0x0800ace2        0x2 
 .text._malloc_trim_r
                0x0800ace4       0xac c:/program files (x86)/atollic/truestudio for arm 8.1.0/armtools/bin/../lib/gcc/arm-atollic-eabi/6.3.1/../../../../arm-atollic-eabi/lib/armv7e-m/fpu\libc.a(lib_a-freer.o)
                0x0800ace4                _malloc_trim_r
 .text._free_r  0x0800ad90      0x178 c:/program files (x86)/atollic/truestudio for arm 8.1.0/armtools/bin/../lib/gcc/arm-atollic-eabi/6.3.1/../../../../arm-atollic-eabi/lib/armv7e-m/fpu\libc.a(lib_a-freer.o)
                0x0800ad90                _free_r
 .text.__retarget_lock_acquire_recursive
                0x0800af08        0x2 c:/program files (x86)/atollic/truestudio for arm 8.1.0/armtools/bin/../lib/gcc/arm-atollic-eabi/6.3.1/../../../../arm-atollic-eabi/lib/armv7e-m/fpu\libc.a(lib_a-lock.o)
                0x0800af08                __retarget_lock_acquire_recursive
 .text.__retarget_lock_release_recursive
                0x0800af0a        0x2 c:/program files (x86)/atollic/truestudio for arm 8.1.0/armtools/bin/../lib/gcc/arm-atollic-eabi/6.3.1/../../../../arm-atollic-eabi/lib/armv7e-m/fpu\libc.a(lib_a-lock.o)
                0x0800af0a                __retarget_lock_release_recursive
 .text.__ascii_mbtowc
                0x0800af0c       0x24 c:/program files (x86)/atollic/truestudio for arm 8.1.0/armtools/bin/../lib/gcc/arm-atollic-eabi/6.3.1/../../../../arm-atollic-eabi/lib/armv7e-m/fpu\libc.a(lib_a-mbtowc_r.o)
                0x0800af0c                __ascii_mbtowc
 .text.memmove  0x0800af30       0x34 c:/program files (x86)/atollic/truestudio for arm 8.1.0/armtools/bin/../lib/gcc/arm-atollic-eabi/6.3.1/../../../../arm-atollic-eabi/lib/armv7e-m/fpu\libc.a(lib_a-memmove.o)
                0x0800af30                memmove
 .text.memset   0x0800af64       0x10 c:/program files (x86)/atollic/truestudio for arm 8.1.0/armtools/bin/../lib/gcc/arm-atollic-eabi/6.3.1/../../../../arm-atollic-eabi/lib/armv7e-m/fpu\libc.a(lib_a-memset.o)
                0x0800af64                memset
 .text._realloc_r
                0x0800af74      0x300 c:/program files (x86)/atollic/truestudio for arm 8.1.0/armtools/bin/../lib/gcc/arm-atollic-eabi/6.3.1/../../../../arm-atollic-eabi/lib/armv7e-m/fpu\libc.a(lib_a-reallocr.o)
                0x0800af74                _realloc_r
 .text.__ascii_wctomb
                0x0800b274       0x1a c:/program files (x86)/atollic/truestudio for arm 8.1.0/armtools/bin/../lib/gcc/arm-atollic-eabi/6.3.1/../../../../arm-atollic-eabi/lib/armv7e-m/fpu\libc.a(lib_a-wctomb_r.o)
                0x0800b274                __ascii_wctomb
 *fill*         0x0800b28e        0x2 
 .text._sbrk    0x0800b290       0x1c c:/program files (x86)/atollic/truestudio for arm 8.1.0/armtools/bin/../lib/gcc/arm-atollic-eabi/6.3.1/../../../../arm-atollic-eabi/lib/armv7e-m/fpu\libnosys.a(sbrk.o)
                0x0800b290                _sbrk
 *(.glue_7)
 .glue_7        0x0800b2ac        0x0 linker stubs
 *(.glue_7t)
 .glue_7t       0x0800b2ac        0x0 linker stubs
 *(.eh_frame)
 .eh_frame      0x0800b2ac        0x0 c:/program files (x86)/atollic/truestudio for arm 8.1.0/armtools/bin/../lib/gcc/arm-atollic-eabi/6.3.1/armv7e-m/fpu/crtbegin.o
 *(.init)
 .init          0x0800b2ac        0x4 c:/program files (x86)/atollic/truestudio for arm 8.1.0/armtools/bin/../lib/gcc/arm-atollic-eabi/6.3.1/armv7e-m/fpu/crti.o
                0x0800b2ac                _init
 .init          0x0800b2b0        0x8 c:/program files (x86)/atollic/truestudio for arm 8.1.0/armtools/bin/../lib/gcc/arm-atollic-eabi/6.3.1/armv7e-m/fpu/crtn.o
 *(.fini)
 .fini          0x0800b2b8        0x4 c:/program files (x86)/atollic/truestudio for arm 8.1.0/armtools/bin/../lib/gcc/arm-atollic-eabi/6.3.1/armv7e-m/fpu/crti.o
                0x0800b2b8                _fini
 .fini          0x0800b2bc        0x8 c:/program files (x86)/atollic/truestudio for arm 8.1.0/armtools/bin/../lib/gcc/arm-atollic-eabi/6.3.1/armv7e-m/fpu/crtn.o
                0x0800b2c4                . = ALIGN (0x4)
                0x0800b2c4                _etext = .

.vfp11_veneer   0x0800b2c4        0x0
 .vfp11_veneer  0x0800b2c4        0x0 linker stubs

.v4_bx          0x0800b2c4        0x0
 .v4_bx         0x0800b2c4        0x0 linker stubs

.iplt           0x0800b2c4        0x0
 .iplt          0x0800b2c4        0x0 c:/program files (x86)/atollic/truestudio for arm 8.1.0/armtools/bin/../lib/gcc/arm-atollic-eabi/6.3.1/armv7e-m/fpu/crtbegin.o

.rodata         0x0800b2c8      0x658
                0x0800b2c8                . = ALIGN (0x4)
 *(.rodata)
 .rodata        0x0800b2c8       0xbb Src\Setup.o
 *fill*         0x0800b383        0x1 
 .rodata        0x0800b384        0xf Src\dfsdm.o
 *fill*         0x0800b393        0x1 
 .rodata        0x0800b394      0x20d Src\es_wifi.o
 *fill*         0x0800b5a1        0x3 
 .rodata        0x0800b5a4        0xd Src\i2c.o
 *fill*         0x0800b5b1        0x3 
 .rodata        0x0800b5b4       0x7e Src\main.o
 *fill*         0x0800b632        0x2 
 .rodata        0x0800b634       0x11 Src\quadspi.o
 *fill*         0x0800b645        0x3 
 .rodata        0x0800b648        0xf Src\usart.o
 *fill*         0x0800b657        0x1 
 .rodata        0x0800b658       0x11 Src\usb_otg.o
 *(.rodata*)
 *fill*         0x0800b669        0x3 
 .rodata.AHBPrescTable
                0x0800b66c       0x10 Src\system_stm32l4xx.o
                0x0800b66c                AHBPrescTable
 .rodata.APBPrescTable
                0x0800b67c        0x8 Src\system_stm32l4xx.o
                0x0800b67c                APBPrescTable
 .rodata.MSIRangeTable
                0x0800b684       0x30 Src\system_stm32l4xx.o
                0x0800b684                MSIRangeTable
 .rodata._svfprintf_r.str1.1
                0x0800b6b4       0x34 c:/program files (x86)/atollic/truestudio for arm 8.1.0/armtools/bin/../lib/gcc/arm-atollic-eabi/6.3.1/../../../../arm-atollic-eabi/lib/armv7e-m/fpu\libc.a(lib_a-svfprintf.o)
 .rodata.blanks.8359
                0x0800b6e8       0x10 c:/program files (x86)/atollic/truestudio for arm 8.1.0/armtools/bin/../lib/gcc/arm-atollic-eabi/6.3.1/../../../../arm-atollic-eabi/lib/armv7e-m/fpu\libc.a(lib_a-svfprintf.o)
 .rodata.zeroes.8360
                0x0800b6f8       0x10 c:/program files (x86)/atollic/truestudio for arm 8.1.0/armtools/bin/../lib/gcc/arm-atollic-eabi/6.3.1/../../../../arm-atollic-eabi/lib/armv7e-m/fpu\libc.a(lib_a-svfprintf.o)
 .rodata._dtoa_r.str1.1
                0x0800b708        0xd c:/program files (x86)/atollic/truestudio for arm 8.1.0/armtools/bin/../lib/gcc/arm-atollic-eabi/6.3.1/../../../../arm-atollic-eabi/lib/armv7e-m/fpu\libc.a(lib_a-dtoa.o)
                                  0xf (size before relaxing)
 *fill*         0x0800b715        0x3 
 .rodata.__mprec_bigtens
                0x0800b718       0x28 c:/program files (x86)/atollic/truestudio for arm 8.1.0/armtools/bin/../lib/gcc/arm-atollic-eabi/6.3.1/../../../../arm-atollic-eabi/lib/armv7e-m/fpu\libc.a(lib_a-mprec.o)
                0x0800b718                __mprec_bigtens
 .rodata.__mprec_tens
                0x0800b740       0xc8 c:/program files (x86)/atollic/truestudio for arm 8.1.0/armtools/bin/../lib/gcc/arm-atollic-eabi/6.3.1/../../../../arm-atollic-eabi/lib/armv7e-m/fpu\libc.a(lib_a-mprec.o)
                0x0800b740                __mprec_tens
 .rodata.p05.7196
                0x0800b808        0xc c:/program files (x86)/atollic/truestudio for arm 8.1.0/armtools/bin/../lib/gcc/arm-atollic-eabi/6.3.1/../../../../arm-atollic-eabi/lib/armv7e-m/fpu\libc.a(lib_a-mprec.o)
 .rodata._setlocale_r.str1.1
                0x0800b814        0x8 c:/program files (x86)/atollic/truestudio for arm 8.1.0/armtools/bin/../lib/gcc/arm-atollic-eabi/6.3.1/../../../../arm-atollic-eabi/lib/armv7e-m/fpu\libc.a(lib_a-locale.o)
                                  0x9 (size before relaxing)
 .rodata.str1.1
                0x0800b81c        0x2 c:/program files (x86)/atollic/truestudio for arm 8.1.0/armtools/bin/../lib/gcc/arm-atollic-eabi/6.3.1/../../../../arm-atollic-eabi/lib/armv7e-m/fpu\libc.a(lib_a-locale.o)
 .rodata._ctype_
                0x0800b81e      0x101 c:/program files (x86)/atollic/truestudio for arm 8.1.0/armtools/bin/../lib/gcc/arm-atollic-eabi/6.3.1/../../../../arm-atollic-eabi/lib/armv7e-m/fpu\libc.a(lib_a-ctype_.o)
                0x0800b81e                _ctype_
                0x0800b920                . = ALIGN (0x4)
 *fill*         0x0800b91f        0x1 

.ARM.extab
 *(.ARM.extab* .gnu.linkonce.armextab.*)

.ARM            0x0800b920        0x8
                0x0800b920                __exidx_start = .
 *(.ARM.exidx*)
 .ARM.exidx     0x0800b920        0x8 c:/program files (x86)/atollic/truestudio for arm 8.1.0/armtools/bin/../lib/gcc/arm-atollic-eabi/6.3.1/armv7e-m/fpu\libgcc.a(_udivmoddi4.o)
                0x0800b928                __exidx_end = .

.rel.dyn        0x0800b928        0x0
 .rel.iplt      0x0800b928        0x0 c:/program files (x86)/atollic/truestudio for arm 8.1.0/armtools/bin/../lib/gcc/arm-atollic-eabi/6.3.1/armv7e-m/fpu/crtbegin.o

.preinit_array  0x0800b928        0x0
                0x0800b928                PROVIDE (__preinit_array_start, .)
 *(.preinit_array*)
                0x0800b928                PROVIDE (__preinit_array_end, .)

.init_array     0x0800b928        0x4
                0x0800b928                PROVIDE (__init_array_start, .)
 *(SORT(.init_array.*))
 *(.init_array*)
 .init_array    0x0800b928        0x4 c:/program files (x86)/atollic/truestudio for arm 8.1.0/armtools/bin/../lib/gcc/arm-atollic-eabi/6.3.1/armv7e-m/fpu/crtbegin.o
                0x0800b92c                PROVIDE (__init_array_end, .)

.fini_array     0x0800b92c        0x4
                [!provide]                PROVIDE (__fini_array_start, .)
 *(SORT(.fini_array.*))
 *(.fini_array*)
 .fini_array    0x0800b92c        0x4 c:/program files (x86)/atollic/truestudio for arm 8.1.0/armtools/bin/../lib/gcc/arm-atollic-eabi/6.3.1/armv7e-m/fpu/crtbegin.o
                [!provide]                PROVIDE (__fini_array_end, .)
                0x0800b930                _sidata = LOADADDR (.data)

.data           0x20000000      0x6d0 load address 0x0800b930
                0x20000000                . = ALIGN (0x4)
                0x20000000                _sdata = .
 *(.data)
 *(.data*)
 .data.HTS221_T_Drv
                0x20000000       0x10 Drivers\Components\hts221\hts221.o
                0x20000000                HTS221_T_Drv
 .data.LPS22HB_P_Drv
                0x20000010        0xc Drivers\Components\lps22hb\lps22hb.o
                0x20000010                LPS22HB_P_Drv
 .data.Lsm6dslAccDrv
                0x2000001c       0x34 Drivers\Components\lsm6dsl\lsm6dsl.o
                0x2000001c                Lsm6dslAccDrv
 .data.Timeout  0x20000050        0x4 Src\Setup.o
 .data.server   0x20000054        0x4 Src\main.o
                0x20000054                server
 .data.IP_Addr  0x20000058        0x4 Src\main.o
                0x20000058                IP_Addr
 .data.SystemCoreClock
                0x2000005c        0x4 Src\system_stm32l4xx.o
                0x2000005c                SystemCoreClock
 .data._impure_ptr
                0x20000060        0x4 c:/program files (x86)/atollic/truestudio for arm 8.1.0/armtools/bin/../lib/gcc/arm-atollic-eabi/6.3.1/../../../../arm-atollic-eabi/lib/armv7e-m/fpu\libc.a(lib_a-impure.o)
                0x20000060                _impure_ptr
 .data.impure_data
                0x20000064       0xf0 c:/program files (x86)/atollic/truestudio for arm 8.1.0/armtools/bin/../lib/gcc/arm-atollic-eabi/6.3.1/../../../../arm-atollic-eabi/lib/armv7e-m/fpu\libc.a(lib_a-impure.o)
 .data.__malloc_av_
                0x20000154      0x408 c:/program files (x86)/atollic/truestudio for arm 8.1.0/armtools/bin/../lib/gcc/arm-atollic-eabi/6.3.1/../../../../arm-atollic-eabi/lib/armv7e-m/fpu\libc.a(lib_a-mallocr.o)
                0x20000154                __malloc_av_
 .data.__malloc_sbrk_base
                0x2000055c        0x4 c:/program files (x86)/atollic/truestudio for arm 8.1.0/armtools/bin/../lib/gcc/arm-atollic-eabi/6.3.1/../../../../arm-atollic-eabi/lib/armv7e-m/fpu\libc.a(lib_a-mallocr.o)
                0x2000055c                __malloc_sbrk_base
 .data.__malloc_trim_threshold
                0x20000560        0x4 c:/program files (x86)/atollic/truestudio for arm 8.1.0/armtools/bin/../lib/gcc/arm-atollic-eabi/6.3.1/../../../../arm-atollic-eabi/lib/armv7e-m/fpu\libc.a(lib_a-mallocr.o)
                0x20000560                __malloc_trim_threshold
 .data.__global_locale
                0x20000564      0x16c c:/program files (x86)/atollic/truestudio for arm 8.1.0/armtools/bin/../lib/gcc/arm-atollic-eabi/6.3.1/../../../../arm-atollic-eabi/lib/armv7e-m/fpu\libc.a(lib_a-locale.o)
                0x20000564                __global_locale
                0x200006d0                . = ALIGN (0x4)
                0x200006d0                _edata = .

.igot.plt       0x200006d0        0x0 load address 0x0800c000
 .igot.plt      0x200006d0        0x0 c:/program files (x86)/atollic/truestudio for arm 8.1.0/armtools/bin/../lib/gcc/arm-atollic-eabi/6.3.1/armv7e-m/fpu/crtbegin.o
                0x200006d0                . = ALIGN (0x4)

.bss            0x200006d0     0x1078 load address 0x0800c000
                0x200006d0                _sbss = .
                0x200006d0                __bss_start__ = _sbss
 *(.bss)
 .bss           0x200006d0       0x1c c:/program files (x86)/atollic/truestudio for arm 8.1.0/armtools/bin/../lib/gcc/arm-atollic-eabi/6.3.1/armv7e-m/fpu/crtbegin.o
 *(.bss*)
 .bss.AccelerometerDrv
                0x200006ec        0x4 Drivers\BSP\stm32l475e_iot01_accelero.o
 .bss.v_dfsdm1ChannelCounter
                0x200006f0        0x4 Drivers\STM32L4xx_HAL_Driver\Src\stm32l4xx_hal_dfsdm.o
                0x200006f0                v_dfsdm1ChannelCounter
 .bss.a_dfsdm1ChannelHandle
                0x200006f4       0x20 Drivers\STM32L4xx_HAL_Driver\Src\stm32l4xx_hal_dfsdm.o
                0x200006f4                a_dfsdm1ChannelHandle
 .bss.XferSize  0x20000714        0x2 Src\Setup.o
 *fill*         0x20000716        0x2 
 .bss.WIFI_connection.10321
                0x20000718       0xfa Src\Setup.o
 *fill*         0x20000812        0x2 
 .bss.DFSDM1_Init
                0x20000814        0x4 Src\dfsdm.o
 .bss.pDataXYZ  0x20000818        0x6 Src\main.o
                0x20000818                pDataXYZ
 *fill*         0x2000081e        0x2 
 .bss.qDataXYZ  0x20000820        0x6 Src\main.o
                0x20000820                qDataXYZ
 *fill*         0x20000826        0x2 
 .bss.WIFI_xmit
                0x20000828       0x44 Src\main.o
 .bss.stat      0x2000086c        0x1 Src\main.o
 *fill*         0x2000086d        0x3 
 .bss.press_value
                0x20000870        0x4 Src\main.o
                0x20000870                press_value
 .bss.temp_value
                0x20000874        0x4 Src\main.o
                0x20000874                temp_value
 .bss.Psensor_drv
                0x20000878        0x4 Src\stm32l475e_iot01_psensor.o
 .bss.tsensor_drv
                0x2000087c        0x4 Src\stm32l475e_iot01_tsensor.o
 .bss.__malloc_current_mallinfo
                0x20000880       0x28 c:/program files (x86)/atollic/truestudio for arm 8.1.0/armtools/bin/../lib/gcc/arm-atollic-eabi/6.3.1/../../../../arm-atollic-eabi/lib/armv7e-m/fpu\libc.a(lib_a-mallocr.o)
                0x20000880                __malloc_current_mallinfo
 .bss.__malloc_max_sbrked_mem
                0x200008a8        0x4 c:/program files (x86)/atollic/truestudio for arm 8.1.0/armtools/bin/../lib/gcc/arm-atollic-eabi/6.3.1/../../../../arm-atollic-eabi/lib/armv7e-m/fpu\libc.a(lib_a-mallocr.o)
                0x200008a8                __malloc_max_sbrked_mem
 .bss.__malloc_max_total_mem
                0x200008ac        0x4 c:/program files (x86)/atollic/truestudio for arm 8.1.0/armtools/bin/../lib/gcc/arm-atollic-eabi/6.3.1/../../../../arm-atollic-eabi/lib/armv7e-m/fpu\libc.a(lib_a-mallocr.o)
                0x200008ac                __malloc_max_total_mem
 .bss.__malloc_top_pad
                0x200008b0        0x4 c:/program files (x86)/atollic/truestudio for arm 8.1.0/armtools/bin/../lib/gcc/arm-atollic-eabi/6.3.1/../../../../arm-atollic-eabi/lib/armv7e-m/fpu\libc.a(lib_a-mallocr.o)
                0x200008b0                __malloc_top_pad
 .bss.heap_end.5239
                0x200008b4        0x4 c:/program files (x86)/atollic/truestudio for arm 8.1.0/armtools/bin/../lib/gcc/arm-atollic-eabi/6.3.1/../../../../arm-atollic-eabi/lib/armv7e-m/fpu\libnosys.a(sbrk.o)
 *(COMMON)
 COMMON         0x200008b8       0xc4 Drivers\BSP\stm32l475e_iot01.o
                0x200008b8                hDiscoUart
                0x20000930                hI2cHandler
 COMMON         0x2000097c        0x4 Drivers\STM32L4xx_HAL_Driver\Src\stm32l4xx_hal.o
                0x2000097c                uwTick
 COMMON         0x20000980      0x4a8 Src\Setup.o
                0x20000980                hpcd_USB_OTG_FS
                0x20000d4c                hspi3
                0x20000db0                huart1
 COMMON         0x20000e28       0x38 Src\dfsdm.o
                0x20000e28                hdfsdm1_channel1
 COMMON         0x20000e60       0x64 Src\es_wifi_io.o
                0x20000e60                hspi
 COMMON         0x20000ec4       0x4c Src\i2c.o
                0x20000ec4                hi2c2
 COMMON         0x20000f10        0x3 Src\main.o
                0x20000f10                DeltaY
                0x20000f11                DeltaZ
                0x20000f12                DeltaX
 *fill*         0x20000f13        0x1 
 COMMON         0x20000f14       0x44 Src\quadspi.o
                0x20000f14                hqspi
 COMMON         0x20000f58       0x78 Src\usart.o
                0x20000f58                huart3
 COMMON         0x20000fd0      0x768 Src\wifi.o
                0x20000fd0                EsWifiObj
 COMMON         0x20001738        0x9 c:/program files (x86)/atollic/truestudio for arm 8.1.0/armtools/bin/../lib/gcc/arm-atollic-eabi/6.3.1/../../../../arm-atollic-eabi/lib/armv7e-m/fpu\libc.a(lib_a-lock.o)
                0x20001738                __lock___atexit_recursive_mutex
                0x20001739                __lock___arc4random_mutex
                0x2000173a                __lock___env_recursive_mutex
                0x2000173b                __lock___sinit_recursive_mutex
                0x2000173c                __lock___malloc_recursive_mutex
                0x2000173d                __lock___at_quick_exit_mutex
                0x2000173e                __lock___dd_hash_mutex
                0x2000173f                __lock___tz_mutex
                0x20001740                __lock___sfp_recursive_mutex
 *fill*         0x20001741        0x3 
 COMMON         0x20001744        0x4 c:/program files (x86)/atollic/truestudio for arm 8.1.0/armtools/bin/../lib/gcc/arm-atollic-eabi/6.3.1/../../../../arm-atollic-eabi/lib/armv7e-m/fpu\libc.a(lib_a-reent.o)
                0x20001744                errno
                0x20001748                . = ALIGN (0x4)
                0x20001748                _ebss = .
                0x20001748                __bss_end__ = _ebss

._user_heap_stack
                0x20001748      0x600 load address 0x0800c000
                0x20001748                . = ALIGN (0x4)
                0x20001748                PROVIDE (end, .)
                [!provide]                PROVIDE (_end, .)
                0x20001948                . = (. + _Min_Heap_Size)
 *fill*         0x20001748      0x200 
                0x20001d48                . = (. + _Min_Stack_Size)
 *fill*         0x20001948      0x400 
                0x20001d48                . = ALIGN (0x4)

/DISCARD/
 libc.a(*)
 libm.a(*)
 libgcc.a(*)

.ARM.attributes
                0x00000000       0x30
 *(.ARM.attributes)
 .ARM.attributes
                0x00000000       0x22 c:/program files (x86)/atollic/truestudio for arm 8.1.0/armtools/bin/../lib/gcc/arm-atollic-eabi/6.3.1/armv7e-m/fpu/crti.o
 .ARM.attributes
                0x00000022       0x34 c:/program files (x86)/atollic/truestudio for arm 8.1.0/armtools/bin/../lib/gcc/arm-atollic-eabi/6.3.1/armv7e-m/fpu/crtbegin.o
 .ARM.attributes
                0x00000056       0x39 Drivers\BSP\stm32l475e_iot01.o
 .ARM.attributes
                0x0000008f       0x39 Drivers\BSP\stm32l475e_iot01_accelero.o
 .ARM.attributes
                0x000000c8       0x39 Drivers\Components\hts221\hts221.o
 .ARM.attributes
                0x00000101       0x39 Drivers\Components\lps22hb\lps22hb.o
 .ARM.attributes
                0x0000013a       0x39 Drivers\Components\lsm6dsl\lsm6dsl.o
 .ARM.attributes
                0x00000173       0x39 Drivers\STM32L4xx_HAL_Driver\Src\stm32l4xx_hal.o
 .ARM.attributes
                0x000001ac       0x39 Drivers\STM32L4xx_HAL_Driver\Src\stm32l4xx_hal_cortex.o
 .ARM.attributes
                0x000001e5       0x39 Drivers\STM32L4xx_HAL_Driver\Src\stm32l4xx_hal_dfsdm.o
 .ARM.attributes
                0x0000021e       0x39 Drivers\STM32L4xx_HAL_Driver\Src\stm32l4xx_hal_gpio.o
 .ARM.attributes
                0x00000257       0x39 Drivers\STM32L4xx_HAL_Driver\Src\stm32l4xx_hal_i2c.o
 .ARM.attributes
                0x00000290       0x39 Drivers\STM32L4xx_HAL_Driver\Src\stm32l4xx_hal_i2c_ex.o
 .ARM.attributes
                0x000002c9       0x39 Drivers\STM32L4xx_HAL_Driver\Src\stm32l4xx_hal_pcd.o
 .ARM.attributes
                0x00000302       0x39 Drivers\STM32L4xx_HAL_Driver\Src\stm32l4xx_hal_pcd_ex.o
 .ARM.attributes
                0x0000033b       0x39 Drivers\STM32L4xx_HAL_Driver\Src\stm32l4xx_hal_pwr_ex.o
 .ARM.attributes
                0x00000374       0x39 Drivers\STM32L4xx_HAL_Driver\Src\stm32l4xx_hal_qspi.o
 .ARM.attributes
                0x000003ad       0x39 Drivers\STM32L4xx_HAL_Driver\Src\stm32l4xx_hal_rcc.o
 .ARM.attributes
                0x000003e6       0x39 Drivers\STM32L4xx_HAL_Driver\Src\stm32l4xx_hal_rcc_ex.o
 .ARM.attributes
                0x0000041f       0x39 Drivers\STM32L4xx_HAL_Driver\Src\stm32l4xx_hal_spi.o
 .ARM.attributes
                0x00000458       0x39 Drivers\STM32L4xx_HAL_Driver\Src\stm32l4xx_hal_spi_ex.o
 .ARM.attributes
                0x00000491       0x39 Drivers\STM32L4xx_HAL_Driver\Src\stm32l4xx_hal_uart.o
 .ARM.attributes
                0x000004ca       0x39 Drivers\STM32L4xx_HAL_Driver\Src\stm32l4xx_ll_usb.o
 .ARM.attributes
                0x00000503       0x39 Src\Setup.o
 .ARM.attributes
                0x0000053c       0x39 Src\dfsdm.o
 .ARM.attributes
                0x00000575       0x39 Src\es_wifi.o
 .ARM.attributes
                0x000005ae       0x39 Src\es_wifi_io.o
 .ARM.attributes
                0x000005e7       0x39 Src\gpio.o
 .ARM.attributes
                0x00000620       0x39 Src\i2c.o
 .ARM.attributes
                0x00000659       0x39 Src\main.o
 .ARM.attributes
                0x00000692       0x39 Src\quadspi.o
 .ARM.attributes
                0x000006cb       0x39 Src\spi.o
 .ARM.attributes
                0x00000704       0x39 Src\stm32l475e_iot01_psensor.o
 .ARM.attributes
                0x0000073d       0x39 Src\stm32l475e_iot01_tsensor.o
 .ARM.attributes
                0x00000776       0x39 Src\stm32l4xx_hal_msp.o
 .ARM.attributes
                0x000007af       0x39 Src\stm32l4xx_it.o
 .ARM.attributes
                0x000007e8       0x39 Src\system_stm32l4xx.o
 .ARM.attributes
                0x00000821       0x39 Src\usart.o
 .ARM.attributes
                0x0000085a       0x39 Src\usb_otg.o
 .ARM.attributes
                0x00000893       0x39 Src\wifi.o
 .ARM.attributes
                0x000008cc       0x21 startup\startup_stm32l475xx.o
 .ARM.attributes
                0x000008ed       0x34 c:/program files (x86)/atollic/truestudio for arm 8.1.0/armtools/bin/../lib/gcc/arm-atollic-eabi/6.3.1/../../../../arm-atollic-eabi/lib/armv7e-m/fpu\libc.a(lib_a-init.o)
 .ARM.attributes
                0x00000921       0x34 c:/program files (x86)/atollic/truestudio for arm 8.1.0/armtools/bin/../lib/gcc/arm-atollic-eabi/6.3.1/../../../../arm-atollic-eabi/lib/armv7e-m/fpu\libc.a(lib_a-memcpy-stub.o)
 .ARM.attributes
                0x00000955       0x34 c:/program files (x86)/atollic/truestudio for arm 8.1.0/armtools/bin/../lib/gcc/arm-atollic-eabi/6.3.1/../../../../arm-atollic-eabi/lib/armv7e-m/fpu\libc.a(lib_a-sprintf.o)
 .ARM.attributes
                0x00000989       0x34 c:/program files (x86)/atollic/truestudio for arm 8.1.0/armtools/bin/../lib/gcc/arm-atollic-eabi/6.3.1/../../../../arm-atollic-eabi/lib/armv7e-m/fpu\libc.a(lib_a-strchr.o)
 .ARM.attributes
                0x000009bd       0x1b c:/program files (x86)/atollic/truestudio for arm 8.1.0/armtools/bin/../lib/gcc/arm-atollic-eabi/6.3.1/../../../../arm-atollic-eabi/lib/armv7e-m/fpu\libc.a(lib_a-strlen.o)
 .ARM.attributes
                0x000009d8       0x34 c:/program files (x86)/atollic/truestudio for arm 8.1.0/armtools/bin/../lib/gcc/arm-atollic-eabi/6.3.1/../../../../arm-atollic-eabi/lib/armv7e-m/fpu\libc.a(lib_a-strncpy.o)
 .ARM.attributes
                0x00000a0c       0x34 c:/program files (x86)/atollic/truestudio for arm 8.1.0/armtools/bin/../lib/gcc/arm-atollic-eabi/6.3.1/../../../../arm-atollic-eabi/lib/armv7e-m/fpu\libc.a(lib_a-strstr.o)
 .ARM.attributes
                0x00000a40       0x34 c:/program files (x86)/atollic/truestudio for arm 8.1.0/armtools/bin/../lib/gcc/arm-atollic-eabi/6.3.1/../../../../arm-atollic-eabi/lib/armv7e-m/fpu\libc.a(lib_a-strtok.o)
 .ARM.attributes
                0x00000a74       0x34 c:/program files (x86)/atollic/truestudio for arm 8.1.0/armtools/bin/../lib/gcc/arm-atollic-eabi/6.3.1/../../../../arm-atollic-eabi/lib/armv7e-m/fpu\libc.a(lib_a-strtok_r.o)
 .ARM.attributes
                0x00000aa8       0x34 c:/program files (x86)/atollic/truestudio for arm 8.1.0/armtools/bin/../lib/gcc/arm-atollic-eabi/6.3.1/../../../../arm-atollic-eabi/lib/armv7e-m/fpu\libc.a(lib_a-svfprintf.o)
 .ARM.attributes
                0x00000adc       0x34 c:/program files (x86)/atollic/truestudio for arm 8.1.0/armtools/bin/../lib/gcc/arm-atollic-eabi/6.3.1/../../../../arm-atollic-eabi/lib/armv7e-m/fpu\libc.a(lib_a-dtoa.o)
 .ARM.attributes
                0x00000b10       0x34 c:/program files (x86)/atollic/truestudio for arm 8.1.0/armtools/bin/../lib/gcc/arm-atollic-eabi/6.3.1/../../../../arm-atollic-eabi/lib/armv7e-m/fpu\libc.a(lib_a-impure.o)
 .ARM.attributes
                0x00000b44       0x34 c:/program files (x86)/atollic/truestudio for arm 8.1.0/armtools/bin/../lib/gcc/arm-atollic-eabi/6.3.1/../../../../arm-atollic-eabi/lib/armv7e-m/fpu\libc.a(lib_a-localeconv.o)
 .ARM.attributes
                0x00000b78       0x34 c:/program files (x86)/atollic/truestudio for arm 8.1.0/armtools/bin/../lib/gcc/arm-atollic-eabi/6.3.1/../../../../arm-atollic-eabi/lib/armv7e-m/fpu\libc.a(lib_a-malloc.o)
 .ARM.attributes
                0x00000bac       0x34 c:/program files (x86)/atollic/truestudio for arm 8.1.0/armtools/bin/../lib/gcc/arm-atollic-eabi/6.3.1/../../../../arm-atollic-eabi/lib/armv7e-m/fpu\libc.a(lib_a-mallocr.o)
 .ARM.attributes
                0x00000be0       0x20 c:/program files (x86)/atollic/truestudio for arm 8.1.0/armtools/bin/../lib/gcc/arm-atollic-eabi/6.3.1/../../../../arm-atollic-eabi/lib/armv7e-m/fpu\libc.a(lib_a-memchr.o)
 .ARM.attributes
                0x00000c00       0x34 c:/program files (x86)/atollic/truestudio for arm 8.1.0/armtools/bin/../lib/gcc/arm-atollic-eabi/6.3.1/../../../../arm-atollic-eabi/lib/armv7e-m/fpu\libc.a(lib_a-mlock.o)
 .ARM.attributes
                0x00000c34       0x34 c:/program files (x86)/atollic/truestudio for arm 8.1.0/armtools/bin/../lib/gcc/arm-atollic-eabi/6.3.1/../../../../arm-atollic-eabi/lib/armv7e-m/fpu\libc.a(lib_a-mprec.o)
 .ARM.attributes
                0x00000c68       0x34 c:/program files (x86)/atollic/truestudio for arm 8.1.0/armtools/bin/../lib/gcc/arm-atollic-eabi/6.3.1/../../../../arm-atollic-eabi/lib/armv7e-m/fpu\libc.a(lib_a-sbrkr.o)
 .ARM.attributes
                0x00000c9c       0x34 c:/program files (x86)/atollic/truestudio for arm 8.1.0/armtools/bin/../lib/gcc/arm-atollic-eabi/6.3.1/../../../../arm-atollic-eabi/lib/armv7e-m/fpu\libc.a(lib_a-svfiprintf.o)
 .ARM.attributes
                0x00000cd0       0x34 c:/program files (x86)/atollic/truestudio for arm 8.1.0/armtools/bin/../lib/gcc/arm-atollic-eabi/6.3.1/../../../../arm-atollic-eabi/lib/armv7e-m/fpu\libc.a(lib_a-callocr.o)
 .ARM.attributes
                0x00000d04       0x34 c:/program files (x86)/atollic/truestudio for arm 8.1.0/armtools/bin/../lib/gcc/arm-atollic-eabi/6.3.1/../../../../arm-atollic-eabi/lib/armv7e-m/fpu\libc.a(lib_a-freer.o)
 .ARM.attributes
                0x00000d38       0x34 c:/program files (x86)/atollic/truestudio for arm 8.1.0/armtools/bin/../lib/gcc/arm-atollic-eabi/6.3.1/../../../../arm-atollic-eabi/lib/armv7e-m/fpu\libc.a(lib_a-locale.o)
 .ARM.attributes
                0x00000d6c       0x34 c:/program files (x86)/atollic/truestudio for arm 8.1.0/armtools/bin/../lib/gcc/arm-atollic-eabi/6.3.1/../../../../arm-atollic-eabi/lib/armv7e-m/fpu\libc.a(lib_a-lock.o)
 .ARM.attributes
                0x00000da0       0x34 c:/program files (x86)/atollic/truestudio for arm 8.1.0/armtools/bin/../lib/gcc/arm-atollic-eabi/6.3.1/../../../../arm-atollic-eabi/lib/armv7e-m/fpu\libc.a(lib_a-mbtowc_r.o)
 .ARM.attributes
                0x00000dd4       0x34 c:/program files (x86)/atollic/truestudio for arm 8.1.0/armtools/bin/../lib/gcc/arm-atollic-eabi/6.3.1/../../../../arm-atollic-eabi/lib/armv7e-m/fpu\libc.a(lib_a-memmove.o)
 .ARM.attributes
                0x00000e08       0x34 c:/program files (x86)/atollic/truestudio for arm 8.1.0/armtools/bin/../lib/gcc/arm-atollic-eabi/6.3.1/../../../../arm-atollic-eabi/lib/armv7e-m/fpu\libc.a(lib_a-memset.o)
 .ARM.attributes
                0x00000e3c       0x34 c:/program files (x86)/atollic/truestudio for arm 8.1.0/armtools/bin/../lib/gcc/arm-atollic-eabi/6.3.1/../../../../arm-atollic-eabi/lib/armv7e-m/fpu\libc.a(lib_a-reallocr.o)
 .ARM.attributes
                0x00000e70       0x34 c:/program files (x86)/atollic/truestudio for arm 8.1.0/armtools/bin/../lib/gcc/arm-atollic-eabi/6.3.1/../../../../arm-atollic-eabi/lib/armv7e-m/fpu\libc.a(lib_a-reent.o)
 .ARM.attributes
                0x00000ea4       0x34 c:/program files (x86)/atollic/truestudio for arm 8.1.0/armtools/bin/../lib/gcc/arm-atollic-eabi/6.3.1/../../../../arm-atollic-eabi/lib/armv7e-m/fpu\libc.a(lib_a-wctomb_r.o)
 .ARM.attributes
                0x00000ed8       0x34 c:/program files (x86)/atollic/truestudio for arm 8.1.0/armtools/bin/../lib/gcc/arm-atollic-eabi/6.3.1/../../../../arm-atollic-eabi/lib/armv7e-m/fpu\libc.a(lib_a-ctype_.o)
 .ARM.attributes
                0x00000f0c       0x22 c:/program files (x86)/atollic/truestudio for arm 8.1.0/armtools/bin/../lib/gcc/arm-atollic-eabi/6.3.1/armv7e-m/fpu\libgcc.a(_arm_addsubdf3.o)
 .ARM.attributes
                0x00000f2e       0x22 c:/program files (x86)/atollic/truestudio for arm 8.1.0/armtools/bin/../lib/gcc/arm-atollic-eabi/6.3.1/armv7e-m/fpu\libgcc.a(_arm_muldivdf3.o)
 .ARM.attributes
                0x00000f50       0x22 c:/program files (x86)/atollic/truestudio for arm 8.1.0/armtools/bin/../lib/gcc/arm-atollic-eabi/6.3.1/armv7e-m/fpu\libgcc.a(_arm_cmpdf2.o)
 .ARM.attributes
                0x00000f72       0x22 c:/program files (x86)/atollic/truestudio for arm 8.1.0/armtools/bin/../lib/gcc/arm-atollic-eabi/6.3.1/armv7e-m/fpu\libgcc.a(_arm_unorddf2.o)
 .ARM.attributes
                0x00000f94       0x22 c:/program files (x86)/atollic/truestudio for arm 8.1.0/armtools/bin/../lib/gcc/arm-atollic-eabi/6.3.1/armv7e-m/fpu\libgcc.a(_arm_fixdfsi.o)
 .ARM.attributes
                0x00000fb6       0x22 c:/program files (x86)/atollic/truestudio for arm 8.1.0/armtools/bin/../lib/gcc/arm-atollic-eabi/6.3.1/armv7e-m/fpu\libgcc.a(_aeabi_uldivmod.o)
 .ARM.attributes
                0x00000fd8       0x34 c:/program files (x86)/atollic/truestudio for arm 8.1.0/armtools/bin/../lib/gcc/arm-atollic-eabi/6.3.1/armv7e-m/fpu\libgcc.a(_udivmoddi4.o)
 .ARM.attributes
                0x0000100c       0x22 c:/program files (x86)/atollic/truestudio for arm 8.1.0/armtools/bin/../lib/gcc/arm-atollic-eabi/6.3.1/armv7e-m/fpu\libgcc.a(_dvmd_tls.o)
 .ARM.attributes
                0x0000102e       0x34 c:/program files (x86)/atollic/truestudio for arm 8.1.0/armtools/bin/../lib/gcc/arm-atollic-eabi/6.3.1/../../../../arm-atollic-eabi/lib/armv7e-m/fpu\libnosys.a(sbrk.o)
 .ARM.attributes
                0x00001062       0x22 c:/program files (x86)/atollic/truestudio for arm 8.1.0/armtools/bin/../lib/gcc/arm-atollic-eabi/6.3.1/armv7e-m/fpu/crtn.o
OUTPUT(Accel.elf elf32-littlearm)

.debug_info     0x00000000    0x2f61c
 .debug_info    0x00000000     0x2188 Drivers\BSP\stm32l475e_iot01.o
 .debug_info    0x00002188      0xd06 Drivers\BSP\stm32l475e_iot01_accelero.o
 .debug_info    0x00002e8e      0x465 Drivers\Components\hts221\hts221.o
 .debug_info    0x000032f3      0x40f Drivers\Components\lps22hb\lps22hb.o
 .debug_info    0x00003702      0x544 Drivers\Components\lsm6dsl\lsm6dsl.o
 .debug_info    0x00003c46     0x1264 Drivers\STM32L4xx_HAL_Driver\Src\stm32l4xx_hal.o
 .debug_info    0x00004eaa     0x1622 Drivers\STM32L4xx_HAL_Driver\Src\stm32l4xx_hal_cortex.o
 .debug_info    0x000064cc     0x2250 Drivers\STM32L4xx_HAL_Driver\Src\stm32l4xx_hal_dfsdm.o
 .debug_info    0x0000871c     0x108c Drivers\STM32L4xx_HAL_Driver\Src\stm32l4xx_hal_gpio.o
 .debug_info    0x000097a8     0x2412 Drivers\STM32L4xx_HAL_Driver\Src\stm32l4xx_hal_i2c.o
 .debug_info    0x0000bbba     0x1252 Drivers\STM32L4xx_HAL_Driver\Src\stm32l4xx_hal_i2c_ex.o
 .debug_info    0x0000ce0c     0x1854 Drivers\STM32L4xx_HAL_Driver\Src\stm32l4xx_hal_pcd.o
 .debug_info    0x0000e660     0x121a Drivers\STM32L4xx_HAL_Driver\Src\stm32l4xx_hal_pcd_ex.o
 .debug_info    0x0000f87a     0x128a Drivers\STM32L4xx_HAL_Driver\Src\stm32l4xx_hal_pwr_ex.o
 .debug_info    0x00010b04     0x19cb Drivers\STM32L4xx_HAL_Driver\Src\stm32l4xx_hal_qspi.o
 .debug_info    0x000124cf     0x1395 Drivers\STM32L4xx_HAL_Driver\Src\stm32l4xx_hal_rcc.o
 .debug_info    0x00013864     0x157d Drivers\STM32L4xx_HAL_Driver\Src\stm32l4xx_hal_rcc_ex.o
 .debug_info    0x00014de1     0x1de0 Drivers\STM32L4xx_HAL_Driver\Src\stm32l4xx_hal_spi.o
 .debug_info    0x00016bc1      0xe86 Drivers\STM32L4xx_HAL_Driver\Src\stm32l4xx_hal_spi_ex.o
 .debug_info    0x00017a47     0x1e74 Drivers\STM32L4xx_HAL_Driver\Src\stm32l4xx_hal_uart.o
 .debug_info    0x000198bb     0x1d81 Drivers\STM32L4xx_HAL_Driver\Src\stm32l4xx_ll_usb.o
 .debug_info    0x0001b63c     0x1efb Src\Setup.o
 .debug_info    0x0001d537      0xf6f Src\dfsdm.o
 .debug_info    0x0001e4a6     0x1d5b Src\es_wifi.o
 .debug_info    0x00020201     0x13c4 Src\es_wifi_io.o
 .debug_info    0x000215c5      0xf79 Src\gpio.o
 .debug_info    0x0002253e     0x1229 Src\i2c.o
 .debug_info    0x00023767     0x214f Src\main.o
 .debug_info    0x000258b6     0x119a Src\quadspi.o
 .debug_info    0x00026a50     0x11db Src\spi.o
 .debug_info    0x00027c2b      0xb7f Src\stm32l475e_iot01_psensor.o
 .debug_info    0x000287aa      0xb7f Src\stm32l475e_iot01_tsensor.o
 .debug_info    0x00029329      0xdde Src\stm32l4xx_hal_msp.o
 .debug_info    0x0002a107      0xa3e Src\stm32l4xx_it.o
 .debug_info    0x0002ab45      0xde8 Src\system_stm32l4xx.o
 .debug_info    0x0002b92d     0x1300 Src\usart.o
 .debug_info    0x0002cc2d     0x1259 Src\usb_otg.o
 .debug_info    0x0002de86     0x171c Src\wifi.o
 .debug_info    0x0002f5a2       0x7a startup\startup_stm32l475xx.o

.debug_abbrev   0x00000000     0x54f4
 .debug_abbrev  0x00000000      0x2c1 Drivers\BSP\stm32l475e_iot01.o
 .debug_abbrev  0x000002c1      0x1fa Drivers\BSP\stm32l475e_iot01_accelero.o
 .debug_abbrev  0x000004bb      0x122 Drivers\Components\hts221\hts221.o
 .debug_abbrev  0x000005dd      0x13a Drivers\Components\lps22hb\lps22hb.o
 .debug_abbrev  0x00000717      0x191 Drivers\Components\lsm6dsl\lsm6dsl.o
 .debug_abbrev  0x000008a8      0x27a Drivers\STM32L4xx_HAL_Driver\Src\stm32l4xx_hal.o
 .debug_abbrev  0x00000b22      0x355 Drivers\STM32L4xx_HAL_Driver\Src\stm32l4xx_hal_cortex.o
 .debug_abbrev  0x00000e77      0x2a7 Drivers\STM32L4xx_HAL_Driver\Src\stm32l4xx_hal_dfsdm.o
 .debug_abbrev  0x0000111e      0x24c Drivers\STM32L4xx_HAL_Driver\Src\stm32l4xx_hal_gpio.o
 .debug_abbrev  0x0000136a      0x2a5 Drivers\STM32L4xx_HAL_Driver\Src\stm32l4xx_hal_i2c.o
 .debug_abbrev  0x0000160f      0x21a Drivers\STM32L4xx_HAL_Driver\Src\stm32l4xx_hal_i2c_ex.o
 .debug_abbrev  0x00001829      0x2c4 Drivers\STM32L4xx_HAL_Driver\Src\stm32l4xx_hal_pcd.o
 .debug_abbrev  0x00001aed      0x27f Drivers\STM32L4xx_HAL_Driver\Src\stm32l4xx_hal_pcd_ex.o
 .debug_abbrev  0x00001d6c      0x284 Drivers\STM32L4xx_HAL_Driver\Src\stm32l4xx_hal_pwr_ex.o
 .debug_abbrev  0x00001ff0      0x2b8 Drivers\STM32L4xx_HAL_Driver\Src\stm32l4xx_hal_qspi.o
 .debug_abbrev  0x000022a8      0x2c8 Drivers\STM32L4xx_HAL_Driver\Src\stm32l4xx_hal_rcc.o
 .debug_abbrev  0x00002570      0x2a1 Drivers\STM32L4xx_HAL_Driver\Src\stm32l4xx_hal_rcc_ex.o
 .debug_abbrev  0x00002811      0x294 Drivers\STM32L4xx_HAL_Driver\Src\stm32l4xx_hal_spi.o
 .debug_abbrev  0x00002aa5      0x1bf Drivers\STM32L4xx_HAL_Driver\Src\stm32l4xx_hal_spi_ex.o
 .debug_abbrev  0x00002c64      0x280 Drivers\STM32L4xx_HAL_Driver\Src\stm32l4xx_hal_uart.o
 .debug_abbrev  0x00002ee4      0x2c8 Drivers\STM32L4xx_HAL_Driver\Src\stm32l4xx_ll_usb.o
 .debug_abbrev  0x000031ac      0x25d Src\Setup.o
 .debug_abbrev  0x00003409      0x1eb Src\dfsdm.o
 .debug_abbrev  0x000035f4      0x2dd Src\es_wifi.o
 .debug_abbrev  0x000038d1      0x299 Src\es_wifi_io.o
 .debug_abbrev  0x00003b6a      0x1c9 Src\gpio.o
 .debug_abbrev  0x00003d33      0x1eb Src\i2c.o
 .debug_abbrev  0x00003f1e      0x230 Src\main.o
 .debug_abbrev  0x0000414e      0x1eb Src\quadspi.o
 .debug_abbrev  0x00004339      0x1eb Src\spi.o
 .debug_abbrev  0x00004524      0x1ca Src\stm32l475e_iot01_psensor.o
 .debug_abbrev  0x000046ee      0x1d9 Src\stm32l475e_iot01_tsensor.o
 .debug_abbrev  0x000048c7      0x1c9 Src\stm32l4xx_hal_msp.o
 .debug_abbrev  0x00004a90      0x190 Src\stm32l4xx_it.o
 .debug_abbrev  0x00004c20      0x1eb Src\system_stm32l4xx.o
 .debug_abbrev  0x00004e0b      0x1f6 Src\usart.o
 .debug_abbrev  0x00005001      0x228 Src\usb_otg.o
 .debug_abbrev  0x00005229      0x2b9 Src\wifi.o
 .debug_abbrev  0x000054e2       0x12 startup\startup_stm32l475xx.o

.debug_aranges  0x00000000     0x1a48
 .debug_aranges
                0x00000000      0x130 Drivers\BSP\stm32l475e_iot01.o
 .debug_aranges
                0x00000130       0x38 Drivers\BSP\stm32l475e_iot01_accelero.o
 .debug_aranges
                0x00000168       0x40 Drivers\Components\hts221\hts221.o
 .debug_aranges
                0x000001a8       0x48 Drivers\Components\lps22hb\lps22hb.o
 .debug_aranges
                0x000001f0       0x68 Drivers\Components\lsm6dsl\lsm6dsl.o
 .debug_aranges
                0x00000258      0x118 Drivers\STM32L4xx_HAL_Driver\Src\stm32l4xx_hal.o
 .debug_aranges
                0x00000370      0x118 Drivers\STM32L4xx_HAL_Driver\Src\stm32l4xx_hal_cortex.o
 .debug_aranges
                0x00000488      0x248 Drivers\STM32L4xx_HAL_Driver\Src\stm32l4xx_hal_dfsdm.o
 .debug_aranges
                0x000006d0       0x58 Drivers\STM32L4xx_HAL_Driver\Src\stm32l4xx_hal_gpio.o
 .debug_aranges
                0x00000728      0x260 Drivers\STM32L4xx_HAL_Driver\Src\stm32l4xx_hal_i2c.o
 .debug_aranges
                0x00000988       0x48 Drivers\STM32L4xx_HAL_Driver\Src\stm32l4xx_hal_i2c_ex.o
 .debug_aranges
                0x000009d0      0x120 Drivers\STM32L4xx_HAL_Driver\Src\stm32l4xx_hal_pcd.o
 .debug_aranges
                0x00000af0       0x60 Drivers\STM32L4xx_HAL_Driver\Src\stm32l4xx_hal_pcd_ex.o
 .debug_aranges
                0x00000b50      0x148 Drivers\STM32L4xx_HAL_Driver\Src\stm32l4xx_hal_pwr_ex.o
 .debug_aranges
                0x00000c98      0x160 Drivers\STM32L4xx_HAL_Driver\Src\stm32l4xx_hal_qspi.o
 .debug_aranges
                0x00000df8       0x88 Drivers\STM32L4xx_HAL_Driver\Src\stm32l4xx_hal_rcc.o
 .debug_aranges
                0x00000e80       0xb8 Drivers\STM32L4xx_HAL_Driver\Src\stm32l4xx_hal_rcc_ex.o
 .debug_aranges
                0x00000f38      0x1d8 Drivers\STM32L4xx_HAL_Driver\Src\stm32l4xx_hal_spi.o
 .debug_aranges
                0x00001110       0x20 Drivers\STM32L4xx_HAL_Driver\Src\stm32l4xx_hal_spi_ex.o
 .debug_aranges
                0x00001130      0x1f8 Drivers\STM32L4xx_HAL_Driver\Src\stm32l4xx_hal_uart.o
 .debug_aranges
                0x00001328      0x190 Drivers\STM32L4xx_HAL_Driver\Src\stm32l4xx_ll_usb.o
 .debug_aranges
                0x000014b8       0x40 Src\Setup.o
 .debug_aranges
                0x000014f8       0x30 Src\dfsdm.o
 .debug_aranges
                0x00001528      0x198 Src\es_wifi.o
 .debug_aranges
                0x000016c0       0x48 Src\es_wifi_io.o
 .debug_aranges
                0x00001708       0x20 Src\gpio.o
 .debug_aranges
                0x00001728       0x30 Src\i2c.o
 .debug_aranges
                0x00001758       0x20 Src\main.o
 .debug_aranges
                0x00001778       0x30 Src\quadspi.o
 .debug_aranges
                0x000017a8       0x30 Src\spi.o
 .debug_aranges
                0x000017d8       0x30 Src\stm32l475e_iot01_psensor.o
 .debug_aranges
                0x00001808       0x28 Src\stm32l475e_iot01_tsensor.o
 .debug_aranges
                0x00001830       0x20 Src\stm32l4xx_hal_msp.o
 .debug_aranges
                0x00001850       0x70 Src\stm32l4xx_it.o
 .debug_aranges
                0x000018c0       0x28 Src\system_stm32l4xx.o
 .debug_aranges
                0x000018e8       0x38 Src\usart.o
 .debug_aranges
                0x00001920       0x30 Src\usb_otg.o
 .debug_aranges
                0x00001950       0xd0 Src\wifi.o
 .debug_aranges
                0x00001a20       0x28 startup\startup_stm32l475xx.o

.debug_ranges   0x00000000     0x17e0
 .debug_ranges  0x00000000      0x120 Drivers\BSP\stm32l475e_iot01.o
 .debug_ranges  0x00000120       0x28 Drivers\BSP\stm32l475e_iot01_accelero.o
 .debug_ranges  0x00000148       0x30 Drivers\Components\hts221\hts221.o
 .debug_ranges  0x00000178       0x38 Drivers\Components\lps22hb\lps22hb.o
 .debug_ranges  0x000001b0       0x58 Drivers\Components\lsm6dsl\lsm6dsl.o
 .debug_ranges  0x00000208      0x108 Drivers\STM32L4xx_HAL_Driver\Src\stm32l4xx_hal.o
 .debug_ranges  0x00000310      0x108 Drivers\STM32L4xx_HAL_Driver\Src\stm32l4xx_hal_cortex.o
 .debug_ranges  0x00000418      0x238 Drivers\STM32L4xx_HAL_Driver\Src\stm32l4xx_hal_dfsdm.o
 .debug_ranges  0x00000650       0x48 Drivers\STM32L4xx_HAL_Driver\Src\stm32l4xx_hal_gpio.o
 .debug_ranges  0x00000698      0x250 Drivers\STM32L4xx_HAL_Driver\Src\stm32l4xx_hal_i2c.o
 .debug_ranges  0x000008e8       0x38 Drivers\STM32L4xx_HAL_Driver\Src\stm32l4xx_hal_i2c_ex.o
 .debug_ranges  0x00000920      0x110 Drivers\STM32L4xx_HAL_Driver\Src\stm32l4xx_hal_pcd.o
 .debug_ranges  0x00000a30       0x50 Drivers\STM32L4xx_HAL_Driver\Src\stm32l4xx_hal_pcd_ex.o
 .debug_ranges  0x00000a80      0x138 Drivers\STM32L4xx_HAL_Driver\Src\stm32l4xx_hal_pwr_ex.o
 .debug_ranges  0x00000bb8      0x150 Drivers\STM32L4xx_HAL_Driver\Src\stm32l4xx_hal_qspi.o
 .debug_ranges  0x00000d08       0x78 Drivers\STM32L4xx_HAL_Driver\Src\stm32l4xx_hal_rcc.o
 .debug_ranges  0x00000d80       0xa8 Drivers\STM32L4xx_HAL_Driver\Src\stm32l4xx_hal_rcc_ex.o
 .debug_ranges  0x00000e28      0x1c8 Drivers\STM32L4xx_HAL_Driver\Src\stm32l4xx_hal_spi.o
 .debug_ranges  0x00000ff0       0x10 Drivers\STM32L4xx_HAL_Driver\Src\stm32l4xx_hal_spi_ex.o
 .debug_ranges  0x00001000      0x1e8 Drivers\STM32L4xx_HAL_Driver\Src\stm32l4xx_hal_uart.o
 .debug_ranges  0x000011e8      0x180 Drivers\STM32L4xx_HAL_Driver\Src\stm32l4xx_ll_usb.o
 .debug_ranges  0x00001368       0x30 Src\Setup.o
 .debug_ranges  0x00001398       0x20 Src\dfsdm.o
 .debug_ranges  0x000013b8      0x188 Src\es_wifi.o
 .debug_ranges  0x00001540       0x38 Src\es_wifi_io.o
 .debug_ranges  0x00001578       0x10 Src\gpio.o
 .debug_ranges  0x00001588       0x20 Src\i2c.o
 .debug_ranges  0x000015a8       0x10 Src\main.o
 .debug_ranges  0x000015b8       0x20 Src\quadspi.o
 .debug_ranges  0x000015d8       0x20 Src\spi.o
 .debug_ranges  0x000015f8       0x20 Src\stm32l475e_iot01_psensor.o
 .debug_ranges  0x00001618       0x18 Src\stm32l475e_iot01_tsensor.o
 .debug_ranges  0x00001630       0x10 Src\stm32l4xx_hal_msp.o
 .debug_ranges  0x00001640       0x60 Src\stm32l4xx_it.o
 .debug_ranges  0x000016a0       0x18 Src\system_stm32l4xx.o
 .debug_ranges  0x000016b8       0x28 Src\usart.o
 .debug_ranges  0x000016e0       0x20 Src\usb_otg.o
 .debug_ranges  0x00001700       0xc0 Src\wifi.o
 .debug_ranges  0x000017c0       0x20 startup\startup_stm32l475xx.o

.debug_line     0x00000000     0xd058
 .debug_line    0x00000000      0x602 Drivers\BSP\stm32l475e_iot01.o
 .debug_line    0x00000602      0x31f Drivers\BSP\stm32l475e_iot01_accelero.o
 .debug_line    0x00000921      0x20e Drivers\Components\hts221\hts221.o
 .debug_line    0x00000b2f      0x22d Drivers\Components\lps22hb\lps22hb.o
 .debug_line    0x00000d5c      0x2ba Drivers\Components\lsm6dsl\lsm6dsl.o
 .debug_line    0x00001016      0x4f3 Drivers\STM32L4xx_HAL_Driver\Src\stm32l4xx_hal.o
 .debug_line    0x00001509      0x5bb Drivers\STM32L4xx_HAL_Driver\Src\stm32l4xx_hal_cortex.o
 .debug_line    0x00001ac4      0xd2b Drivers\STM32L4xx_HAL_Driver\Src\stm32l4xx_hal_dfsdm.o
 .debug_line    0x000027ef      0x46d Drivers\STM32L4xx_HAL_Driver\Src\stm32l4xx_hal_gpio.o
 .debug_line    0x00002c5c     0x136a Drivers\STM32L4xx_HAL_Driver\Src\stm32l4xx_hal_i2c.o
 .debug_line    0x00003fc6      0x3fc Drivers\STM32L4xx_HAL_Driver\Src\stm32l4xx_hal_i2c_ex.o
 .debug_line    0x000043c2      0x82b Drivers\STM32L4xx_HAL_Driver\Src\stm32l4xx_hal_pcd.o
 .debug_line    0x00004bed      0x3c3 Drivers\STM32L4xx_HAL_Driver\Src\stm32l4xx_hal_pcd_ex.o
 .debug_line    0x00004fb0      0x686 Drivers\STM32L4xx_HAL_Driver\Src\stm32l4xx_hal_pwr_ex.o
 .debug_line    0x00005636      0x933 Drivers\STM32L4xx_HAL_Driver\Src\stm32l4xx_hal_qspi.o
 .debug_line    0x00005f69      0x5b1 Drivers\STM32L4xx_HAL_Driver\Src\stm32l4xx_hal_rcc.o
 .debug_line    0x0000651a      0x8c1 Drivers\STM32L4xx_HAL_Driver\Src\stm32l4xx_hal_rcc_ex.o
 .debug_line    0x00006ddb      0xd0b Drivers\STM32L4xx_HAL_Driver\Src\stm32l4xx_hal_spi.o
 .debug_line    0x00007ae6      0x2d3 Drivers\STM32L4xx_HAL_Driver\Src\stm32l4xx_hal_spi_ex.o
 .debug_line    0x00007db9      0xdf6 Drivers\STM32L4xx_HAL_Driver\Src\stm32l4xx_hal_uart.o
 .debug_line    0x00008baf      0x8f1 Drivers\STM32L4xx_HAL_Driver\Src\stm32l4xx_ll_usb.o