Archive member included to satisfy reference by file (symbol)

c:/program files (x86)/atollic/truestudio for arm 8.1.0/armtools/bin/../lib/gcc/arm-atollic-eabi/6.3.1/../../../../arm-atollic-eabi/lib/armv7e-m/fpu\libc_nano.a(lib_a-init.o)
                              startup\startup_stm32l475xx.o (__libc_init_array)
c:/program files (x86)/atollic/truestudio for arm 8.1.0/armtools/bin/../lib/gcc/arm-atollic-eabi/6.3.1/../../../../arm-atollic-eabi/lib/armv7e-m/fpu\libc_nano.a(lib_a-memcpy-stub.o)
                              Src\es_wifi.o (memcpy)
c:/program files (x86)/atollic/truestudio for arm 8.1.0/armtools/bin/../lib/gcc/arm-atollic-eabi/6.3.1/../../../../arm-atollic-eabi/lib/armv7e-m/fpu\libc_nano.a(lib_a-sprintf.o)
                              Src\Setup.o (sprintf)
c:/program files (x86)/atollic/truestudio for arm 8.1.0/armtools/bin/../lib/gcc/arm-atollic-eabi/6.3.1/../../../../arm-atollic-eabi/lib/armv7e-m/fpu\libc_nano.a(lib_a-strchr.o)
                              Src\Setup.o (strchr)
c:/program files (x86)/atollic/truestudio for arm 8.1.0/armtools/bin/../lib/gcc/arm-atollic-eabi/6.3.1/../../../../arm-atollic-eabi/lib/armv7e-m/fpu\libc_nano.a(lib_a-strcpy.o)
                              Src\es_wifi.o (strcpy)
c:/program files (x86)/atollic/truestudio for arm 8.1.0/armtools/bin/../lib/gcc/arm-atollic-eabi/6.3.1/../../../../arm-atollic-eabi/lib/armv7e-m/fpu\libc_nano.a(lib_a-strlen.o)
                              Src\Setup.o (strlen)
c:/program files (x86)/atollic/truestudio for arm 8.1.0/armtools/bin/../lib/gcc/arm-atollic-eabi/6.3.1/../../../../arm-atollic-eabi/lib/armv7e-m/fpu\libc_nano.a(lib_a-strncpy.o)
                              Src\es_wifi.o (strncpy)
c:/program files (x86)/atollic/truestudio for arm 8.1.0/armtools/bin/../lib/gcc/arm-atollic-eabi/6.3.1/../../../../arm-atollic-eabi/lib/armv7e-m/fpu\libc_nano.a(lib_a-strstr.o)
                              Src\es_wifi.o (strstr)
c:/program files (x86)/atollic/truestudio for arm 8.1.0/armtools/bin/../lib/gcc/arm-atollic-eabi/6.3.1/../../../../arm-atollic-eabi/lib/armv7e-m/fpu\libc_nano.a(lib_a-strtok.o)
                              Src\es_wifi.o (strtok)
c:/program files (x86)/atollic/truestudio for arm 8.1.0/armtools/bin/../lib/gcc/arm-atollic-eabi/6.3.1/../../../../arm-atollic-eabi/lib/armv7e-m/fpu\libc_nano.a(lib_a-strtok_r.o)
                              c:/program files (x86)/atollic/truestudio for arm 8.1.0/armtools/bin/../lib/gcc/arm-atollic-eabi/6.3.1/../../../../arm-atollic-eabi/lib/armv7e-m/fpu\libc_nano.a(lib_a-strtok.o) (__strtok_r)
c:/program files (x86)/atollic/truestudio for arm 8.1.0/armtools/bin/../lib/gcc/arm-atollic-eabi/6.3.1/../../../../arm-atollic-eabi/lib/armv7e-m/fpu\libc_nano.a(lib_a-impure.o)
                              c:/program files (x86)/atollic/truestudio for arm 8.1.0/armtools/bin/../lib/gcc/arm-atollic-eabi/6.3.1/../../../../arm-atollic-eabi/lib/armv7e-m/fpu\libc_nano.a(lib_a-sprintf.o) (_impure_ptr)
c:/program files (x86)/atollic/truestudio for arm 8.1.0/armtools/bin/../lib/gcc/arm-atollic-eabi/6.3.1/../../../../arm-atollic-eabi/lib/armv7e-m/fpu\libc_nano.a(lib_a-malloc.o)
                              c:/program files (x86)/atollic/truestudio for arm 8.1.0/armtools/bin/../lib/gcc/arm-atollic-eabi/6.3.1/../../../../arm-atollic-eabi/lib/armv7e-m/fpu\libc_nano.a(lib_a-strtok.o) (malloc)
c:/program files (x86)/atollic/truestudio for arm 8.1.0/armtools/bin/../lib/gcc/arm-atollic-eabi/6.3.1/../../../../arm-atollic-eabi/lib/armv7e-m/fpu\libc_nano.a(lib_a-nano-freer.o)
                              c:/program files (x86)/atollic/truestudio for arm 8.1.0/armtools/bin/../lib/gcc/arm-atollic-eabi/6.3.1/../../../../arm-atollic-eabi/lib/armv7e-m/fpu\libc_nano.a(lib_a-malloc.o) (_free_r)
c:/program files (x86)/atollic/truestudio for arm 8.1.0/armtools/bin/../lib/gcc/arm-atollic-eabi/6.3.1/../../../../arm-atollic-eabi/lib/armv7e-m/fpu\libc_nano.a(lib_a-nano-mallocr.o)
                              c:/program files (x86)/atollic/truestudio for arm 8.1.0/armtools/bin/../lib/gcc/arm-atollic-eabi/6.3.1/../../../../arm-atollic-eabi/lib/armv7e-m/fpu\libc_nano.a(lib_a-malloc.o) (_malloc_r)
c:/program files (x86)/atollic/truestudio for arm 8.1.0/armtools/bin/../lib/gcc/arm-atollic-eabi/6.3.1/../../../../arm-atollic-eabi/lib/armv7e-m/fpu\libc_nano.a(lib_a-nano-svfprintf.o)
                              c:/program files (x86)/atollic/truestudio for arm 8.1.0/armtools/bin/../lib/gcc/arm-atollic-eabi/6.3.1/../../../../arm-atollic-eabi/lib/armv7e-m/fpu\libc_nano.a(lib_a-sprintf.o) (_svfprintf_r)
c:/program files (x86)/atollic/truestudio for arm 8.1.0/armtools/bin/../lib/gcc/arm-atollic-eabi/6.3.1/../../../../arm-atollic-eabi/lib/armv7e-m/fpu\libc_nano.a(lib_a-nano-vfprintf_i.o)
                              c:/program files (x86)/atollic/truestudio for arm 8.1.0/armtools/bin/../lib/gcc/arm-atollic-eabi/6.3.1/../../../../arm-atollic-eabi/lib/armv7e-m/fpu\libc_nano.a(lib_a-nano-svfprintf.o) (_printf_i)
[...]
Memory Configuration

Name             Origin             Length             Attributes
RAM              0x20000000         0x00018000         xrw
RAM2             0x10000000         0x00008000         xrw
FLASH            0x08000000         0x00100000         xr
*default*        0x00000000         0xffffffff

Linker script and memory map

LOAD c:/program files (x86)/atollic/truestudio for arm 8.1.0/armtools/bin/../lib/gcc/arm-atollic-eabi/6.3.1/armv7e-m/fpu/crti.o
LOAD c:/program files (x86)/atollic/truestudio for arm 8.1.0/armtools/bin/../lib/gcc/arm-atollic-eabi/6.3.1/armv7e-m/fpu/crtbegin.o
LOAD Drivers\BSP\stm32l475e_iot01.o
LOAD Drivers\BSP\stm32l475e_iot01_accelero.o
LOAD Drivers\BSP\stm32l475e_iot01_qspi.o
LOAD Drivers\Components\hts221\hts221.o
LOAD Drivers\Components\lps22hb\lps22hb.o
LOAD Drivers\Components\lsm6dsl\lsm6dsl.o
LOAD Drivers\STM32L4xx_HAL_Driver\Src\stm32l4xx_hal.o
LOAD Drivers\STM32L4xx_HAL_Driver\Src\stm32l4xx_hal_cortex.o
LOAD Drivers\STM32L4xx_HAL_Driver\Src\stm32l4xx_hal_dfsdm.o
LOAD Drivers\STM32L4xx_HAL_Driver\Src\stm32l4xx_hal_dma.o
LOAD Drivers\STM32L4xx_HAL_Driver\Src\stm32l4xx_hal_dma_ex.o
LOAD Drivers\STM32L4xx_HAL_Driver\Src\stm32l4xx_hal_flash.o
LOAD Drivers\STM32L4xx_HAL_Driver\Src\stm32l4xx_hal_flash_ex.o
LOAD Drivers\STM32L4xx_HAL_Driver\Src\stm32l4xx_hal_flash_ramfunc.o
LOAD Drivers\STM32L4xx_HAL_Driver\Src\stm32l4xx_hal_gpio.o
LOAD Drivers\STM32L4xx_HAL_Driver\Src\stm32l4xx_hal_i2c.o
LOAD Drivers\STM32L4xx_HAL_Driver\Src\stm32l4xx_hal_i2c_ex.o
LOAD Drivers\STM32L4xx_HAL_Driver\Src\stm32l4xx_hal_pcd.o
LOAD Drivers\STM32L4xx_HAL_Driver\Src\stm32l4xx_hal_pcd_ex.o
LOAD Drivers\STM32L4xx_HAL_Driver\Src\stm32l4xx_hal_pwr.o
LOAD Drivers\STM32L4xx_HAL_Driver\Src\stm32l4xx_hal_pwr_ex.o
LOAD Drivers\STM32L4xx_HAL_Driver\Src\stm32l4xx_hal_qspi.o
LOAD Drivers\STM32L4xx_HAL_Driver\Src\stm32l4xx_hal_rcc.o
LOAD Drivers\STM32L4xx_HAL_Driver\Src\stm32l4xx_hal_rcc_ex.o
LOAD Drivers\STM32L4xx_HAL_Driver\Src\stm32l4xx_hal_spi.o
LOAD Drivers\STM32L4xx_HAL_Driver\Src\stm32l4xx_hal_spi_ex.o
LOAD Drivers\STM32L4xx_HAL_Driver\Src\stm32l4xx_hal_tim.o
LOAD Drivers\STM32L4xx_HAL_Driver\Src\stm32l4xx_hal_tim_ex.o
LOAD Drivers\STM32L4xx_HAL_Driver\Src\stm32l4xx_hal_uart.o
LOAD Drivers\STM32L4xx_HAL_Driver\Src\stm32l4xx_hal_uart_ex.o
LOAD Drivers\STM32L4xx_HAL_Driver\Src\stm32l4xx_ll_usb.o
LOAD Src\Setup.o
LOAD Src\dfsdm.o
LOAD Src\es_wifi.o
LOAD Src\es_wifi_io.o
LOAD Src\gpio.o
LOAD Src\i2c.o
LOAD Src\main.o
LOAD Src\quadspi.o
LOAD Src\spi.o
LOAD Src\stm32l475e_iot01_psensor.o
LOAD Src\stm32l475e_iot01_tsensor.o
LOAD Src\stm32l4xx_hal_msp.o
LOAD Src\stm32l4xx_it.o
LOAD Src\system_stm32l4xx.o
LOAD Src\usart.o
LOAD Src\usb_otg.o
LOAD Src\wifi.o
LOAD startup\startup_stm32l475xx.o
                0x00000080                malloc_getpagesize_P = 0x80
START GROUP
LOAD c:/program files (x86)/atollic/truestudio for arm 8.1.0/armtools/bin/../lib/gcc/arm-atollic-eabi/6.3.1/../../../../arm-atollic-eabi/lib/armv7e-m/fpu\libc_nano.a
LOAD c:/program files (x86)/atollic/truestudio for arm 8.1.0/armtools/bin/../lib/gcc/arm-atollic-eabi/6.3.1/../../../../arm-atollic-eabi/lib/armv7e-m/fpu\libm.a
END GROUP
START GROUP
LOAD c:/program files (x86)/atollic/truestudio for arm 8.1.0/armtools/bin/../lib/gcc/arm-atollic-eabi/6.3.1/armv7e-m/fpu\libgcc.a
LOAD c:/program files (x86)/atollic/truestudio for arm 8.1.0/armtools/bin/../lib/gcc/arm-atollic-eabi/6.3.1/../../../../arm-atollic-eabi/lib/armv7e-m/fpu\libc_nano.a
END GROUP
START GROUP
LOAD c:/program files (x86)/atollic/truestudio for arm 8.1.0/armtools/bin/../lib/gcc/arm-atollic-eabi/6.3.1/armv7e-m/fpu\libgcc.a
LOAD c:/program files (x86)/atollic/truestudio for arm 8.1.0/armtools/bin/../lib/gcc/arm-atollic-eabi/6.3.1/../../../../arm-atollic-eabi/lib/armv7e-m/fpu\libc_nano.a
LOAD c:/program files (x86)/atollic/truestudio for arm 8.1.0/armtools/bin/../lib/gcc/arm-atollic-eabi/6.3.1/../../../../arm-atollic-eabi/lib/armv7e-m/fpu\libnosys.a
END GROUP
START GROUP
LOAD c:/program files (x86)/atollic/truestudio for arm 8.1.0/armtools/bin/../lib/gcc/arm-atollic-eabi/6.3.1/armv7e-m/fpu\libgcc.a
LOAD c:/program files (x86)/atollic/truestudio for arm 8.1.0/armtools/bin/../lib/gcc/arm-atollic-eabi/6.3.1/../../../../arm-atollic-eabi/lib/armv7e-m/fpu\libc_nano.a
LOAD c:/program files (x86)/atollic/truestudio for arm 8.1.0/armtools/bin/../lib/gcc/arm-atollic-eabi/6.3.1/../../../../arm-atollic-eabi/lib/armv7e-m/fpu\libnosys.a
END GROUP
LOAD c:/program files (x86)/atollic/truestudio for arm 8.1.0/armtools/bin/../lib/gcc/arm-atollic-eabi/6.3.1/armv7e-m/fpu/crtend.o
LOAD c:/program files (x86)/atollic/truestudio for arm 8.1.0/armtools/bin/../lib/gcc/arm-atollic-eabi/6.3.1/armv7e-m/fpu/crtn.o
                0x20018000                _estack = 0x20018000
                0x00000200                _Min_Heap_Size = 0x200
                0x00000400                _Min_Stack_Size = 0x400

.isr_vector     0x08000000      0x188
                0x08000000                . = ALIGN (0x4)
 *(.isr_vector)
 .isr_vector    0x08000000      0x188 startup\startup_stm32l475xx.o
                0x08000000                g_pfnVectors
                0x08000188                . = ALIGN (0x4)

.text           0x08000190     0x56ec
                0x08000190                . = ALIGN (0x4)
 *(.text)
 .text          0x08000190       0x40 c:/program files (x86)/atollic/truestudio for arm 8.1.0/armtools/bin/../lib/gcc/arm-atollic-eabi/6.3.1/armv7e-m/fpu/crtbegin.o
 .text          0x080001d0       0x10 c:/program files (x86)/atollic/truestudio for arm 8.1.0/armtools/bin/../lib/gcc/arm-atollic-eabi/6.3.1/../../../../arm-atollic-eabi/lib/armv7e-m/fpu\libc_nano.a(lib_a-strlen.o)
                0x080001d0                strlen
 .text          0x080001e0       0xa0 c:/program files (x86)/atollic/truestudio for arm 8.1.0/armtools/bin/../lib/gcc/arm-atollic-eabi/6.3.1/../../../../arm-atollic-eabi/lib/armv7e-m/fpu\libc_nano.a(lib_a-memchr.o)
                0x080001e0                memchr
 .text          0x08000280      0x370 c:/program files (x86)/atollic/truestudio for arm 8.1.0/armtools/bin/../lib/gcc/arm-atollic-eabi/6.3.1/armv7e-m/fpu\libgcc.a(_arm_addsubdf3.o)
                0x08000280                __aeabi_drsub
                0x08000288                __aeabi_dsub
                0x08000288                __subdf3
                0x0800028c                __aeabi_dadd
                0x0800028c                __adddf3
                0x08000504                __floatunsidf
                0x08000504                __aeabi_ui2d
                0x08000524                __floatsidf
                0x08000524                __aeabi_i2d
                0x08000548                __aeabi_f2d
                0x08000548                __extendsfdf2
                0x08000584                __floatundidf
                0x08000584                __aeabi_ul2d
                0x08000594                __floatdidf
                0x08000594                __aeabi_l2d
 .text          0x080005f0       0x30 c:/program files (x86)/atollic/truestudio for arm 8.1.0/armtools/bin/../lib/gcc/arm-atollic-eabi/6.3.1/armv7e-m/fpu\libgcc.a(_aeabi_uldivmod.o)
                0x080005f0                __aeabi_uldivmod
 .text          0x08000620      0x2dc c:/program files (x86)/atollic/truestudio for arm 8.1.0/armtools/bin/../lib/gcc/arm-atollic-eabi/6.3.1/armv7e-m/fpu\libgcc.a(_udivmoddi4.o)
                0x08000620                __udivmoddi4
 .text          0x080008fc        0x4 c:/program files (x86)/atollic/truestudio for arm 8.1.0/armtools/bin/../lib/gcc/arm-atollic-eabi/6.3.1/armv7e-m/fpu\libgcc.a(_dvmd_tls.o)
                0x080008fc                __aeabi_idiv0
                0x080008fc                __aeabi_ldiv0
 *(.text*)
 .text.I2Cx_Init.constprop.8
                0x08000900       0xc0 Drivers\BSP\stm32l475e_iot01.o
 .text.SENSOR_IO_Init
                0x080009c0        0x4 Drivers\BSP\stm32l475e_iot01.o
                0x080009c0                SENSOR_IO_Init
 .text.SENSOR_IO_Write
                0x080009c4       0x34 Drivers\BSP\stm32l475e_iot01.o
                0x080009c4                SENSOR_IO_Write
 .text.SENSOR_IO_Read
                0x080009f8       0x3c Drivers\BSP\stm32l475e_iot01.o
                0x080009f8                SENSOR_IO_Read
 .text.SENSOR_IO_ReadMultiple
                0x08000a34       0x30 Drivers\BSP\stm32l475e_iot01.o
                0x08000a34                SENSOR_IO_ReadMultiple
 .text.BSP_ACCELERO_Init
                0x08000a64       0x28 Drivers\BSP\stm32l475e_iot01_accelero.o
                0x08000a64                BSP_ACCELERO_Init
 .text.BSP_ACCELERO_AccGetXYZ
                0x08000a8c       0x14 Drivers\BSP\stm32l475e_iot01_accelero.o
                0x08000a8c                BSP_ACCELERO_AccGetXYZ
 .text.HTS221_T_Init
                0x08000aa0       0x20 Drivers\Components\hts221\hts221.o
                0x08000aa0                HTS221_T_Init
 .text.HTS221_T_ReadTemp
                0x08000ac0       0xb4 Drivers\Components\hts221\hts221.o
                0x08000ac0                HTS221_T_ReadTemp
 .text.LPS22HB_P_ReadPressure
                0x08000b74       0x5c Drivers\Components\lps22hb\lps22hb.o
                0x08000b74                LPS22HB_P_ReadPressure
 .text.LPS22HB_Init
                0x08000bd0       0x38 Drivers\Components\lps22hb\lps22hb.o
 .text.LPS22HB_P_Init
                0x08000c08        0x4 Drivers\Components\lps22hb\lps22hb.o
                0x08000c08                LPS22HB_P_Init
 .text.LPS22HB_P_ReadID
                0x08000c0c       0x14 Drivers\Components\lps22hb\lps22hb.o
                0x08000c0c                LPS22HB_P_ReadID
 .text.LSM6DSL_AccInit
                0x08000c20       0x38 Drivers\Components\lsm6dsl\lsm6dsl.o
                0x08000c20                LSM6DSL_AccInit
 .text.LSM6DSL_AccDeInit
                0x08000c58       0x1a Drivers\Components\lsm6dsl\lsm6dsl.o
                0x08000c58                LSM6DSL_AccDeInit
 .text.LSM6DSL_AccLowPower
                0x08000c72       0x22 Drivers\Components\lsm6dsl\lsm6dsl.o
                0x08000c72                LSM6DSL_AccLowPower
 .text.LSM6DSL_GyroReadID
                0x08000c94       0x12 Drivers\Components\lsm6dsl\lsm6dsl.o
                0x08000c94                LSM6DSL_GyroReadID
 .text.LSM6DSL_AccReadID
                0x08000ca6        0x4 Drivers\Components\lsm6dsl\lsm6dsl.o
                0x08000ca6                LSM6DSL_AccReadID
 *fill*         0x08000caa        0x2 
 .text.LSM6DSL_AccReadXYZ
                0x08000cac       0x88 Drivers\Components\lsm6dsl\lsm6dsl.o
                0x08000cac                LSM6DSL_AccReadXYZ
 .text.HAL_InitTick
                0x08000d34       0x28 Drivers\STM32L4xx_HAL_Driver\Src\stm32l4xx_hal.o
                0x08000d34                HAL_InitTick
 .text.HAL_Init
                0x08000d5c       0x16 Drivers\STM32L4xx_HAL_Driver\Src\stm32l4xx_hal.o
                0x08000d5c                HAL_Init
 *fill*         0x08000d72        0x2 
 .text.HAL_IncTick
                0x08000d74       0x10 Drivers\STM32L4xx_HAL_Driver\Src\stm32l4xx_hal.o
                0x08000d74                HAL_IncTick
 .text.HAL_GetTick
                0x08000d84        0xc Drivers\STM32L4xx_HAL_Driver\Src\stm32l4xx_hal.o
                0x08000d84                HAL_GetTick
 .text.HAL_Delay
                0x08000d90       0x1c Drivers\STM32L4xx_HAL_Driver\Src\stm32l4xx_hal.o
                0x08000d90                HAL_Delay
 .text.HAL_NVIC_SetPriorityGrouping
                0x08000dac       0x24 Drivers\STM32L4xx_HAL_Driver\Src\stm32l4xx_hal_cortex.o
                0x08000dac                HAL_NVIC_SetPriorityGrouping
 .text.HAL_NVIC_SetPriority
                0x08000dd0       0x68 Drivers\STM32L4xx_HAL_Driver\Src\stm32l4xx_hal_cortex.o
                0x08000dd0                HAL_NVIC_SetPriority
 .text.HAL_NVIC_EnableIRQ
                0x08000e38       0x18 Drivers\STM32L4xx_HAL_Driver\Src\stm32l4xx_hal_cortex.o
                0x08000e38                HAL_NVIC_EnableIRQ
 .text.HAL_SYSTICK_Config
                0x08000e50       0x2c Drivers\STM32L4xx_HAL_Driver\Src\stm32l4xx_hal_cortex.o
                0x08000e50                HAL_SYSTICK_Config
 .text.HAL_SYSTICK_CLKSourceConfig
                0x08000e7c       0x18 Drivers\STM32L4xx_HAL_Driver\Src\stm32l4xx_hal_cortex.o
                0x08000e7c                HAL_SYSTICK_CLKSourceConfig
 .text.HAL_SYSTICK_Callback
                0x08000e94        0x2 Drivers\STM32L4xx_HAL_Driver\Src\stm32l4xx_hal_cortex.o
                0x08000e94                HAL_SYSTICK_Callback
 .text.HAL_SYSTICK_IRQHandler
                0x08000e96        0x8 Drivers\STM32L4xx_HAL_Driver\Src\stm32l4xx_hal_cortex.o
                0x08000e96                HAL_SYSTICK_IRQHandler
 *fill*         0x08000e9e        0x2 
 .text.DFSDM_GetChannelFromInstance
                0x08000ea0       0x58 Drivers\STM32L4xx_HAL_Driver\Src\stm32l4xx_hal_dfsdm.o
 .text.HAL_DFSDM_ChannelInit
                0x08000ef8       0xe8 Drivers\STM32L4xx_HAL_Driver\Src\stm32l4xx_hal_dfsdm.o
                0x08000ef8                HAL_DFSDM_ChannelInit
 .text.HAL_GPIO_Init
                0x08000fe0      0x1b8 Drivers\STM32L4xx_HAL_Driver\Src\stm32l4xx_hal_gpio.o
                0x08000fe0                HAL_GPIO_Init
 .text.HAL_GPIO_DeInit
                0x08001198      0x134 Drivers\STM32L4xx_HAL_Driver\Src\stm32l4xx_hal_gpio.o
                0x08001198                HAL_GPIO_DeInit
 .text.HAL_GPIO_ReadPin
                0x080012cc        0xc Drivers\STM32L4xx_HAL_Driver\Src\stm32l4xx_hal_gpio.o
                0x080012cc                HAL_GPIO_ReadPin
 .text.HAL_GPIO_WritePin
                0x080012d8        0xa Drivers\STM32L4xx_HAL_Driver\Src\stm32l4xx_hal_gpio.o
                0x080012d8                HAL_GPIO_WritePin
 .text.HAL_GPIO_EXTI_Callback
                0x080012e2        0x2 Drivers\STM32L4xx_HAL_Driver\Src\stm32l4xx_hal_gpio.o
                0x080012e2                HAL_GPIO_EXTI_Callback
 .text.HAL_GPIO_EXTI_IRQHandler
                0x080012e4       0x18 Drivers\STM32L4xx_HAL_Driver\Src\stm32l4xx_hal_gpio.o
                0x080012e4                HAL_GPIO_EXTI_IRQHandler
 .text.I2C_Flush_TXDR
                0x080012fc       0x1c Drivers\STM32L4xx_HAL_Driver\Src\stm32l4xx_hal_i2c.o
 .text.I2C_TransferConfig
                0x08001318       0x34 Drivers\STM32L4xx_HAL_Driver\Src\stm32l4xx_hal_i2c.o
 .text.I2C_WaitOnFlagUntilTimeout
                0x0800134c       0x4e Drivers\STM32L4xx_HAL_Driver\Src\stm32l4xx_hal_i2c.o
 .text.I2C_IsAcknowledgeFailed
                0x0800139a       0x7a Drivers\STM32L4xx_HAL_Driver\Src\stm32l4xx_hal_i2c.o
 .text.I2C_WaitOnTXISFlagUntilTimeout
                0x08001414       0x52 Drivers\STM32L4xx_HAL_Driver\Src\stm32l4xx_hal_i2c.o
 *fill*         0x08001466        0x2 
 .text.I2C_RequestMemoryWrite
                0x08001468       0x6c Drivers\STM32L4xx_HAL_Driver\Src\stm32l4xx_hal_i2c.o
 .text.I2C_RequestMemoryRead
                0x080014d4       0x68 Drivers\STM32L4xx_HAL_Driver\Src\stm32l4xx_hal_i2c.o
 .text.I2C_WaitOnSTOPFlagUntilTimeout
                0x0800153c       0x4e Drivers\STM32L4xx_HAL_Driver\Src\stm32l4xx_hal_i2c.o
 .text.HAL_I2C_Init
                0x0800158a       0xa2 Drivers\STM32L4xx_HAL_Driver\Src\stm32l4xx_hal_i2c.o
                0x0800158a                HAL_I2C_Init
 .text.HAL_I2C_DeInit
                0x0800162c       0x32 Drivers\STM32L4xx_HAL_Driver\Src\stm32l4xx_hal_i2c.o
                0x0800162c                HAL_I2C_DeInit
 .text.HAL_I2C_Mem_Write
                0x0800165e      0x170 Drivers\STM32L4xx_HAL_Driver\Src\stm32l4xx_hal_i2c.o
                0x0800165e                HAL_I2C_Mem_Write
 *fill*         0x080017ce        0x2 
 .text.HAL_I2C_Mem_Read
                0x080017d0      0x17c Drivers\STM32L4xx_HAL_Driver\Src\stm32l4xx_hal_i2c.o
                0x080017d0                HAL_I2C_Mem_Read
 .text.HAL_I2CEx_ConfigAnalogFilter
                0x0800194c       0x4c Drivers\STM32L4xx_HAL_Driver\Src\stm32l4xx_hal_i2c_ex.o
                0x0800194c                HAL_I2CEx_ConfigAnalogFilter
 .text.HAL_I2CEx_ConfigDigitalFilter
                0x08001998       0x4a Drivers\STM32L4xx_HAL_Driver\Src\stm32l4xx_hal_i2c_ex.o
                0x08001998                HAL_I2CEx_ConfigDigitalFilter
 .text.HAL_PCD_Init
                0x080019e2      0x10a Drivers\STM32L4xx_HAL_Driver\Src\stm32l4xx_hal_pcd.o
                0x080019e2                HAL_PCD_Init
 .text.HAL_PCDEx_ActivateLPM
                0x08001aec       0x26 Drivers\STM32L4xx_HAL_Driver\Src\stm32l4xx_hal_pcd_ex.o
                0x08001aec                HAL_PCDEx_ActivateLPM
 .text.HAL_PCDEx_ActivateBCD
                0x08001b12       0x14 Drivers\STM32L4xx_HAL_Driver\Src\stm32l4xx_hal_pcd_ex.o
                0x08001b12                HAL_PCDEx_ActivateBCD
 *fill*         0x08001b26        0x2 
 .text.HAL_PWREx_GetVoltageRange
                0x08001b28       0x10 Drivers\STM32L4xx_HAL_Driver\Src\stm32l4xx_hal_pwr_ex.o
                0x08001b28                HAL_PWREx_GetVoltageRange
 .text.HAL_PWREx_ControlVoltageScaling
                0x08001b38       0x68 Drivers\STM32L4xx_HAL_Driver\Src\stm32l4xx_hal_pwr_ex.o
                0x08001b38                HAL_PWREx_ControlVoltageScaling
 .text.HAL_PWREx_EnableVddUSB
                0x08001ba0       0x10 Drivers\STM32L4xx_HAL_Driver\Src\stm32l4xx_hal_pwr_ex.o
                0x08001ba0                HAL_PWREx_EnableVddUSB
 .text.QSPI_WaitFlagStateUntilTimeout
                0x08001bb0       0x4c Drivers\STM32L4xx_HAL_Driver\Src\stm32l4xx_hal_qspi.o
 .text.HAL_QSPI_Init
                0x08001bfc       0xb0 Drivers\STM32L4xx_HAL_Driver\Src\stm32l4xx_hal_qspi.o
                0x08001bfc                HAL_QSPI_Init
 .text.RCC_SetFlashLatencyFromMSIRange
                0x08001cac       0x84 Drivers\STM32L4xx_HAL_Driver\Src\stm32l4xx_hal_rcc.o
 .text.HAL_RCC_GetSysClockFreq
                0x08001d30       0xd0 Drivers\STM32L4xx_HAL_Driver\Src\stm32l4xx_hal_rcc.o
                0x08001d30                HAL_RCC_GetSysClockFreq
 .text.HAL_RCC_OscConfig
                0x08001e00      0x464 Drivers\STM32L4xx_HAL_Driver\Src\stm32l4xx_hal_rcc.o
                0x08001e00                HAL_RCC_OscConfig
 .text.HAL_RCC_ClockConfig
                0x08002264      0x16c Drivers\STM32L4xx_HAL_Driver\Src\stm32l4xx_hal_rcc.o
                0x08002264                HAL_RCC_ClockConfig
 .text.HAL_RCC_GetHCLKFreq
                0x080023d0        0xc Drivers\STM32L4xx_HAL_Driver\Src\stm32l4xx_hal_rcc.o
                0x080023d0                HAL_RCC_GetHCLKFreq
 .text.HAL_RCC_GetPCLK1Freq
                0x080023dc       0x20 Drivers\STM32L4xx_HAL_Driver\Src\stm32l4xx_hal_rcc.o
                0x080023dc                HAL_RCC_GetPCLK1Freq
 .text.HAL_RCC_GetPCLK2Freq
                0x080023fc       0x20 Drivers\STM32L4xx_HAL_Driver\Src\stm32l4xx_hal_rcc.o
                0x080023fc                HAL_RCC_GetPCLK2Freq
 .text.RCCEx_PLLSAI1_Config
                0x0800241c      0x11c Drivers\STM32L4xx_HAL_Driver\Src\stm32l4xx_hal_rcc_ex.o
 .text.RCCEx_PLLSAI2_Config
                0x08002538       0xfc Drivers\STM32L4xx_HAL_Driver\Src\stm32l4xx_hal_rcc_ex.o
 .text.HAL_RCCEx_PeriphCLKConfig
                0x08002634      0x3d0 Drivers\STM32L4xx_HAL_Driver\Src\stm32l4xx_hal_rcc_ex.o
                0x08002634                HAL_RCCEx_PeriphCLKConfig
 .text.HAL_RCCEx_EnableMSIPLLMode
                0x08002a04       0x10 Drivers\STM32L4xx_HAL_Driver\Src\stm32l4xx_hal_rcc_ex.o
                0x08002a04                HAL_RCCEx_EnableMSIPLLMode
 .text.SPI_WaitFifoStateUntilTimeout.part.1
                0x08002a14       0x50 Drivers\STM32L4xx_HAL_Driver\Src\stm32l4xx_hal_spi.o
 .text.SPI_WaitFlagStateUntilTimeout.constprop.10
                0x08002a64       0x30 Drivers\STM32L4xx_HAL_Driver\Src\stm32l4xx_hal_spi.o
 .text.SPI_WaitFifoStateUntilTimeout.constprop.11
                0x08002a94       0x40 Drivers\STM32L4xx_HAL_Driver\Src\stm32l4xx_hal_spi.o
 .text.SPI_EndRxTxTransaction
                0x08002ad4       0x44 Drivers\STM32L4xx_HAL_Driver\Src\stm32l4xx_hal_spi.o
 .text.SPI_EndRxTransaction
                0x08002b18       0x6e Drivers\STM32L4xx_HAL_Driver\Src\stm32l4xx_hal_spi.o
 .text.HAL_SPI_Init
                0x08002b86       0xa2 Drivers\STM32L4xx_HAL_Driver\Src\stm32l4xx_hal_spi.o
                0x08002b86                HAL_SPI_Init
 .text.HAL_SPI_DeInit
                0x08002c28       0x2c Drivers\STM32L4xx_HAL_Driver\Src\stm32l4xx_hal_spi.o
                0x08002c28                HAL_SPI_DeInit
 .text.HAL_SPI_Transmit
                0x08002c54      0x17c Drivers\STM32L4xx_HAL_Driver\Src\stm32l4xx_hal_spi.o
                0x08002c54                HAL_SPI_Transmit
 .text.HAL_SPI_TransmitReceive
                0x08002dd0      0x244 Drivers\STM32L4xx_HAL_Driver\Src\stm32l4xx_hal_spi.o
                0x08002dd0                HAL_SPI_TransmitReceive
 .text.HAL_SPI_Receive
                0x08003014      0x152 Drivers\STM32L4xx_HAL_Driver\Src\stm32l4xx_hal_spi.o
                0x08003014                HAL_SPI_Receive
 .text.HAL_SPIEx_FlushRxFifo
                0x08003166       0x24 Drivers\STM32L4xx_HAL_Driver\Src\stm32l4xx_hal_spi_ex.o
                0x08003166                HAL_SPIEx_FlushRxFifo
 *fill*         0x0800318a        0x2 
 .text.UART_SetConfig
                0x0800318c      0x330 Drivers\STM32L4xx_HAL_Driver\Src\stm32l4xx_hal_uart.o
                0x0800318c                UART_SetConfig
 .text.UART_AdvFeatureConfig
                0x080034bc       0xa8 Drivers\STM32L4xx_HAL_Driver\Src\stm32l4xx_hal_uart.o
                0x080034bc                UART_AdvFeatureConfig
 .text.UART_WaitOnFlagUntilTimeout
                0x08003564       0x62 Drivers\STM32L4xx_HAL_Driver\Src\stm32l4xx_hal_uart.o
                0x08003564                UART_WaitOnFlagUntilTimeout
 .text.UART_CheckIdleState
                0x080035c6       0x64 Drivers\STM32L4xx_HAL_Driver\Src\stm32l4xx_hal_uart.o
                0x080035c6                UART_CheckIdleState
 .text.HAL_UART_Init
                0x0800362a       0x64 Drivers\STM32L4xx_HAL_Driver\Src\stm32l4xx_hal_uart.o
                0x0800362a                HAL_UART_Init
 .text.USB_CoreInit
                0x0800368e       0x28 Drivers\STM32L4xx_HAL_Driver\Src\stm32l4xx_ll_usb.o
                0x0800368e                USB_CoreInit
 .text.USB_DisableGlobalInt
                0x080036b6        0xc Drivers\STM32L4xx_HAL_Driver\Src\stm32l4xx_ll_usb.o
                0x080036b6                USB_DisableGlobalInt
 .text.USB_SetCurrentMode
                0x080036c2       0x2e Drivers\STM32L4xx_HAL_Driver\Src\stm32l4xx_ll_usb.o
                0x080036c2                USB_SetCurrentMode
 .text.USB_DevInit
                0x080036f0      0x130 Drivers\STM32L4xx_HAL_Driver\Src\stm32l4xx_ll_usb.o
                0x080036f0                USB_DevInit
 .text.USB_FlushTxFifo
                0x08003820       0x24 Drivers\STM32L4xx_HAL_Driver\Src\stm32l4xx_ll_usb.o
                0x08003820                USB_FlushTxFifo
 .text.USB_FlushRxFifo
                0x08003844       0x20 Drivers\STM32L4xx_HAL_Driver\Src\stm32l4xx_ll_usb.o
                0x08003844                USB_FlushRxFifo
 .text.USB_SetDevSpeed
                0x08003864        0xe Drivers\STM32L4xx_HAL_Driver\Src\stm32l4xx_ll_usb.o
                0x08003864                USB_SetDevSpeed
 .text.USB_DevDisconnect
                0x08003872       0x18 Drivers\STM32L4xx_HAL_Driver\Src\stm32l4xx_ll_usb.o
                0x08003872                USB_DevDisconnect
 *fill*         0x0800388a        0x2 
 .text.USB_CoreReset
                0x0800388c       0x68 Drivers\STM32L4xx_HAL_Driver\Src\stm32l4xx_ll_usb.o
 .text.SystemClock_Config
                0x080038f4       0xc4 Src\Setup.o
                0x080038f4                SystemClock_Config
 .text._Error_Handler
                0x080039b8        0x2 Src\Setup.o
                0x080039b8                _Error_Handler
 .text.abs_val  0x080039ba        0xa Src\Setup.o
                0x080039ba                abs_val
 .text.thingSpeakUpdate
                0x080039c4       0x4c Src\Setup.o
                0x080039c4                thingSpeakUpdate
 .text.MX_DFSDM1_Init
                0x08003a10       0x4c Src\dfsdm.o
                0x08003a10                MX_DFSDM1_Init
 .text.HAL_DFSDM_ChannelMspInit
                0x08003a5c       0x50 Src\dfsdm.o
                0x08003a5c                HAL_DFSDM_ChannelMspInit
 .text.ParseNumber
                0x08003aac       0x36 Src\es_wifi.o
 .text.ParseIP  0x08003ae2       0x3a Src\es_wifi.o
 .text.AT_ExecuteCommand
                0x08003b1c       0x60 Src\es_wifi.o
 .text.ES_WIFI_Init
                0x08003b7c       0xc0 Src\es_wifi.o
                0x08003b7c                ES_WIFI_Init
 .text.ES_WIFI_RegisterBusIO
                0x08003c3c       0x28 Src\es_wifi.o
                0x08003c3c                ES_WIFI_RegisterBusIO
 .text.ES_WIFI_Connect
                0x08003c64       0x80 Src\es_wifi.o
                0x08003c64                ES_WIFI_Connect
 .text.ES_WIFI_GetNetworkSettings
                0x08003ce4       0xf0 Src\es_wifi.o
                0x08003ce4                ES_WIFI_GetNetworkSettings
 .text.ES_WIFI_StartClientConnection
                0x08003dd4       0xc8 Src\es_wifi.o
                0x08003dd4                ES_WIFI_StartClientConnection
 .text.ES_WIFI_StopClientConnection
                0x08003e9c       0x40 Src\es_wifi.o
                0x08003e9c                ES_WIFI_StopClientConnection
 .text.ES_WIFI_SendData
                0x08003edc       0xf8 Src\es_wifi.o
                0x08003edc                ES_WIFI_SendData
 .text.SPI_WIFI_MspInit
                0x08003fd4      0x124 Src\es_wifi_io.o
                0x08003fd4                SPI_WIFI_MspInit
 .text.SPI_WIFI_Init
                0x080040f8      0x118 Src\es_wifi_io.o
                0x080040f8                SPI_WIFI_Init
 .text.SPI_WIFI_DeInit
                0x08004210       0x10 Src\es_wifi_io.o
                0x08004210                SPI_WIFI_DeInit
 .text.SPI_WIFI_ReceiveData
                0x08004220       0xf8 Src\es_wifi_io.o
                0x08004220                SPI_WIFI_ReceiveData
 .text.SPI_WIFI_SendData
                0x08004318       0x94 Src\es_wifi_io.o
                0x08004318                SPI_WIFI_SendData
 .text.SPI_WIFI_Delay
                0x080043ac        0x4 Src\es_wifi_io.o
                0x080043ac                SPI_WIFI_Delay
 .text.MX_GPIO_Init
                0x080043b0      0x284 Src\gpio.o
                0x080043b0                MX_GPIO_Init
 .text.MX_I2C2_Init
                0x08004634       0x68 Src\i2c.o
                0x08004634                MX_I2C2_Init
 .text.HAL_I2C_MspInit
                0x0800469c       0x50 Src\i2c.o
                0x0800469c                HAL_I2C_MspInit
 .text.HAL_I2C_MspDeInit
                0x080046ec       0x2c Src\i2c.o
                0x080046ec                HAL_I2C_MspDeInit
 .text.startup.main
                0x08004718      0x17c Src\main.o
                0x08004718                main
 .text.MX_QUADSPI_Init
                0x08004894       0x3c Src\quadspi.o
                0x08004894                MX_QUADSPI_Init
 .text.HAL_QSPI_MspInit
                0x080048d0       0x50 Src\quadspi.o
                0x080048d0                HAL_QSPI_MspInit
 .text.HAL_SPI_MspInit
                0x08004920       0x4c Src\spi.o
                0x08004920                HAL_SPI_MspInit
 .text.HAL_SPI_MspDeInit
                0x0800496c       0x2c Src\spi.o
                0x0800496c                HAL_SPI_MspDeInit
 .text.BSP_PSENSOR_Init
                0x08004998       0x28 Src\stm32l475e_iot01_psensor.o
                0x08004998                BSP_PSENSOR_Init
 .text.BSP_PSENSOR_ReadPressure
                0x080049c0       0x10 Src\stm32l475e_iot01_psensor.o
                0x080049c0                BSP_PSENSOR_ReadPressure
 .text.BSP_TSENSOR_Init
                0x080049d0       0x24 Src\stm32l475e_iot01_tsensor.o
                0x080049d0                BSP_TSENSOR_Init
 .text.BSP_TSENSOR_ReadTemp
                0x080049f4       0x18 Src\stm32l475e_iot01_tsensor.o
                0x080049f4                BSP_TSENSOR_ReadTemp
 .text.HAL_MspInit
                0x08004a0c       0x8c Src\stm32l4xx_hal_msp.o
                0x08004a0c                HAL_MspInit
 .text.NMI_Handler
                0x08004a98        0x2 Src\stm32l4xx_it.o
                0x08004a98                NMI_Handler
 .text.HardFault_Handler
                0x08004a9a        0x2 Src\stm32l4xx_it.o
                0x08004a9a                HardFault_Handler
 .text.MemManage_Handler
                0x08004a9c        0x2 Src\stm32l4xx_it.o
                0x08004a9c                MemManage_Handler
 .text.BusFault_Handler
                0x08004a9e        0x2 Src\stm32l4xx_it.o
                0x08004a9e                BusFault_Handler
 .text.UsageFault_Handler
                0x08004aa0        0x2 Src\stm32l4xx_it.o
                0x08004aa0                UsageFault_Handler
 .text.SVC_Handler
                0x08004aa2        0x2 Src\stm32l4xx_it.o
                0x08004aa2                SVC_Handler
 .text.DebugMon_Handler
                0x08004aa4        0x2 Src\stm32l4xx_it.o
                0x08004aa4                DebugMon_Handler
 .text.PendSV_Handler
                0x08004aa6        0x2 Src\stm32l4xx_it.o
                0x08004aa6                PendSV_Handler
 .text.SysTick_Handler
                0x08004aa8        0xe Src\stm32l4xx_it.o
                0x08004aa8                SysTick_Handler
 .text.EXTI9_5_IRQHandler
                0x08004ab6       0x20 Src\stm32l4xx_it.o
                0x08004ab6                EXTI9_5_IRQHandler
 .text.EXTI15_10_IRQHandler
                0x08004ad6       0x2e Src\stm32l4xx_it.o
                0x08004ad6                EXTI15_10_IRQHandler
 .text.SystemInit
                0x08004b04       0x48 Src\system_stm32l4xx.o
                0x08004b04                SystemInit
 .text.MX_USART1_UART_Init
                0x08004b4c       0x44 Src\usart.o
                0x08004b4c                MX_USART1_UART_Init
 .text.MX_USART3_UART_Init
                0x08004b90       0x44 Src\usart.o
                0x08004b90                MX_USART3_UART_Init
 .text.HAL_UART_MspInit
                0x08004bd4       0x8c Src\usart.o
                0x08004bd4                HAL_UART_MspInit
 .text.MX_USB_OTG_FS_PCD_Init
                0x08004c60       0x40 Src\usb_otg.o
                0x08004c60                MX_USB_OTG_FS_PCD_Init
 .text.HAL_PCD_MspInit
                0x08004ca0       0x88 Src\usb_otg.o
                0x08004ca0                HAL_PCD_MspInit
 .text.WIFI_Init
                0x08004d28       0x48 Src\wifi.o
                0x08004d28                WIFI_Init
 .text.WIFI_Connect
                0x08004d70       0x28 Src\wifi.o
                0x08004d70                WIFI_Connect
 .text.WIFI_OpenClientConnection
                0x08004d98       0x50 Src\wifi.o
                0x08004d98                WIFI_OpenClientConnection
 .text.WIFI_CloseClientConnection
                0x08004de8       0x20 Src\wifi.o
                0x08004de8                WIFI_CloseClientConnection
 .text.WIFI_SendData
                0x08004e08       0x24 Src\wifi.o
                0x08004e08                WIFI_SendData
 .text.Reset_Handler
                0x08004e2c       0x50 startup\startup_stm32l475xx.o
                0x08004e2c                Reset_Handler
 .text.Default_Handler
                0x08004e7c        0x2 startup\startup_stm32l475xx.o
                0x08004e7c                RTC_Alarm_IRQHandler
                0x08004e7c                EXTI2_IRQHandler
                0x08004e7c                TIM8_TRG_COM_IRQHandler
                0x08004e7c                TIM8_CC_IRQHandler
                0x08004e7c                TIM1_CC_IRQHandler
                0x08004e7c                TSC_IRQHandler
                0x08004e7c                TAMP_STAMP_IRQHandler
                0x08004e7c                EXTI3_IRQHandler
                0x08004e7c                LPTIM2_IRQHandler
                0x08004e7c                DFSDM1_FLT1_IRQHandler
                0x08004e7c                I2C3_ER_IRQHandler
                0x08004e7c                DFSDM1_FLT2_IRQHandler
                0x08004e7c                EXTI0_IRQHandler
                0x08004e7c                I2C2_EV_IRQHandler
                0x08004e7c                CAN1_RX0_IRQHandler
                0x08004e7c                FPU_IRQHandler
                0x08004e7c                TIM1_UP_TIM16_IRQHandler
                0x08004e7c                ADC1_2_IRQHandler
                0x08004e7c                SPI1_IRQHandler
                0x08004e7c                TIM6_DAC_IRQHandler
                0x08004e7c                TIM8_UP_IRQHandler
                0x08004e7c                DMA2_Channel2_IRQHandler
                0x08004e7c                DMA1_Channel4_IRQHandler
                0x08004e7c                SAI2_IRQHandler
                0x08004e7c                DFSDM1_FLT3_IRQHandler
                0x08004e7c                USART3_IRQHandler
                0x08004e7c                DMA1_Channel7_IRQHandler
                0x08004e7c                CAN1_RX1_IRQHandler
                0x08004e7c                UART5_IRQHandler
                0x08004e7c                ADC3_IRQHandler
                0x08004e7c                TIM4_IRQHandler
                0x08004e7c                DMA2_Channel1_IRQHandler
                0x08004e7c                QUADSPI_IRQHandler
                0x08004e7c                I2C1_EV_IRQHandler
                0x08004e7c                DMA1_Channel6_IRQHandler
                0x08004e7c                UART4_IRQHandler
                0x08004e7c                DMA2_Channel4_IRQHandler
                0x08004e7c                TIM3_IRQHandler
                0x08004e7c                RCC_IRQHandler
                0x08004e7c                DMA1_Channel1_IRQHandler
                0x08004e7c                Default_Handler
                0x08004e7c                DMA2_Channel7_IRQHandler
                0x08004e7c                TIM7_IRQHandler
                0x08004e7c                SDMMC1_IRQHandler
                0x08004e7c                TIM5_IRQHandler
                0x08004e7c                I2C3_EV_IRQHandler
                0x08004e7c                RTC_WKUP_IRQHandler
                0x08004e7c                PVD_PVM_IRQHandler
                0x08004e7c                SPI2_IRQHandler
                0x08004e7c                CAN1_TX_IRQHandler
                0x08004e7c                DMA2_Channel5_IRQHandler
                0x08004e7c                DMA1_Channel5_IRQHandler
                0x08004e7c                EXTI4_IRQHandler
                0x08004e7c                RNG_IRQHandler
                0x08004e7c                TIM1_TRG_COM_TIM17_IRQHandler
                0x08004e7c                DMA1_Channel3_IRQHandler
                0x08004e7c                COMP_IRQHandler
                0x08004e7c                WWDG_IRQHandler
                0x08004e7c                LPUART1_IRQHandler
                0x08004e7c                DMA2_Channel6_IRQHandler
                0x08004e7c                TIM2_IRQHandler
                0x08004e7c                EXTI1_IRQHandler
                0x08004e7c                USART2_IRQHandler
                0x08004e7c                DFSDM1_FLT0_IRQHandler
                0x08004e7c                I2C2_ER_IRQHandler
                0x08004e7c                DMA1_Channel2_IRQHandler
                0x08004e7c                TIM8_BRK_IRQHandler
                0x08004e7c                CAN1_SCE_IRQHandler
                0x08004e7c                FLASH_IRQHandler
                0x08004e7c                USART1_IRQHandler
                0x08004e7c                OTG_FS_IRQHandler
                0x08004e7c                SPI3_IRQHandler
                0x08004e7c                I2C1_ER_IRQHandler
                0x08004e7c                FMC_IRQHandler
                0x08004e7c                SWPMI1_IRQHandler
                0x08004e7c                LPTIM1_IRQHandler
                0x08004e7c                SAI1_IRQHandler
                0x08004e7c                DMA2_Channel3_IRQHandler
                0x08004e7c                TIM1_BRK_TIM15_IRQHandler
 *fill*         0x08004e7e        0x2 
 .text.__libc_init_array
                0x08004e80       0x48 c:/program files (x86)/atollic/truestudio for arm 8.1.0/armtools/bin/../lib/gcc/arm-atollic-eabi/6.3.1/../../../../arm-atollic-eabi/lib/armv7e-m/fpu\libc_nano.a(lib_a-init.o)
                0x08004e80                __libc_init_array
 .text.memcpy   0x08004ec8       0x16 c:/program files (x86)/atollic/truestudio for arm 8.1.0/armtools/bin/../lib/gcc/arm-atollic-eabi/6.3.1/../../../../arm-atollic-eabi/lib/armv7e-m/fpu\libc_nano.a(lib_a-memcpy-stub.o)
                0x08004ec8                memcpy
 *fill*         0x08004ede        0x2 
 .text.sprintf  0x08004ee0       0x48 c:/program files (x86)/atollic/truestudio for arm 8.1.0/armtools/bin/../lib/gcc/arm-atollic-eabi/6.3.1/../../../../arm-atollic-eabi/lib/armv7e-m/fpu\libc_nano.a(lib_a-sprintf.o)
                0x08004ee0                siprintf
                0x08004ee0                sprintf
 .text.strchr   0x08004f28       0x1c c:/program files (x86)/atollic/truestudio for arm 8.1.0/armtools/bin/../lib/gcc/arm-atollic-eabi/6.3.1/../../../../arm-atollic-eabi/lib/armv7e-m/fpu\libc_nano.a(lib_a-strchr.o)
                0x08004f28                strchr
 .text.strcpy   0x08004f44       0x10 c:/program files (x86)/atollic/truestudio for arm 8.1.0/armtools/bin/../lib/gcc/arm-atollic-eabi/6.3.1/../../../../arm-atollic-eabi/lib/armv7e-m/fpu\libc_nano.a(lib_a-strcpy.o)
                0x08004f44                strcpy
 .text.strncpy  0x08004f54       0x2a c:/program files (x86)/atollic/truestudio for arm 8.1.0/armtools/bin/../lib/gcc/arm-atollic-eabi/6.3.1/../../../../arm-atollic-eabi/lib/armv7e-m/fpu\libc_nano.a(lib_a-strncpy.o)
                0x08004f54                strncpy
 .text.strstr   0x08004f7e       0x36 c:/program files (x86)/atollic/truestudio for arm 8.1.0/armtools/bin/../lib/gcc/arm-atollic-eabi/6.3.1/../../../../arm-atollic-eabi/lib/armv7e-m/fpu\libc_nano.a(lib_a-strstr.o)
                0x08004f7e                strstr
 .text.strtok   0x08004fb4       0x54 c:/program files (x86)/atollic/truestudio for arm 8.1.0/armtools/bin/../lib/gcc/arm-atollic-eabi/6.3.1/../../../../arm-atollic-eabi/lib/armv7e-m/fpu\libc_nano.a(lib_a-strtok.o)
                0x08004fb4                strtok
 .text.__strtok_r
                0x08005008       0x52 c:/program files (x86)/atollic/truestudio for arm 8.1.0/armtools/bin/../lib/gcc/arm-atollic-eabi/6.3.1/../../../../arm-atollic-eabi/lib/armv7e-m/fpu\libc_nano.a(lib_a-strtok_r.o)
                0x08005008                __strtok_r
 *fill*         0x0800505a        0x2 
 .text.malloc   0x0800505c       0x10 c:/program files (x86)/atollic/truestudio for arm 8.1.0/armtools/bin/../lib/gcc/arm-atollic-eabi/6.3.1/../../../../arm-atollic-eabi/lib/armv7e-m/fpu\libc_nano.a(lib_a-malloc.o)
                0x0800505c                malloc
 .text._free_r  0x0800506c       0x9c c:/program files (x86)/atollic/truestudio for arm 8.1.0/armtools/bin/../lib/gcc/arm-atollic-eabi/6.3.1/../../../../arm-atollic-eabi/lib/armv7e-m/fpu\libc_nano.a(lib_a-nano-freer.o)
                0x0800506c                _free_r
 .text._malloc_r
                0x08005108       0xbc c:/program files (x86)/atollic/truestudio for arm 8.1.0/armtools/bin/../lib/gcc/arm-atollic-eabi/6.3.1/../../../../arm-atollic-eabi/lib/armv7e-m/fpu\libc_nano.a(lib_a-nano-mallocr.o)
                0x08005108                _malloc_r
 .text.__ssputs_r
                0x080051c4       0xb6 c:/program files (x86)/atollic/truestudio for arm 8.1.0/armtools/bin/../lib/gcc/arm-atollic-eabi/6.3.1/../../../../arm-atollic-eabi/lib/armv7e-m/fpu\libc_nano.a(lib_a-nano-svfprintf.o)
                0x080051c4                __ssputs_r
 *fill*         0x0800527a        0x2 
 .text._svfprintf_r
                0x0800527c      0x1e8 c:/program files (x86)/atollic/truestudio for arm 8.1.0/armtools/bin/../lib/gcc/arm-atollic-eabi/6.3.1/../../../../arm-atollic-eabi/lib/armv7e-m/fpu\libc_nano.a(lib_a-nano-svfprintf.o)
                0x0800527c                _svfiprintf_r
                0x0800527c                _svfprintf_r
 .text._printf_common
                0x08005464       0xec c:/program files (x86)/atollic/truestudio for arm 8.1.0/armtools/bin/../lib/gcc/arm-atollic-eabi/6.3.1/../../../../arm-atollic-eabi/lib/armv7e-m/fpu\libc_nano.a(lib_a-nano-vfprintf_i.o)
                0x08005464                _printf_common
 .text._printf_i
                0x08005550      0x240 c:/program files (x86)/atollic/truestudio for arm 8.1.0/armtools/bin/../lib/gcc/arm-atollic-eabi/6.3.1/../../../../arm-atollic-eabi/lib/armv7e-m/fpu\libc_nano.a(lib_a-nano-vfprintf_i.o)
                0x08005550                _printf_i
 .text._sbrk_r  0x08005790       0x20 c:/program files (x86)/atollic/truestudio for arm 8.1.0/armtools/bin/../lib/gcc/arm-atollic-eabi/6.3.1/../../../../arm-atollic-eabi/lib/armv7e-m/fpu\libc_nano.a(lib_a-sbrkr.o)
                0x08005790                _sbrk_r
 .text.memmove  0x080057b0       0x34 c:/program files (x86)/atollic/truestudio for arm 8.1.0/armtools/bin/../lib/gcc/arm-atollic-eabi/6.3.1/../../../../arm-atollic-eabi/lib/armv7e-m/fpu\libc_nano.a(lib_a-memmove.o)
                0x080057b0                memmove
 .text.__malloc_lock
                0x080057e4        0x2 c:/program files (x86)/atollic/truestudio for arm 8.1.0/armtools/bin/../lib/gcc/arm-atollic-eabi/6.3.1/../../../../arm-atollic-eabi/lib/armv7e-m/fpu\libc_nano.a(lib_a-mlock.o)
                0x080057e4                __malloc_lock
 .text.__malloc_unlock
                0x080057e6        0x2 c:/program files (x86)/atollic/truestudio for arm 8.1.0/armtools/bin/../lib/gcc/arm-atollic-eabi/6.3.1/../../../../arm-atollic-eabi/lib/armv7e-m/fpu\libc_nano.a(lib_a-mlock.o)
                0x080057e6                __malloc_unlock
 .text._realloc_r
                0x080057e8       0x4c c:/program files (x86)/atollic/truestudio for arm 8.1.0/armtools/bin/../lib/gcc/arm-atollic-eabi/6.3.1/../../../../arm-atollic-eabi/lib/armv7e-m/fpu\libc_nano.a(lib_a-nano-reallocr.o)
                0x080057e8                _realloc_r
 .text._malloc_usable_size_r
                0x08005834       0x12 c:/program files (x86)/atollic/truestudio for arm 8.1.0/armtools/bin/../lib/gcc/arm-atollic-eabi/6.3.1/../../../../arm-atollic-eabi/lib/armv7e-m/fpu\libc_nano.a(lib_a-nano-msizer.o)
                0x08005834                _malloc_usable_size_r
 *fill*         0x08005846        0x2 
 .text._sbrk    0x08005848       0x1c c:/program files (x86)/atollic/truestudio for arm 8.1.0/armtools/bin/../lib/gcc/arm-atollic-eabi/6.3.1/../../../../arm-atollic-eabi/lib/armv7e-m/fpu\libnosys.a(sbrk.o)
                0x08005848                _sbrk
 *(.glue_7)
 .glue_7        0x08005864        0x0 linker stubs
 *(.glue_7t)
 .glue_7t       0x08005864        0x0 linker stubs
 *(.eh_frame)
 .eh_frame      0x08005864        0x0 c:/program files (x86)/atollic/truestudio for arm 8.1.0/armtools/bin/../lib/gcc/arm-atollic-eabi/6.3.1/armv7e-m/fpu/crtbegin.o
 *(.init)
 .init          0x08005864        0x4 c:/program files (x86)/atollic/truestudio for arm 8.1.0/armtools/bin/../lib/gcc/arm-atollic-eabi/6.3.1/armv7e-m/fpu/crti.o
                0x08005864                _init
 .init          0x08005868        0x8 c:/program files (x86)/atollic/truestudio for arm 8.1.0/armtools/bin/../lib/gcc/arm-atollic-eabi/6.3.1/armv7e-m/fpu/crtn.o
 *(.fini)
 .fini          0x08005870        0x4 c:/program files (x86)/atollic/truestudio for arm 8.1.0/armtools/bin/../lib/gcc/arm-atollic-eabi/6.3.1/armv7e-m/fpu/crti.o
                0x08005870                _fini
 .fini          0x08005874        0x8 c:/program files (x86)/atollic/truestudio for arm 8.1.0/armtools/bin/../lib/gcc/arm-atollic-eabi/6.3.1/armv7e-m/fpu/crtn.o
                0x0800587c                . = ALIGN (0x4)
                0x0800587c                _etext = .

.vfp11_veneer   0x0800587c        0x0
 .vfp11_veneer  0x0800587c        0x0 linker stubs

.v4_bx          0x0800587c        0x0
 .v4_bx         0x0800587c        0x0 linker stubs

.iplt           0x0800587c        0x0
 .iplt          0x0800587c        0x0 c:/program files (x86)/atollic/truestudio for arm 8.1.0/armtools/bin/../lib/gcc/arm-atollic-eabi/6.3.1/armv7e-m/fpu/crtbegin.o

.rodata         0x0800587c      0x2ac
                0x0800587c                . = ALIGN (0x4)
 *(.rodata)
 *(.rodata*)
 .rodata.CSWTCH.13
                0x0800587c       0x34 Drivers\Components\lsm6dsl\lsm6dsl.o
 .rodata.CSWTCH.51
                0x080058b0        0x4 Drivers\STM32L4xx_HAL_Driver\Src\stm32l4xx_hal_uart.o
 .rodata.CSWTCH.52
                0x080058b4        0xd Drivers\STM32L4xx_HAL_Driver\Src\stm32l4xx_hal_uart.o
 .rodata.thingSpeakUpdate.str1.1
                0x080058c1       0xab Src\Setup.o
 .rodata.MX_DFSDM1_Init.str1.1
                0x0800596c        0xf Src\dfsdm.o
 .rodata.AT_ExecuteCommand.str1.1
                0x0800597b       0x11 Src\es_wifi.o
 .rodata.ES_WIFI_Connect.str1.1
                0x0800598c       0x19 Src\es_wifi.o
 .rodata.ES_WIFI_GetNetworkSettings.str1.1
                0x080059a5        0x4 Src\es_wifi.o
 .rodata.ES_WIFI_Init.str1.1
                0x080059a9        0x7 Src\es_wifi.o
                                  0x9 (size before relaxing)
 .rodata.ES_WIFI_SendData.str1.1
                0x080059b0       0x16 Src\es_wifi.o
 .rodata.ES_WIFI_StartClientConnection.str1.1
                0x080059c6       0x32 Src\es_wifi.o
 .rodata.ES_WIFI_StopClientConnection.str1.1
                0x080059f8        0x6 Src\es_wifi.o
 .rodata.MX_I2C2_Init.str1.1
                0x080059fe        0xd Src\i2c.o
 .rodata.main.str1.1
                0x08005a0b       0x5a Src\main.o
                                 0x63 (size before relaxing)
 .rodata.str1.1
                0x08005a65       0x13 Src\main.o
 .rodata.MX_QUADSPI_Init.str1.1
                0x08005a78       0x11 Src\quadspi.o
 .rodata.AHBPrescTable
                0x08005a89       0x10 Src\system_stm32l4xx.o
                0x08005a89                AHBPrescTable
 .rodata.APBPrescTable
                0x08005a99        0x8 Src\system_stm32l4xx.o
                0x08005a99                APBPrescTable
 *fill*         0x08005aa1        0x3 
 .rodata.MSIRangeTable
                0x08005aa4       0x30 Src\system_stm32l4xx.o
                0x08005aa4                MSIRangeTable
 .rodata.MX_USART1_UART_Init.str1.1
                0x08005ad4        0xf Src\usart.o
 .rodata.MX_USB_OTG_FS_PCD_Init.str1.1
                0x08005ae3       0x11 Src\usb_otg.o
 .rodata._svfprintf_r.str1.1
                0x08005af4       0x11 c:/program files (x86)/atollic/truestudio for arm 8.1.0/armtools/bin/../lib/gcc/arm-atollic-eabi/6.3.1/../../../../arm-atollic-eabi/lib/armv7e-m/fpu\libc_nano.a(lib_a-nano-svfprintf.o)
 .rodata._printf_i.str1.1
                0x08005b05       0x22 c:/program files (x86)/atollic/truestudio for arm 8.1.0/armtools/bin/../lib/gcc/arm-atollic-eabi/6.3.1/../../../../arm-atollic-eabi/lib/armv7e-m/fpu\libc_nano.a(lib_a-nano-vfprintf_i.o)
                0x08005b28                . = ALIGN (0x4)
 *fill*         0x08005b27        0x1 

.ARM.extab
 *(.ARM.extab* .gnu.linkonce.armextab.*)

.ARM            0x08005b28        0x8
                0x08005b28                __exidx_start = .
 *(.ARM.exidx*)
 .ARM.exidx     0x08005b28        0x8 c:/program files (x86)/atollic/truestudio for arm 8.1.0/armtools/bin/../lib/gcc/arm-atollic-eabi/6.3.1/armv7e-m/fpu\libgcc.a(_udivmoddi4.o)
                0x08005b30                __exidx_end = .

.rel.dyn        0x08005b30        0x0
 .rel.iplt      0x08005b30        0x0 c:/program files (x86)/atollic/truestudio for arm 8.1.0/armtools/bin/../lib/gcc/arm-atollic-eabi/6.3.1/armv7e-m/fpu/crtbegin.o

.preinit_array  0x08005b30        0x0
                0x08005b30                PROVIDE (__preinit_array_start, .)
 *(.preinit_array*)
                0x08005b30                PROVIDE (__preinit_array_end, .)

.init_array     0x08005b30        0x4
                0x08005b30                PROVIDE (__init_array_start, .)
 *(SORT(.init_array.*))
 *(.init_array*)
 .init_array    0x08005b30        0x4 c:/program files (x86)/atollic/truestudio for arm 8.1.0/armtools/bin/../lib/gcc/arm-atollic-eabi/6.3.1/armv7e-m/fpu/crtbegin.o
                0x08005b34                PROVIDE (__init_array_end, .)

.fini_array     0x08005b34        0x4
                [!provide]                PROVIDE (__fini_array_start, .)
 *(SORT(.fini_array.*))
 *(.fini_array*)
 .fini_array    0x08005b34        0x4 c:/program files (x86)/atollic/truestudio for arm 8.1.0/armtools/bin/../lib/gcc/arm-atollic-eabi/6.3.1/armv7e-m/fpu/crtbegin.o
                [!provide]                PROVIDE (__fini_array_end, .)
                0x08005b38                _sidata = LOADADDR (.data)

.data           0x20000000       0xc0 load address 0x08005b38
                0x20000000                . = ALIGN (0x4)
                0x20000000                _sdata = .
 *(.data)
 *(.data*)
 .data.HTS221_T_Drv
                0x20000000       0x10 Drivers\Components\hts221\hts221.o
                0x20000000                HTS221_T_Drv
 .data.LPS22HB_P_Drv
                0x20000010        0xc Drivers\Components\lps22hb\lps22hb.o
                0x20000010                LPS22HB_P_Drv
 .data.Lsm6dslAccDrv
                0x2000001c       0x34 Drivers\Components\lsm6dsl\lsm6dsl.o
                0x2000001c                Lsm6dslAccDrv
 .data.IP_Addr  0x20000050        0x4 Src\main.o
                0x20000050                IP_Addr
 .data.server   0x20000054        0x4 Src\main.o
                0x20000054                server
 .data.SystemCoreClock
                0x20000058        0x4 Src\system_stm32l4xx.o
                0x20000058                SystemCoreClock
 .data._impure_ptr
                0x2000005c        0x4 c:/program files (x86)/atollic/truestudio for arm 8.1.0/armtools/bin/../lib/gcc/arm-atollic-eabi/6.3.1/../../../../arm-atollic-eabi/lib/armv7e-m/fpu\libc_nano.a(lib_a-impure.o)
                0x2000005c                _impure_ptr
 .data.impure_data
                0x20000060       0x60 c:/program files (x86)/atollic/truestudio for arm 8.1.0/armtools/bin/../lib/gcc/arm-atollic-eabi/6.3.1/../../../../arm-atollic-eabi/lib/armv7e-m/fpu\libc_nano.a(lib_a-impure.o)
                0x200000c0                . = ALIGN (0x4)
                0x200000c0                _edata = .

.igot.plt       0x200000c0        0x0 load address 0x08005bf8
 .igot.plt      0x200000c0        0x0 c:/program files (x86)/atollic/truestudio for arm 8.1.0/armtools/bin/../lib/gcc/arm-atollic-eabi/6.3.1/armv7e-m/fpu/crtbegin.o
                0x200000c0                . = ALIGN (0x4)

.bss            0x200000c0     0x1038 load address 0x08005bf8
                0x200000c0                _sbss = .
                0x200000c0                __bss_start__ = _sbss
 *(.bss)
 .bss           0x200000c0       0x1c c:/program files (x86)/atollic/truestudio for arm 8.1.0/armtools/bin/../lib/gcc/arm-atollic-eabi/6.3.1/armv7e-m/fpu/crtbegin.o
 *(.bss*)
 .bss.AccelerometerDrv
                0x200000dc        0x4 Drivers\BSP\stm32l475e_iot01_accelero.o
 .bss.a_dfsdm1ChannelHandle
                0x200000e0       0x20 Drivers\STM32L4xx_HAL_Driver\Src\stm32l4xx_hal_dfsdm.o
                0x200000e0                a_dfsdm1ChannelHandle
 .bss.v_dfsdm1ChannelCounter
                0x20000100        0x4 Drivers\STM32L4xx_HAL_Driver\Src\stm32l4xx_hal_dfsdm.o
                0x20000100                v_dfsdm1ChannelCounter
 .bss.WIFI_connection.10300
                0x20000104       0xfa Src\Setup.o
 .bss.XferSize  0x200001fe        0x2 Src\Setup.o
 .bss.DFSDM1_Init
                0x20000200        0x4 Src\dfsdm.o
 .bss.WIFI_xmit
                0x20000204       0x44 Src\main.o
 .bss.pDataXYZ  0x20000248        0x6 Src\main.o
                0x20000248                pDataXYZ
 *fill*         0x2000024e        0x2 
 .bss.press_value
                0x20000250        0x4 Src\main.o
                0x20000250                press_value
 .bss.qDataXYZ  0x20000254        0x6 Src\main.o
                0x20000254                qDataXYZ
 *fill*         0x2000025a        0x2 
 .bss.temp_value
                0x2000025c        0x4 Src\main.o
                0x2000025c                temp_value
 .bss.Psensor_drv
                0x20000260        0x4 Src\stm32l475e_iot01_psensor.o
 .bss.tsensor_drv
                0x20000264        0x4 Src\stm32l475e_iot01_tsensor.o
 .bss.__malloc_free_list
                0x20000268        0x4 c:/program files (x86)/atollic/truestudio for arm 8.1.0/armtools/bin/../lib/gcc/arm-atollic-eabi/6.3.1/../../../../arm-atollic-eabi/lib/armv7e-m/fpu\libc_nano.a(lib_a-nano-mallocr.o)
                0x20000268                __malloc_free_list
 .bss.__malloc_sbrk_start
                0x2000026c        0x4 c:/program files (x86)/atollic/truestudio for arm 8.1.0/armtools/bin/../lib/gcc/arm-atollic-eabi/6.3.1/../../../../arm-atollic-eabi/lib/armv7e-m/fpu\libc_nano.a(lib_a-nano-mallocr.o)
                0x2000026c                __malloc_sbrk_start
 .bss.heap_end.5239
                0x20000270        0x4 c:/program files (x86)/atollic/truestudio for arm 8.1.0/armtools/bin/../lib/gcc/arm-atollic-eabi/6.3.1/../../../../arm-atollic-eabi/lib/armv7e-m/fpu\libnosys.a(sbrk.o)
 *(COMMON)
 COMMON         0x20000274       0xc4 Drivers\BSP\stm32l475e_iot01.o
                0x20000274                hDiscoUart
                0x200002ec                hI2cHandler
 COMMON         0x20000338        0x4 Drivers\STM32L4xx_HAL_Driver\Src\stm32l4xx_hal.o
                0x20000338                uwTick
 COMMON         0x2000033c      0x4a8 Src\Setup.o
                0x2000033c                hpcd_USB_OTG_FS
                0x20000708                hspi3
                0x2000076c                huart1
 COMMON         0x200007e4       0x38 Src\dfsdm.o
                0x200007e4                hdfsdm1_channel1
 COMMON         0x2000081c       0x64 Src\es_wifi_io.o
                0x2000081c                hspi
 COMMON         0x20000880       0x4c Src\i2c.o
                0x20000880                hi2c2
 COMMON         0x200008cc        0x3 Src\main.o
                0x200008cc                DeltaY
                0x200008cd                DeltaZ
                0x200008ce                DeltaX
 *fill*         0x200008cf        0x1 
 COMMON         0x200008d0       0x44 Src\quadspi.o
                0x200008d0                hqspi
 COMMON         0x20000914       0x78 Src\usart.o
                0x20000914                huart3
 COMMON         0x2000098c      0x768 Src\wifi.o
                0x2000098c                EsWifiObj
 COMMON         0x200010f4        0x4 c:/program files (x86)/atollic/truestudio for arm 8.1.0/armtools/bin/../lib/gcc/arm-atollic-eabi/6.3.1/../../../../arm-atollic-eabi/lib/armv7e-m/fpu\libc_nano.a(lib_a-reent.o)
                0x200010f4                errno
                0x200010f8                . = ALIGN (0x4)
                0x200010f8                _ebss = .
                0x200010f8                __bss_end__ = _ebss

._user_heap_stack
                0x200010f8      0x600 load address 0x08005bf8
                0x200010f8                . = ALIGN (0x4)
                0x200010f8                PROVIDE (end, .)
                [!provide]                PROVIDE (_end, .)
                0x200012f8                . = (. + _Min_Heap_Size)
 *fill*         0x200010f8      0x200 
                0x200016f8                . = (. + _Min_Stack_Size)
 *fill*         0x200012f8      0x400 
                0x200016f8                . = ALIGN (0x4)

/DISCARD/
 libc.a(*)
 libm.a(*)
 libgcc.a(*)

.ARM.attributes
                0x00000000       0x30
 *(.ARM.attributes)
 .ARM.attributes
                0x00000000       0x22 c:/program files (x86)/atollic/truestudio for arm 8.1.0/armtools/bin/../lib/gcc/arm-atollic-eabi/6.3.1/armv7e-m/fpu/crti.o
 .ARM.attributes
                0x00000022       0x34 c:/program files (x86)/atollic/truestudio for arm 8.1.0/armtools/bin/../lib/gcc/arm-atollic-eabi/6.3.1/armv7e-m/fpu/crtbegin.o
 .ARM.attributes
                0x00000056       0x39 Drivers\BSP\stm32l475e_iot01.o
 .ARM.attributes
                0x0000008f       0x39 Drivers\BSP\stm32l475e_iot01_accelero.o
 .ARM.attributes
                0x000000c8       0x39 Drivers\Components\hts221\hts221.o
 .ARM.attributes
                0x00000101       0x39 Drivers\Components\lps22hb\lps22hb.o
 .ARM.attributes
                0x0000013a       0x39 Drivers\Components\lsm6dsl\lsm6dsl.o
 .ARM.attributes
                0x00000173       0x39 Drivers\STM32L4xx_HAL_Driver\Src\stm32l4xx_hal.o
 .ARM.attributes
                0x000001ac       0x39 Drivers\STM32L4xx_HAL_Driver\Src\stm32l4xx_hal_cortex.o
 .ARM.attributes
                0x000001e5       0x39 Drivers\STM32L4xx_HAL_Driver\Src\stm32l4xx_hal_dfsdm.o
 .ARM.attributes
                0x0000021e       0x39 Drivers\STM32L4xx_HAL_Driver\Src\stm32l4xx_hal_gpio.o
 .ARM.attributes
                0x00000257       0x39 Drivers\STM32L4xx_HAL_Driver\Src\stm32l4xx_hal_i2c.o
 .ARM.attributes
                0x00000290       0x39 Drivers\STM32L4xx_HAL_Driver\Src\stm32l4xx_hal_i2c_ex.o
 .ARM.attributes
                0x000002c9       0x39 Drivers\STM32L4xx_HAL_Driver\Src\stm32l4xx_hal_pcd.o
 .ARM.attributes
                0x00000302       0x39 Drivers\STM32L4xx_HAL_Driver\Src\stm32l4xx_hal_pcd_ex.o
 .ARM.attributes
                0x0000033b       0x39 Drivers\STM32L4xx_HAL_Driver\Src\stm32l4xx_hal_pwr_ex.o
 .ARM.attributes
                0x00000374       0x39 Drivers\STM32L4xx_HAL_Driver\Src\stm32l4xx_hal_qspi.o
 .ARM.attributes
                0x000003ad       0x39 Drivers\STM32L4xx_HAL_Driver\Src\stm32l4xx_hal_rcc.o
 .ARM.attributes
                0x000003e6       0x39 Drivers\STM32L4xx_HAL_Driver\Src\stm32l4xx_hal_rcc_ex.o
 .ARM.attributes
                0x0000041f       0x39 Drivers\STM32L4xx_HAL_Driver\Src\stm32l4xx_hal_spi.o
 .ARM.attributes
                0x00000458       0x39 Drivers\STM32L4xx_HAL_Driver\Src\stm32l4xx_hal_spi_ex.o
 .ARM.attributes
                0x00000491       0x39 Drivers\STM32L4xx_HAL_Driver\Src\stm32l4xx_hal_uart.o
 .ARM.attributes
                0x000004ca       0x39 Drivers\STM32L4xx_HAL_Driver\Src\stm32l4xx_ll_usb.o
 .ARM.attributes
                0x00000503       0x39 Src\Setup.o
 .ARM.attributes
                0x0000053c       0x39 Src\dfsdm.o
 .ARM.attributes
                0x00000575       0x39 Src\es_wifi.o
 .ARM.attributes
                0x000005ae       0x39 Src\es_wifi_io.o
 .ARM.attributes
                0x000005e7       0x39 Src\gpio.o
 .ARM.attributes
                0x00000620       0x39 Src\i2c.o
 .ARM.attributes
                0x00000659       0x39 Src\main.o
 .ARM.attributes
                0x00000692       0x39 Src\quadspi.o
 .ARM.attributes
                0x000006cb       0x39 Src\spi.o
 .ARM.attributes
                0x00000704       0x39 Src\stm32l475e_iot01_psensor.o
 .ARM.attributes
                0x0000073d       0x39 Src\stm32l475e_iot01_tsensor.o
 .ARM.attributes
                0x00000776       0x39 Src\stm32l4xx_hal_msp.o
 .ARM.attributes
                0x000007af       0x39 Src\stm32l4xx_it.o
 .ARM.attributes
                0x000007e8       0x39 Src\system_stm32l4xx.o
 .ARM.attributes
                0x00000821       0x39 Src\usart.o
 .ARM.attributes
                0x0000085a       0x39 Src\usb_otg.o
 .ARM.attributes
                0x00000893       0x39 Src\wifi.o
 .ARM.attributes
                0x000008cc       0x21 startup\startup_stm32l475xx.o
 .ARM.attributes
                0x000008ed       0x34 c:/program files (x86)/atollic/truestudio for arm 8.1.0/armtools/bin/../lib/gcc/arm-atollic-eabi/6.3.1/../../../../arm-atollic-eabi/lib/armv7e-m/fpu\libc_nano.a(lib_a-init.o)
 .ARM.attributes
                0x00000921       0x34 c:/program files (x86)/atollic/truestudio for arm 8.1.0/armtools/bin/../lib/gcc/arm-atollic-eabi/6.3.1/../../../../arm-atollic-eabi/lib/armv7e-m/fpu\libc_nano.a(lib_a-memcpy-stub.o)
 .ARM.attributes
                0x00000955       0x34 c:/program files (x86)/atollic/truestudio for arm 8.1.0/armtools/bin/../lib/gcc/arm-atollic-eabi/6.3.1/../../../../arm-atollic-eabi/lib/armv7e-m/fpu\libc_nano.a(lib_a-sprintf.o)
 .ARM.attributes
                0x00000989       0x34 c:/program files (x86)/atollic/truestudio for arm 8.1.0/armtools/bin/../lib/gcc/arm-atollic-eabi/6.3.1/../../../../arm-atollic-eabi/lib/armv7e-m/fpu\libc_nano.a(lib_a-strchr.o)
 .ARM.attributes
                0x000009bd       0x34 c:/program files (x86)/atollic/truestudio for arm 8.1.0/armtools/bin/../lib/gcc/arm-atollic-eabi/6.3.1/../../../../arm-atollic-eabi/lib/armv7e-m/fpu\libc_nano.a(lib_a-strcpy.o)
 .ARM.attributes
                0x000009f1       0x1b c:/program files (x86)/atollic/truestudio for arm 8.1.0/armtools/bin/../lib/gcc/arm-atollic-eabi/6.3.1/../../../../arm-atollic-eabi/lib/armv7e-m/fpu\libc_nano.a(lib_a-strlen.o)
 .ARM.attributes
                0x00000a0c       0x34 c:/program files (x86)/atollic/truestudio for arm 8.1.0/armtools/bin/../lib/gcc/arm-atollic-eabi/6.3.1/../../../../arm-atollic-eabi/lib/armv7e-m/fpu\libc_nano.a(lib_a-strncpy.o)
 .ARM.attributes
                0x00000a40       0x34 c:/program files (x86)/atollic/truestudio for arm 8.1.0/armtools/bin/../lib/gcc/arm-atollic-eabi/6.3.1/../../../../arm-atollic-eabi/lib/armv7e-m/fpu\libc_nano.a(lib_a-strstr.o)
 .ARM.attributes
                0x00000a74       0x34 c:/program files (x86)/atollic/truestudio for arm 8.1.0/armtools/bin/../lib/gcc/arm-atollic-eabi/6.3.1/../../../../arm-atollic-eabi/lib/armv7e-m/fpu\libc_nano.a(lib_a-strtok.o)
 .ARM.attributes
                0x00000aa8       0x34 c:/program files (x86)/atollic/truestudio for arm 8.1.0/armtools/bin/../lib/gcc/arm-atollic-eabi/6.3.1/../../../../arm-atollic-eabi/lib/armv7e-m/fpu\libc_nano.a(lib_a-strtok_r.o)
 .ARM.attributes
                0x00000adc       0x34 c:/program files (x86)/atollic/truestudio for arm 8.1.0/armtools/bin/../lib/gcc/arm-atollic-eabi/6.3.1/../../../../arm-atollic-eabi/lib/armv7e-m/fpu\libc_nano.a(lib_a-impure.o)
 .ARM.attributes
                0x00000b10       0x34 c:/program files (x86)/atollic/truestudio for arm 8.1.0/armtools/bin/../lib/gcc/arm-atollic-eabi/6.3.1/../../../../arm-atollic-eabi/lib/armv7e-m/fpu\libc_nano.a(lib_a-malloc.o)
 .ARM.attributes
                0x00000b44       0x34 c:/program files (x86)/atollic/truestudio for arm 8.1.0/armtools/bin/../lib/gcc/arm-atollic-eabi/6.3.1/../../../../arm-atollic-eabi/lib/armv7e-m/fpu\libc_nano.a(lib_a-nano-freer.o)
 .ARM.attributes
                0x00000b78       0x34 c:/program files (x86)/atollic/truestudio for arm 8.1.0/armtools/bin/../lib/gcc/arm-atollic-eabi/6.3.1/../../../../arm-atollic-eabi/lib/armv7e-m/fpu\libc_nano.a(lib_a-nano-mallocr.o)
 .ARM.attributes
                0x00000bac       0x34 c:/program files (x86)/atollic/truestudio for arm 8.1.0/armtools/bin/../lib/gcc/arm-atollic-eabi/6.3.1/../../../../arm-atollic-eabi/lib/armv7e-m/fpu\libc_nano.a(lib_a-nano-svfprintf.o)
 .ARM.attributes
                0x00000be0       0x34 c:/program files (x86)/atollic/truestudio for arm 8.1.0/armtools/bin/../lib/gcc/arm-atollic-eabi/6.3.1/../../../../arm-atollic-eabi/lib/armv7e-m/fpu\libc_nano.a(lib_a-nano-vfprintf_i.o)
 .ARM.attributes
                0x00000c14       0x34 c:/program files (x86)/atollic/truestudio for arm 8.1.0/armtools/bin/../lib/gcc/arm-atollic-eabi/6.3.1/../../../../arm-atollic-eabi/lib/armv7e-m/fpu\libc_nano.a(lib_a-sbrkr.o)
 .ARM.attributes
                0x00000c48       0x20 c:/program files (x86)/atollic/truestudio for arm 8.1.0/armtools/bin/../lib/gcc/arm-atollic-eabi/6.3.1/../../../../arm-atollic-eabi/lib/armv7e-m/fpu\libc_nano.a(lib_a-memchr.o)
 .ARM.attributes
                0x00000c68       0x34 c:/program files (x86)/atollic/truestudio for arm 8.1.0/armtools/bin/../lib/gcc/arm-atollic-eabi/6.3.1/../../../../arm-atollic-eabi/lib/armv7e-m/fpu\libc_nano.a(lib_a-memmove.o)
 .ARM.attributes
                0x00000c9c       0x34 c:/program files (x86)/atollic/truestudio for arm 8.1.0/armtools/bin/../lib/gcc/arm-atollic-eabi/6.3.1/../../../../arm-atollic-eabi/lib/armv7e-m/fpu\libc_nano.a(lib_a-mlock.o)
 .ARM.attributes
                0x00000cd0       0x34 c:/program files (x86)/atollic/truestudio for arm 8.1.0/armtools/bin/../lib/gcc/arm-atollic-eabi/6.3.1/../../../../arm-atollic-eabi/lib/armv7e-m/fpu\libc_nano.a(lib_a-nano-reallocr.o)
 .ARM.attributes
                0x00000d04       0x34 c:/program files (x86)/atollic/truestudio for arm 8.1.0/armtools/bin/../lib/gcc/arm-atollic-eabi/6.3.1/../../../../arm-atollic-eabi/lib/armv7e-m/fpu\libc_nano.a(lib_a-reent.o)
 .ARM.attributes
                0x00000d38       0x34 c:/program files (x86)/atollic/truestudio for arm 8.1.0/armtools/bin/../lib/gcc/arm-atollic-eabi/6.3.1/../../../../arm-atollic-eabi/lib/armv7e-m/fpu\libc_nano.a(lib_a-nano-msizer.o)
 .ARM.attributes
                0x00000d6c       0x22 c:/program files (x86)/atollic/truestudio for arm 8.1.0/armtools/bin/../lib/gcc/arm-atollic-eabi/6.3.1/armv7e-m/fpu\libgcc.a(_arm_addsubdf3.o)
 .ARM.attributes
                0x00000d8e       0x22 c:/program files (x86)/atollic/truestudio for arm 8.1.0/armtools/bin/../lib/gcc/arm-atollic-eabi/6.3.1/armv7e-m/fpu\libgcc.a(_aeabi_uldivmod.o)
 .ARM.attributes
                0x00000db0       0x34 c:/program files (x86)/atollic/truestudio for arm 8.1.0/armtools/bin/../lib/gcc/arm-atollic-eabi/6.3.1/armv7e-m/fpu\libgcc.a(_udivmoddi4.o)
 .ARM.attributes
                0x00000de4       0x22 c:/program files (x86)/atollic/truestudio for arm 8.1.0/armtools/bin/../lib/gcc/arm-atollic-eabi/6.3.1/armv7e-m/fpu\libgcc.a(_dvmd_tls.o)
 .ARM.attributes
                0x00000e06       0x34 c:/program files (x86)/atollic/truestudio for arm 8.1.0/armtools/bin/../lib/gcc/arm-atollic-eabi/6.3.1/../../../../arm-atollic-eabi/lib/armv7e-m/fpu\libnosys.a(sbrk.o)
 .ARM.attributes
                0x00000e3a       0x22 c:/program files (x86)/atollic/truestudio for arm 8.1.0/armtools/bin/../lib/gcc/arm-atollic-eabi/6.3.1/armv7e-m/fpu/crtn.o
OUTPUT(Final.elf elf32-littlearm)

.debug_info     0x00000000    0x37231
 .debug_info    0x00000000     0x29f5 Drivers\BSP\stm32l475e_iot01.o
 .debug_info    0x000029f5      0xd0c Drivers\BSP\stm32l475e_iot01_accelero.o
 .debug_info    0x00003701      0x659 Drivers\Components\hts221\hts221.o
 .debug_info    0x00003d5a      0x511 Drivers\Components\lps22hb\lps22hb.o
 .debug_info    0x0000426b      0x791 Drivers\Components\lsm6dsl\lsm6dsl.o
 .debug_info    0x000049fc     0x12fb Drivers\STM32L4xx_HAL_Driver\Src\stm32l4xx_hal.o
 .debug_info    0x00005cf7     0x176d Drivers\STM32L4xx_HAL_Driver\Src\stm32l4xx_hal_cortex.o
 .debug_info    0x00007464     0x25b8 Drivers\STM32L4xx_HAL_Driver\Src\stm32l4xx_hal_dfsdm.o
 .debug_info    0x00009a1c     0x1081 Drivers\STM32L4xx_HAL_Driver\Src\stm32l4xx_hal_gpio.o
 .debug_info    0x0000aa9d     0x3947 Drivers\STM32L4xx_HAL_Driver\Src\stm32l4xx_hal_i2c.o
 .debug_info    0x0000e3e4     0x123a Drivers\STM32L4xx_HAL_Driver\Src\stm32l4xx_hal_i2c_ex.o
 .debug_info    0x0000f61e     0x1e4f Drivers\STM32L4xx_HAL_Driver\Src\stm32l4xx_hal_pcd.o
 .debug_info    0x0001146d     0x12b0 Drivers\STM32L4xx_HAL_Driver\Src\stm32l4xx_hal_pcd_ex.o
 .debug_info    0x0001271d     0x12a1 Drivers\STM32L4xx_HAL_Driver\Src\stm32l4xx_hal_pwr_ex.o
 .debug_info    0x000139be     0x1eea Drivers\STM32L4xx_HAL_Driver\Src\stm32l4xx_hal_qspi.o
 .debug_info    0x000158a8     0x15c5 Drivers\STM32L4xx_HAL_Driver\Src\stm32l4xx_hal_rcc.o
 .debug_info    0x00016e6d     0x17ef Drivers\STM32L4xx_HAL_Driver\Src\stm32l4xx_hal_rcc_ex.o
 .debug_info    0x0001865c     0x280f Drivers\STM32L4xx_HAL_Driver\Src\stm32l4xx_hal_spi.o
 .debug_info    0x0001ae6b      0xe6f Drivers\STM32L4xx_HAL_Driver\Src\stm32l4xx_hal_spi_ex.o
 .debug_info    0x0001bcda     0x2455 Drivers\STM32L4xx_HAL_Driver\Src\stm32l4xx_hal_uart.o
 .debug_info    0x0001e12f     0x1f63 Drivers\STM32L4xx_HAL_Driver\Src\stm32l4xx_ll_usb.o
 .debug_info    0x00020092     0x20dc Src\Setup.o
 .debug_info    0x0002216e      0xfef Src\dfsdm.o
 .debug_info    0x0002315d     0x37d6 Src\es_wifi.o
 .debug_info    0x00026933     0x1947 Src\es_wifi_io.o
 .debug_info    0x0002827a     0x128b Src\gpio.o
 .debug_info    0x00029505     0x1335 Src\i2c.o
 .debug_info    0x0002a83a     0x2422 Src\main.o
 .debug_info    0x0002cc5c     0x121a Src\quadspi.o
 .debug_info    0x0002de76     0x125b Src\spi.o
 .debug_info    0x0002f0d1      0xba5 Src\stm32l475e_iot01_psensor.o
 .debug_info    0x0002fc76      0xb9e Src\stm32l475e_iot01_tsensor.o
 .debug_info    0x00030814      0xebe Src\stm32l4xx_hal_msp.o
 .debug_info    0x000316d2      0xb04 Src\stm32l4xx_it.o
 .debug_info    0x000321d6      0xdd5 Src\system_stm32l4xx.o
 .debug_info    0x00032fab     0x1390 Src\usart.o
 .debug_info    0x0003433b     0x1338 Src\usb_otg.o
 .debug_info    0x00035673     0x1b44 Src\wifi.o
 .debug_info    0x000371b7       0x7a startup\startup_stm32l475xx.o

.debug_abbrev   0x00000000     0x646b
 .debug_abbrev  0x00000000      0x41a Drivers\BSP\stm32l475e_iot01.o
 .debug_abbrev  0x0000041a      0x23e Drivers\BSP\stm32l475e_iot01_accelero.o
 .debug_abbrev  0x00000658      0x176 Drivers\Components\hts221\hts221.o
 .debug_abbrev  0x000007ce      0x1a9 Drivers\Components\lps22hb\lps22hb.o
 .debug_abbrev  0x00000977      0x1de Drivers\Components\lsm6dsl\lsm6dsl.o
 .debug_abbrev  0x00000b55      0x2c9 Drivers\STM32L4xx_HAL_Driver\Src\stm32l4xx_hal.o
 .debug_abbrev  0x00000e1e      0x37d Drivers\STM32L4xx_HAL_Driver\Src\stm32l4xx_hal_cortex.o
 .debug_abbrev  0x0000119b      0x343 Drivers\STM32L4xx_HAL_Driver\Src\stm32l4xx_hal_dfsdm.o
 .debug_abbrev  0x000014de      0x268 Drivers\STM32L4xx_HAL_Driver\Src\stm32l4xx_hal_gpio.o
 .debug_abbrev  0x00001746      0x3b8 Drivers\STM32L4xx_HAL_Driver\Src\stm32l4xx_hal_i2c.o
 .debug_abbrev  0x00001afe      0x218 Drivers\STM32L4xx_HAL_Driver\Src\stm32l4xx_hal_i2c_ex.o
 .debug_abbrev  0x00001d16      0x389 Drivers\STM32L4xx_HAL_Driver\Src\stm32l4xx_hal_pcd.o
 .debug_abbrev  0x0000209f      0x2f3 Drivers\STM32L4xx_HAL_Driver\Src\stm32l4xx_hal_pcd_ex.o
 .debug_abbrev  0x00002392      0x2c7 Drivers\STM32L4xx_HAL_Driver\Src\stm32l4xx_hal_pwr_ex.o
 .debug_abbrev  0x00002659      0x38a Drivers\STM32L4xx_HAL_Driver\Src\stm32l4xx_hal_qspi.o
 .debug_abbrev  0x000029e3      0x2d2 Drivers\STM32L4xx_HAL_Driver\Src\stm32l4xx_hal_rcc.o
 .debug_abbrev  0x00002cb5      0x2ec Drivers\STM32L4xx_HAL_Driver\Src\stm32l4xx_hal_rcc_ex.o
 .debug_abbrev  0x00002fa1      0x389 Drivers\STM32L4xx_HAL_Driver\Src\stm32l4xx_hal_spi.o
 .debug_abbrev  0x0000332a      0x1ce Drivers\STM32L4xx_HAL_Driver\Src\stm32l4xx_hal_spi_ex.o
 .debug_abbrev  0x000034f8      0x3aa Drivers\STM32L4xx_HAL_Driver\Src\stm32l4xx_hal_uart.o
 .debug_abbrev  0x000038a2      0x2e7 Drivers\STM32L4xx_HAL_Driver\Src\stm32l4xx_ll_usb.o
 .debug_abbrev  0x00003b89      0x2e2 Src\Setup.o
 .debug_abbrev  0x00003e6b      0x227 Src\dfsdm.o
 .debug_abbrev  0x00004092      0x439 Src\es_wifi.o
 .debug_abbrev  0x000044cb      0x32e Src\es_wifi_io.o
 .debug_abbrev  0x000047f9      0x200 Src\gpio.o
 .debug_abbrev  0x000049f9      0x229 Src\i2c.o
 .debug_abbrev  0x00004c22      0x28e Src\main.o
 .debug_abbrev  0x00004eb0      0x227 Src\quadspi.o
 .debug_abbrev  0x000050d7      0x227 Src\spi.o
 .debug_abbrev  0x000052fe      0x1f8 Src\stm32l475e_iot01_psensor.o
 .debug_abbrev  0x000054f6      0x20c Src\stm32l475e_iot01_tsensor.o
 .debug_abbrev  0x00005702      0x1f5 Src\stm32l4xx_hal_msp.o
 .debug_abbrev  0x000058f7      0x213 Src\stm32l4xx_it.o
 .debug_abbrev  0x00005b0a      0x1eb Src\system_stm32l4xx.o
 .debug_abbrev  0x00005cf5      0x235 Src\usart.o
 .debug_abbrev  0x00005f2a      0x264 Src\usb_otg.o
 .debug_abbrev  0x0000618e      0x2cb Src\wifi.o
 .debug_abbrev  0x00006459       0x12 startup\startup_stm32l475xx.o

.debug_loc      0x00000000    0x11455
 .debug_loc     0x00000000      0x9c8 Drivers\BSP\stm32l475e_iot01.o
 .debug_loc     0x000009c8       0xd5 Drivers\BSP\stm32l475e_iot01_accelero.o
 .debug_loc     0x00000a9d      0x22e Drivers\Components\hts221\hts221.o
 .debug_loc     0x00000ccb      0x271 Drivers\Components\lps22hb\lps22hb.o
 .debug_loc     0x00000f3c      0x3c5 Drivers\Components\lsm6dsl\lsm6dsl.o
 .debug_loc     0x00001301       0xf8 Drivers\STM32L4xx_HAL_Driver\Src\stm32l4xx_hal.o
 .debug_loc     0x000013f9      0x4fb Drivers\STM32L4xx_HAL_Driver\Src\stm32l4xx_hal_cortex.o
 .debug_loc     0x000018f4     0x1890 Drivers\STM32L4xx_HAL_Driver\Src\stm32l4xx_hal_dfsdm.o
 .debug_loc     0x00003184      0x2cd Drivers\STM32L4xx_HAL_Driver\Src\stm32l4xx_hal_gpio.o
 .debug_loc     0x00003451     0x30e5 Drivers\STM32L4xx_HAL_Driver\Src\stm32l4xx_hal_i2c.o
 .debug_loc     0x00006536      0x1b8 Drivers\STM32L4xx_HAL_Driver\Src\stm32l4xx_hal_i2c_ex.o
 .debug_loc     0x000066ee      0xb92 Drivers\STM32L4xx_HAL_Driver\Src\stm32l4xx_hal_pcd.o
 .debug_loc     0x00007280      0x1d5 Drivers\STM32L4xx_HAL_Driver\Src\stm32l4xx_hal_pcd_ex.o
 .debug_loc     0x00007455      0x5ad Drivers\STM32L4xx_HAL_Driver\Src\stm32l4xx_hal_pwr_ex.o
 .debug_loc     0x00007a02     0x10a0 Drivers\STM32L4xx_HAL_Driver\Src\stm32l4xx_hal_qspi.o
 .debug_loc     0x00008aa2      0x5ac Drivers\STM32L4xx_HAL_Driver\Src\stm32l4xx_hal_rcc.o
 .debug_loc     0x0000904e      0xdab Drivers\STM32L4xx_HAL_Driver\Src\stm32l4xx_hal_rcc_ex.o
 .debug_loc     0x00009df9     0x1888 Drivers\STM32L4xx_HAL_Driver\Src\stm32l4xx_hal_spi.o
 .debug_loc     0x0000b681       0x53 Drivers\STM32L4xx_HAL_Driver\Src\stm32l4xx_hal_spi_ex.o
 .debug_loc     0x0000b6d4     0x19b3 Drivers\STM32L4xx_HAL_Driver\Src\stm32l4xx_hal_uart.o
 .debug_loc     0x0000d087     0x15d3 Drivers\STM32L4xx_HAL_Driver\Src\stm32l4xx_ll_usb.o
 .debug_loc     0x0000e65a       0x4d Src\Setup.o
 .debug_loc     0x0000e6a7       0x4d Src\dfsdm.o
 .debug_loc     0x0000e6f4     0x1d00 Src\es_wifi.o
 .debug_loc     0x000103f4      0x249 Src\es_wifi_io.o
 .debug_loc     0x0001063d       0x4d Src\i2c.o
 .debug_loc     0x0001068a       0x4d Src\quadspi.o
 .debug_loc     0x000106d7       0x4d Src\spi.o
 .debug_loc     0x00010724       0x20 Src\stm32l475e_iot01_psensor.o
 .debug_loc     0x00010744       0x4c Src\stm32l475e_iot01_tsensor.o
 .debug_loc     0x00010790      0x1be Src\system_stm32l4xx.o
 .debug_loc     0x0001094e       0x7f Src\usart.o
 .debug_loc     0x000109cd       0x42 Src\usb_otg.o
 .debug_loc     0x00010a0f      0xa46 Src\wifi.o

.debug_aranges  0x00000000     0x16e8
 .debug_aranges
                0x00000000       0xe8 Drivers\BSP\stm32l475e_iot01.o
 .debug_aranges
                0x000000e8       0x38 Drivers\BSP\stm32l475e_iot01_accelero.o
 .debug_aranges
                0x00000120       0x40 Drivers\Components\hts221\hts221.o
 .debug_aranges
                0x00000160       0x48 Drivers\Components\lps22hb\lps22hb.o
 .debug_aranges
                0x000001a8       0x60 Drivers\Components\lsm6dsl\lsm6dsl.o
 .debug_aranges
                0x00000208      0x110 Drivers\STM32L4xx_HAL_Driver\Src\stm32l4xx_hal.o
 .debug_aranges
                0x00000318       0xa8 Drivers\STM32L4xx_HAL_Driver\Src\stm32l4xx_hal_cortex.o
 .debug_aranges
                0x000003c0      0x1f0 Drivers\STM32L4xx_HAL_Driver\Src\stm32l4xx_hal_dfsdm.o
 .debug_aranges
                0x000005b0       0x58 Drivers\STM32L4xx_HAL_Driver\Src\stm32l4xx_hal_gpio.o
 .debug_aranges
                0x00000608      0x200 Drivers\STM32L4xx_HAL_Driver\Src\stm32l4xx_hal_i2c.o
 .debug_aranges
                0x00000808       0x48 Drivers\STM32L4xx_HAL_Driver\Src\stm32l4xx_hal_i2c_ex.o
 .debug_aranges
                0x00000850       0xc0 Drivers\STM32L4xx_HAL_Driver\Src\stm32l4xx_hal_pcd.o
 .debug_aranges
                0x00000910       0x58 Drivers\STM32L4xx_HAL_Driver\Src\stm32l4xx_hal_pcd_ex.o
 .debug_aranges
                0x00000968      0x130 Drivers\STM32L4xx_HAL_Driver\Src\stm32l4xx_hal_pwr_ex.o
 .debug_aranges
                0x00000a98      0x108 Drivers\STM32L4xx_HAL_Driver\Src\stm32l4xx_hal_qspi.o
 .debug_aranges
                0x00000ba0       0x88 Drivers\STM32L4xx_HAL_Driver\Src\stm32l4xx_hal_rcc.o
 .debug_aranges
                0x00000c28       0xb8 Drivers\STM32L4xx_HAL_Driver\Src\stm32l4xx_hal_rcc_ex.o
 .debug_aranges
                0x00000ce0      0x198 Drivers\STM32L4xx_HAL_Driver\Src\stm32l4xx_hal_spi.o
 .debug_aranges
                0x00000e78       0x20 Drivers\STM32L4xx_HAL_Driver\Src\stm32l4xx_hal_spi_ex.o
 .debug_aranges
                0x00000e98      0x1a0 Drivers\STM32L4xx_HAL_Driver\Src\stm32l4xx_hal_uart.o
 .debug_aranges
                0x00001038      0x190 Drivers\STM32L4xx_HAL_Driver\Src\stm32l4xx_ll_usb.o
 .debug_aranges
                0x000011c8       0x40 Src\Setup.o
 .debug_aranges
                0x00001208       0x30 Src\dfsdm.o
 .debug_aranges
                0x00001238      0x140 Src\es_wifi.o
 .debug_aranges
                0x00001378       0x48 Src\es_wifi_io.o
 .debug_aranges
                0x000013c0       0x20 Src\gpio.o
 .debug_aranges
                0x000013e0       0x30 Src\i2c.o
 .debug_aranges
                0x00001410       0x20 Src\main.o
 .debug_aranges
                0x00001430       0x30 Src\quadspi.o
 .debug_aranges
                0x00001460       0x30 Src\spi.o
 .debug_aranges
                0x00001490       0x30 Src\stm32l475e_iot01_psensor.o
 .debug_aranges
                0x000014c0       0x28 Src\stm32l475e_iot01_tsensor.o
 .debug_aranges
                0x000014e8       0x20 Src\stm32l4xx_hal_msp.o
 .debug_aranges
                0x00001508       0x58 Src\stm32l4xx_it.o
 .debug_aranges
                0x00001560       0x28 Src\system_stm32l4xx.o
 .debug_aranges
                0x00001588       0x38 Src\usart.o
 .debug_aranges
                0x000015c0       0x30 Src\usb_otg.o
 .debug_aranges
                0x000015f0       0xd0 Src\wifi.o
 .debug_aranges
                0x000016c0       0x28 startup\startup_stm32l475xx.o

.debug_ranges   0x00000000     0x1ae8
 .debug_ranges  0x00000000      0x190 Drivers\BSP\stm32l475e_iot01.o
 .debug_ranges  0x00000190       0x28 Drivers\BSP\stm32l475e_iot01_accelero.o
 .debug_ranges  0x000001b8       0x30 Drivers\Components\hts221\hts221.o
 .debug_ranges  0x000001e8       0x38 Drivers\Components\lps22hb\lps22hb.o
 .debug_ranges  0x00000220       0x50 Drivers\Components\lsm6dsl\lsm6dsl.o
 .debug_ranges  0x00000270      0x100 Drivers\STM32L4xx_HAL_Driver\Src\stm32l4xx_hal.o
 .debug_ranges  0x00000370      0x138 Drivers\STM32L4xx_HAL_Driver\Src\stm32l4xx_hal_cortex.o
 .debug_ranges  0x000004a8      0x248 Drivers\STM32L4xx_HAL_Driver\Src\stm32l4xx_hal_dfsdm.o
 .debug_ranges  0x000006f0       0x68 Drivers\STM32L4xx_HAL_Driver\Src\stm32l4xx_hal_gpio.o
 .debug_ranges  0x00000758      0x268 Drivers\STM32L4xx_HAL_Driver\Src\stm32l4xx_hal_i2c.o
 .debug_ranges  0x000009c0       0x68 Drivers\STM32L4xx_HAL_Driver\Src\stm32l4xx_hal_i2c_ex.o
 .debug_ranges  0x00000a28       0xc8 Drivers\STM32L4xx_HAL_Driver\Src\stm32l4xx_hal_pcd.o
 .debug_ranges  0x00000af0       0x48 Drivers\STM32L4xx_HAL_Driver\Src\stm32l4xx_hal_pcd_ex.o
 .debug_ranges  0x00000b38      0x120 Drivers\STM32L4xx_HAL_Driver\Src\stm32l4xx_hal_pwr_ex.o
 .debug_ranges  0x00000c58      0x110 Drivers\STM32L4xx_HAL_Driver\Src\stm32l4xx_hal_qspi.o
 .debug_ranges  0x00000d68       0x90 Drivers\STM32L4xx_HAL_Driver\Src\stm32l4xx_hal_rcc.o
 .debug_ranges  0x00000df8       0xe0 Drivers\STM32L4xx_HAL_Driver\Src\stm32l4xx_hal_rcc_ex.o
 .debug_ranges  0x00000ed8      0x248 Drivers\STM32L4xx_HAL_Driver\Src\stm32l4xx_hal_spi.o
 .debug_ranges  0x00001120       0x10 Drivers\STM32L4xx_HAL_Driver\Src\stm32l4xx_hal_spi_ex.o
 .debug_ranges  0x00001130      0x190 Drivers\STM32L4xx_HAL_Driver\Src\stm32l4xx_hal_uart.o
 .debug_ranges  0x000012c0      0x180 Drivers\STM32L4xx_HAL_Driver\Src\stm32l4xx_ll_usb.o
 .debug_ranges  0x00001440       0x30 Src\Setup.o
 .debug_ranges  0x00001470       0x40 Src\dfsdm.o
 .debug_ranges  0x000014b0      0x258 Src\es_wifi.o
 .debug_ranges  0x00001708       0x80 Src\es_wifi_io.o
 .debug_ranges  0x00001788       0x50 Src\gpio.o
 .debug_ranges  0x000017d8       0x20 Src\i2c.o
 .debug_ranges  0x000017f8       0x28 Src\main.o
 .debug_ranges  0x00001820       0x40 Src\quadspi.o
 .debug_ranges  0x00001860       0x40 Src\spi.o
 .debug_ranges  0x000018a0       0x20 Src\stm32l475e_iot01_psensor.o
 .debug_ranges  0x000018c0       0x18 Src\stm32l475e_iot01_tsensor.o
 .debug_ranges  0x000018d8       0x40 Src\stm32l4xx_hal_msp.o
 .debug_ranges  0x00001918       0x48 Src\stm32l4xx_it.o
 .debug_ranges  0x00001960       0x18 Src\system_stm32l4xx.o
 .debug_ranges  0x00001978       0x58 Src\usart.o
 .debug_ranges  0x000019d0       0x38 Src\usb_otg.o
 .debug_ranges  0x00001a08       0xc0 Src\wifi.o
 .debug_ranges  0x00001ac8       0x20 startup\startup_stm32l475xx.o

.debug_line     0x00000000     0xd219
 .debug_line    0x00000000      0x61d Drivers\BSP\stm32l475e_iot01.o
 .debug_line    0x0000061d      0x31e Drivers\BSP\stm32l475e_iot01_accelero.o
 .debug_line    0x0000093b      0x219 Drivers\Components\hts221\hts221.o
 .debug_line    0x00000b54      0x219 Drivers\Components\lps22hb\lps22hb.o
 .debug_line    0x00000d6d      0x279 Drivers\Components\lsm6dsl\lsm6dsl.o
 .debug_line    0x00000fe6      0x4e5 Drivers\STM32L4xx_HAL_Driver\Src\stm32l4xx_hal.o
 .debug_line    0x000014cb      0x4cf Drivers\STM32L4xx_HAL_Driver\Src\stm32l4xx_hal_cortex.o
 .debug_line    0x0000199a      0xb70 Drivers\STM32L4xx_HAL_Driver\Src\stm32l4xx_hal_dfsdm.o
 .debug_line    0x0000250a      0x476 Drivers\STM32L4xx_HAL_Driver\Src\stm32l4xx_hal_gpio.o
 .debug_line    0x00002980     0x15ba Drivers\STM32L4xx_HAL_Driver\Src\stm32l4xx_hal_i2c.o
 .debug_line    0x00003f3a      0x3eb Drivers\STM32L4xx_HAL_Driver\Src\stm32l4xx_hal_i2c_ex.o
 .debug_line    0x00004325      0x74b Drivers\STM32L4xx_HAL_Driver\Src\stm32l4xx_hal_pcd.o
 .debug_line    0x00004a70      0x3d5 Drivers\STM32L4xx_HAL_Driver\Src\stm32l4xx_hal_pcd_ex.o
 .debug_line    0x00004e45      0x66e Drivers\STM32L4xx_HAL_Driver\Src\stm32l4xx_hal_pwr_ex.o
 .debug_line    0x000054b3      0x8d6 Drivers\STM32L4xx_HAL_Driver\Src\stm32l4xx_hal_qspi.o
 .debug_line    0x00005d89      0x643 Drivers\STM32L4xx_HAL_Driver\Src\stm32l4xx_hal_rcc.o
 .debug_line    0x000063cc      0x7c3 Drivers\STM32L4xx_HAL_Driver\Src\stm32l4xx_hal_rcc_ex.o
 .debug_line    0x00006b8f      0xd05 Drivers\STM32L4xx_HAL_Driver\Src\stm32l4xx_hal_spi.o
 .debug_line    0x00007894      0x2d2 Drivers\STM32L4xx_HAL_Driver\Src\stm32l4xx_hal_spi_ex.o
 .debug_line    0x00007b66      0xe47 Drivers\STM32L4xx_HAL_Driver\Src\stm32l4xx_hal_uart.o
 .debug_line    0x000089ad      0x8dc Drivers\STM32L4xx_HAL_Driver\Src\stm32l4xx_ll_usb.o
 .debug_line    0x00009289      0x45c Src\Setup.o
 .debug_line    0x000096e5      0x31a Src\dfsdm.o
 .debug_line    0x000099ff      0x7b0 Src\es_wifi.o
 .debug_line    0x0000a1af      0x420 Src\es_wifi_io.o
 .debug_line    0x0000a5cf      0x32a Src\gpio.o
 .debug_line    0x0000a8f9      0x31f Src\i2c.o
 .debug_line    0x0000ac18      0x563 Src\main.o
 .debug_line    0x0000b17b      0x317 Src\quadspi.o
 .debug_line    0x0000b492      0x313 Src\spi.o
 .debug_line    0x0000b7a5      0x33d Src\stm32l475e_iot01_psensor.o
 .debug_line    0x0000bae2      0x326 Src\stm32l475e_iot01_tsensor.o
 .debug_line    0x0000be08      0x288 Src\stm32l4xx_hal_msp.o
 .debug_line    0x0000c090      0x310 Src\stm32l4xx_it.o
 .debug_line    0x0000c3a0      0x2a2 Src\system_stm32l4xx.o
 .debug_line    0x0000c642      0x34f Src\usart.o
 .debug_line    0x0000c991      0x354 Src\usb_otg.o
 .debug_line    0x0000cce5      0x4b5 Src\wifi.o
 .debug_line    0x0000d19a       0x7f startup\startup_stm32l475xx.o

.debug_str      0x00000000     0x7fd1
 .debug_str     0x00000000     0x1855 Drivers\BSP\stm32l475e_iot01.o
                               0x19d2 (size before relaxing)
 .debug_str     0x00001855      0x217 Drivers\BSP\stm32l475e_iot01_accelero.o
                                0x898 (size before relaxing)
 .debug_str     0x00001a6c      0x1d1 Drivers\Components\hts221\hts221.o
                                0x42c (size before relaxing)
 .debug_str     0x00001c3d       0xd0 Drivers\Components\lps22hb\lps22hb.o
                                0x3e0 (size before relaxing)
 .debug_str     0x00001d0d      0x119 Drivers\Components\lsm6dsl\lsm6dsl.o
                                0x3f1 (size before relaxing)
 .debug_str     0x00001e26      0x3e1 Drivers\STM32L4xx_HAL_Driver\Src\stm32l4xx_hal.o
                               0x10d0 (size before relaxing)
 .debug_str     0x00002207      0x392 Drivers\STM32L4xx_HAL_Driver\Src\stm32l4xx_hal_cortex.o
                               0x108b (size before relaxing)
 .debug_str     0x00002599      0xdc3 Drivers\STM32L4xx_HAL_Driver\Src\stm32l4xx_hal_dfsdm.o
                               0x16de (size before relaxing)
 .debug_str     0x0000335c       0xed Drivers\STM32L4xx_HAL_Driver\Src\stm32l4xx_hal_gpio.o
                                0x9ef (size before relaxing)
 .debug_str     0x00003449      0x730 Drivers\STM32L4xx_HAL_Driver\Src\stm32l4xx_hal_i2c.o
                               0x1318 (size before relaxing)
 .debug_str     0x00003b79       0xd6 Drivers\STM32L4xx_HAL_Driver\Src\stm32l4xx_hal_i2c_ex.o
                                0xd91 (size before relaxing)
 .debug_str     0x00003c4f      0xadd Drivers\STM32L4xx_HAL_Driver\Src\stm32l4xx_hal_pcd.o
                               0x11c9 (size before relaxing)
 .debug_str     0x0000472c      0x199 Drivers\STM32L4xx_HAL_Driver\Src\stm32l4xx_hal_pcd_ex.o
                                0xd4d (size before relaxing)
 .debug_str     0x000048c5      0x53a Drivers\STM32L4xx_HAL_Driver\Src\stm32l4xx_hal_pwr_ex.o
                                0xc7f (size before relaxing)
 .debug_str     0x00004dff      0x68a Drivers\STM32L4xx_HAL_Driver\Src\stm32l4xx_hal_qspi.o
                                0xfd0 (size before relaxing)
 .debug_str     0x00005489      0x36d Drivers\STM32L4xx_HAL_Driver\Src\stm32l4xx_hal_rcc.o
                                0xca3 (size before relaxing)
 .debug_str     0x000057f6      0x56b Drivers\STM32L4xx_HAL_Driver\Src\stm32l4xx_hal_rcc_ex.o
                                0xf1e (size before relaxing)
 .debug_str     0x00005d61      0x65e Drivers\STM32L4xx_HAL_Driver\Src\stm32l4xx_hal_spi.o
                               0x1003 (size before relaxing)
 .debug_str     0x000063bf       0x51 Drivers\STM32L4xx_HAL_Driver\Src\stm32l4xx_hal_spi_ex.o
                                0xaac (size before relaxing)
 .debug_str     0x00006410      0x700 Drivers\STM32L4xx_HAL_Driver\Src\stm32l4xx_hal_uart.o
                               0x1444 (size before relaxing)
 .debug_str     0x00006b10      0x3d0 Drivers\STM32L4xx_HAL_Driver\Src\stm32l4xx_ll_usb.o
                               0x10a7 (size before relaxing)
 .debug_str     0x00006ee0       0xc4 Src\Setup.o
                               0x1bb1 (size before relaxing)
 .debug_str     0x00006fa4       0x43 Src\dfsdm.o
                                0xb2c (size before relaxing)
 .debug_str     0x00006fe7      0x931 Src\es_wifi.o
                               0x1000 (size before relaxing)
 .debug_str     0x00007918       0x97 Src\es_wifi_io.o
                                0xd9d (size before relaxing)
 .debug_str     0x000079af       0x1b Src\gpio.o
                                0xd62 (size before relaxing)
 .debug_str     0x000079ca       0x2a Src\i2c.o
                                0xd79 (size before relaxing)
 .debug_str     0x000079f4      0x1f3 Src\main.o
                               0x1a5d (size before relaxing)
 .debug_str     0x00007be7       0x1c Src\quadspi.o
                                0xc83 (size before relaxing)
 .debug_str     0x00007c03       0x1a Src\spi.o
                                0xc7a (size before relaxing)
 .debug_str     0x00007c1d       0x5a Src\stm32l475e_iot01_psensor.o
                                0x7d4 (size before relaxing)
 .debug_str     0x00007c77       0x47 Src\stm32l475e_iot01_tsensor.o
                                0x7ca (size before relaxing)
 .debug_str     0x00007cbe       0x1b Src\stm32l4xx_hal_msp.o
                                0xcb6 (size before relaxing)
 .debug_str     0x00007cd9       0xce Src\stm32l4xx_it.o
                                0x753 (size before relaxing)
 .debug_str     0x00007da7       0x3b Src\system_stm32l4xx.o
                                0x837 (size before relaxing)
 .debug_str     0x00007de2       0x1a Src\usart.o
                                0xd48 (size before relaxing)
 .debug_str     0x00007dfc       0x1b Src\usb_otg.o
                                0xcd3 (size before relaxing)
 .debug_str     0x00007e17      0x1ba Src\wifi.o
                               0x108b (size before relaxing)

.comment        0x00000000       0x7c
 .comment       0x00000000       0x7c Drivers\BSP\stm32l475e_iot01.o
                                 0x7d (size before relaxing)
 .comment       0x0000007c       0x7d Drivers\BSP\stm32l475e_iot01_accelero.o
 .comment       0x0000007c       0x7d Drivers\Components\hts221\hts221.o
 .comment       0x0000007c       0x7d Drivers\Components\lps22hb\lps22hb.o
 .comment       0x0000007c       0x7d Drivers\Components\lsm6dsl\lsm6dsl.o
 .comment       0x0000007c       0x7d Drivers\STM32L4xx_HAL_Driver\Src\stm32l4xx_hal.o
 .comment       0x0000007c       0x7d Drivers\STM32L4xx_HAL_Driver\Src\stm32l4xx_hal_cortex.o
 .comment       0x0000007c       0x7d Drivers\STM32L4xx_HAL_Driver\Src\stm32l4xx_hal_dfsdm.o
 .comment       0x0000007c       0x7d Drivers\STM32L4xx_HAL_Driver\Src\stm32l4xx_hal_gpio.o
 .comment       0x0000007c       0x7d Drivers\STM32L4xx_HAL_Driver\Src\stm32l4xx_hal_i2c.o
 .comment       0x0000007c       0x7d Drivers\STM32L4xx_HAL_Driver\Src\stm32l4xx_hal_i2c_ex.o
 .comment       0x0000007c       0x7d Drivers\STM32L4xx_HAL_Driver\Src\stm32l4xx_hal_pcd.o
 .comment       0x0000007c       0x7d Drivers\STM32L4xx_HAL_Driver\Src\stm32l4xx_hal_pcd_ex.o
 .comment       0x0000007c       0x7d Drivers\STM32L4xx_HAL_Driver\Src\stm32l4xx_hal_pwr_ex.o
 .comment       0x0000007c       0x7d Drivers\STM32L4xx_HAL_Driver\Src\stm32l4xx_hal_qspi.o
 .comment       0x0000007c       0x7d Drivers\STM32L4xx_HAL_Driver\Src\stm32l4xx_hal_rcc.o
 .comment       0x0000007c       0x7d Drivers\STM32L4xx_HAL_Driver\Src\stm32l4xx_hal_rcc_ex.o
 .comment       0x0000007c       0x7d Drivers\STM32L4xx_HAL_Driver\Src\stm32l4xx_hal_spi.o
 .comment       0x0000007c       0x7d Drivers\STM32L4xx_HAL_Driver\Src\stm32l4xx_hal_spi_ex.o
 .comment       0x0000007c       0x7d Drivers\STM32L4xx_HAL_Driver\Src\stm32l4xx_hal_uart.o
 .comment       0x0000007c       0x7d Drivers\STM32L4xx_HAL_Driver\Src\stm32l4xx_ll_usb.o
 .comment       0x0000007c       0x7d Src\Setup.o
 .comment       0x0000007c       0x7d Src\dfsdm.o
 .comment       0x0000007c       0x7d Src\es_wifi.o
 .comment       0x0000007c       0x7d Src\es_wifi_io.o
 .comment       0x0000007c       0x7d Src\gpio.o
 .comment       0x0000007c       0x7d Src\i2c.o
 .comment       0x0000007c       0x7d Src\main.o
 .comment       0x0000007c       0x7d Src\quadspi.o
 .comment       0x0000007c       0x7d Src\spi.o
 .comment       0x0000007c       0x7d Src\stm32l475e_iot01_psensor.o
 .comment       0x0000007c       0x7d Src\stm32l475e_iot01_tsensor.o
 .comment       0x0000007c       0x7d Src\stm32l4xx_hal_msp.o
 .comment       0x0000007c       0x7d Src\stm32l4xx_it.o
 .comment       0x0000007c       0x7d Src\system_stm32l4xx.o
 .comment       0x0000007c       0x7d Src\usart.o
 .comment       0x0000007c       0x7d Src\usb_otg.o
 .comment       0x0000007c       0x7d Src\wifi.o

.debug_frame    0x00000000     0x4894
 .debug_frame   0x00000000      0x2d4 Drivers\BSP\stm32l475e_iot01.o
 .debug_frame   0x000002d4       0x58 Drivers\BSP\stm32l475e_iot01_accelero.o
 .debug_frame   0x0000032c       0xb0 Drivers\Components\hts221\hts221.o
 .debug_frame   0x000003dc       0xa4 Drivers\Components\lps22hb\lps22hb.o
 .debug_frame   0x00000480      0x124 Drivers\Components\lsm6dsl\lsm6dsl.o
 .debug_frame   0x000005a4      0x240 Drivers\STM32L4xx_HAL_Driver\Src\stm32l4xx_hal.o
 .debug_frame   0x000007e4      0x158 Drivers\STM32L4xx_HAL_Driver\Src\stm32l4xx_hal_cortex.o
 .debug_frame   0x0000093c      0x5f0 Drivers\STM32L4xx_HAL_Driver\Src\stm32l4xx_hal_dfsdm.o
 .debug_frame   0x00000f2c       0xdc Drivers\STM32L4xx_HAL_Driver\Src\stm32l4xx_hal_gpio.o
 .debug_frame   0x00001008      0x804 Drivers\STM32L4xx_HAL_Driver\Src\stm32l4xx_hal_i2c.o
 .debug_frame   0x0000180c       0x90 Drivers\STM32L4xx_HAL_Driver\Src\stm32l4xx_hal_i2c_ex.o
 .debug_frame   0x0000189c      0x2c8 Drivers\STM32L4xx_HAL_Driver\Src\stm32l4xx_hal_pcd.o
 .debug_frame   0x00001b64       0xb8 Drivers\STM32L4xx_HAL_Driver\Src\stm32l4xx_hal_pcd_ex.o
 .debug_frame   0x00001c1c      0x278 Drivers\STM32L4xx_HAL_Driver\Src\stm32l4xx_hal_pwr_ex.o
 .debug_frame   0x00001e94      0x3f4 Drivers\STM32L4xx_HAL_Driver\Src\stm32l4xx_hal_qspi.o
 .debug_frame   0x00002288      0x15c Drivers\STM32L4xx_HAL_Driver\Src\stm32l4xx_hal_rcc.o
 .debug_frame   0x000023e4      0x1f0 Drivers\STM32L4xx_HAL_Driver\Src\stm32l4xx_hal_rcc_ex.o
 .debug_frame   0x000025d4      0x5bc Drivers\STM32L4xx_HAL_Driver\Src\stm32l4xx_hal_spi.o
 .debug_frame   0x00002b90       0x2c Drivers\STM32L4xx_HAL_Driver\Src\stm32l4xx_hal_spi_ex.o
 .debug_frame   0x00002bbc      0x548 Drivers\STM32L4xx_HAL_Driver\Src\stm32l4xx_hal_uart.o
 .debug_frame   0x00003104      0x4d4 Drivers\STM32L4xx_HAL_Driver\Src\stm32l4xx_ll_usb.o
 .debug_frame   0x000035d8       0x88 Src\Setup.o
 .debug_frame   0x00003660       0x60 Src\dfsdm.o
 .debug_frame   0x000036c0      0x4ac Src\es_wifi.o
 .debug_frame   0x00003b6c       0xd4 Src\es_wifi_io.o
 .debug_frame   0x00003c40       0x40 Src\gpio.o
 .debug_frame   0x00003c80       0x58 Src\i2c.o
 .debug_frame   0x00003cd8       0x2c Src\main.o
 .debug_frame   0x00003d04       0x58 Src\quadspi.o
 .debug_frame   0x00003d5c       0x58 Src\spi.o