Archive member included to satisfy reference by file (symbol)

c:/program files (x86)/atollic/truestudio for arm 8.1.0/armtools/bin/../lib/gcc/arm-atollic-eabi/6.3.1/../../../../arm-atollic-eabi/lib/armv7e-m/fpu\libc_nano.a(lib_a-init.o)
                              startup\startup_stm32l475xx.o (__libc_init_array)
c:/program files (x86)/atollic/truestudio for arm 8.1.0/armtools/bin/../lib/gcc/arm-atollic-eabi/6.3.1/../../../../arm-atollic-eabi/lib/armv7e-m/fpu\libc_nano.a(lib_a-memcpy-stub.o)
                              Src\es_wifi.o (memcpy)
c:/program files (x86)/atollic/truestudio for arm 8.1.0/armtools/bin/../lib/gcc/arm-atollic-eabi/6.3.1/../../../../arm-atollic-eabi/lib/armv7e-m/fpu\libc_nano.a(lib_a-sprintf.o)
                              Src\Setup.o (sprintf)
c:/program files (x86)/atollic/truestudio for arm 8.1.0/armtools/bin/../lib/gcc/arm-atollic-eabi/6.3.1/../../../../arm-atollic-eabi/lib/armv7e-m/fpu\libc_nano.a(lib_a-strchr.o)
                              Src\Setup.o (strchr)
c:/program files (x86)/atollic/truestudio for arm 8.1.0/armtools/bin/../lib/gcc/arm-atollic-eabi/6.3.1/../../../../arm-atollic-eabi/lib/armv7e-m/fpu\libc_nano.a(lib_a-strcpy.o)
                              Src\es_wifi.o (strcpy)
c:/program files (x86)/atollic/truestudio for arm 8.1.0/armtools/bin/../lib/gcc/arm-atollic-eabi/6.3.1/../../../../arm-atollic-eabi/lib/armv7e-m/fpu\libc_nano.a(lib_a-strlen.o)
                              Src\Setup.o (strlen)
c:/program files (x86)/atollic/truestudio for arm 8.1.0/armtools/bin/../lib/gcc/arm-atollic-eabi/6.3.1/../../../../arm-atollic-eabi/lib/armv7e-m/fpu\libc_nano.a(lib_a-strncpy.o)
                              Src\es_wifi.o (strncpy)
c:/program files (x86)/atollic/truestudio for arm 8.1.0/armtools/bin/../lib/gcc/arm-atollic-eabi/6.3.1/../../../../arm-atollic-eabi/lib/armv7e-m/fpu\libc_nano.a(lib_a-strstr.o)
                              Src\es_wifi.o (strstr)
c:/program files (x86)/atollic/truestudio for arm 8.1.0/armtools/bin/../lib/gcc/arm-atollic-eabi/6.3.1/../../../../arm-atollic-eabi/lib/armv7e-m/fpu\libc_nano.a(lib_a-strtok.o)
                              Src\es_wifi.o (strtok)
c:/program files (x86)/atollic/truestudio for arm 8.1.0/armtools/bin/../lib/gcc/arm-atollic-eabi/6.3.1/../../../../arm-atollic-eabi/lib/armv7e-m/fpu\libc_nano.a(lib_a-strtok_r.o)
                              c:/program files (x86)/atollic/truestudio for arm 8.1.0/armtools/bin/../lib/gcc/arm-atollic-eabi/6.3.1/../../../../arm-atollic-eabi/lib/armv7e-m/fpu\libc_nano.a(lib_a-strtok.o) (__strtok_r)
c:/program files (x86)/atollic/truestudio for arm 8.1.0/armtools/bin/../lib/gcc/arm-atollic-eabi/6.3.1/../../../../arm-atollic-eabi/lib/armv7e-m/fpu\libc_nano.a(lib_a-impure.o)
                              c:/program files (x86)/atollic/truestudio for arm 8.1.0/armtools/bin/../lib/gcc/arm-atollic-eabi/6.3.1/../../../../arm-atollic-eabi/lib/armv7e-m/fpu\libc_nano.a(lib_a-sprintf.o) (_impure_ptr)
c:/program files (x86)/atollic/truestudio for arm 8.1.0/armtools/bin/../lib/gcc/arm-atollic-eabi/6.3.1/../../../../arm-atollic-eabi/lib/armv7e-m/fpu\libc_nano.a(lib_a-malloc.o)
                              c:/program files (x86)/atollic/truestudio for arm 8.1.0/armtools/bin/../lib/gcc/arm-atollic-eabi/6.3.1/../../../../arm-atollic-eabi/lib/armv7e-m/fpu\libc_nano.a(lib_a-strtok.o) (malloc)
c:/program files (x86)/atollic/truestudio for arm 8.1.0/armtools/bin/../lib/gcc/arm-atollic-eabi/6.3.1/../../../../arm-atollic-eabi/lib/armv7e-m/fpu\libc_nano.a(lib_a-nano-freer.o)
                              c:/program files (x86)/atollic/truestudio for arm 8.1.0/armtools/bin/../lib/gcc/arm-atollic-eabi/6.3.1/../../../../arm-atollic-eabi/lib/armv7e-m/fpu\libc_nano.a(lib_a-malloc.o) (_free_r)
c:/program files (x86)/atollic/truestudio for arm 8.1.0/armtools/bin/../lib/gcc/arm-atollic-eabi/6.3.1/../../../../arm-atollic-eabi/lib/armv7e-m/fpu\libc_nano.a(lib_a-nano-mallocr.o)
                              c:/program files (x86)/atollic/truestudio for arm 8.1.0/armtools/bin/../lib/gcc/arm-atollic-eabi/6.3.1/../../../../arm-atollic-eabi/lib/armv7e-m/fpu\libc_nano.a(lib_a-malloc.o) (_malloc_r)
c:/program files (x86)/atollic/truestudio for arm 8.1.0/armtools/bin/../lib/gcc/arm-atollic-eabi/6.3.1/../../../../arm-atollic-eabi/lib/armv7e-m/fpu\libc_nano.a(lib_a-nano-svfprintf.o)
                              c:/program files (x86)/atollic/truestudio for arm 8.1.0/armtools/bin/../lib/gcc/arm-atollic-eabi/6.3.1/../../../../arm-atollic-eabi/lib/armv7e-m/fpu\libc_nano.a(lib_a-sprintf.o) (_svfprintf_r)
c:/program files (x86)/atollic/truestudio for arm 8.1.0/armtools/bin/../lib/gcc/arm-atollic-eabi/6.3.1/../../../../arm-atollic-eabi/lib/armv7e-m/fpu\libc_nano.a(lib_a-nano-vfprintf_i.o)
                              c:/program files (x86)/atollic/truestudio for arm 8.1.0/armtools/bin/../lib/gcc/arm-atollic-eabi/6.3.1/../../../../arm-atollic-eabi/lib/armv7e-m/fpu\libc_nano.a(lib_a-nano-svfprintf.o) (_printf_i)
[...]
Memory Configuration

Name             Origin             Length             Attributes
RAM              0x20000000         0x00018000         xrw
RAM2             0x10000000         0x00008000         xrw
FLASH            0x08000000         0x00100000         xr
*default*        0x00000000         0xffffffff

Linker script and memory map

LOAD c:/program files (x86)/atollic/truestudio for arm 8.1.0/armtools/bin/../lib/gcc/arm-atollic-eabi/6.3.1/armv7e-m/fpu/crti.o
LOAD c:/program files (x86)/atollic/truestudio for arm 8.1.0/armtools/bin/../lib/gcc/arm-atollic-eabi/6.3.1/armv7e-m/fpu/crtbegin.o
LOAD Drivers\BSP\stm32l475e_iot01.o
LOAD Drivers\BSP\stm32l475e_iot01_accelero.o
LOAD Drivers\BSP\stm32l475e_iot01_qspi.o
LOAD Drivers\Components\hts221\hts221.o
LOAD Drivers\Components\lps22hb\lps22hb.o
LOAD Drivers\Components\lsm6dsl\lsm6dsl.o
LOAD Drivers\STM32L4xx_HAL_Driver\Src\stm32l4xx_hal.o
LOAD Drivers\STM32L4xx_HAL_Driver\Src\stm32l4xx_hal_cortex.o
LOAD Drivers\STM32L4xx_HAL_Driver\Src\stm32l4xx_hal_dfsdm.o
LOAD Drivers\STM32L4xx_HAL_Driver\Src\stm32l4xx_hal_dma.o
LOAD Drivers\STM32L4xx_HAL_Driver\Src\stm32l4xx_hal_dma_ex.o
LOAD Drivers\STM32L4xx_HAL_Driver\Src\stm32l4xx_hal_flash.o
LOAD Drivers\STM32L4xx_HAL_Driver\Src\stm32l4xx_hal_flash_ex.o
LOAD Drivers\STM32L4xx_HAL_Driver\Src\stm32l4xx_hal_flash_ramfunc.o
LOAD Drivers\STM32L4xx_HAL_Driver\Src\stm32l4xx_hal_gpio.o
LOAD Drivers\STM32L4xx_HAL_Driver\Src\stm32l4xx_hal_i2c.o
LOAD Drivers\STM32L4xx_HAL_Driver\Src\stm32l4xx_hal_i2c_ex.o
LOAD Drivers\STM32L4xx_HAL_Driver\Src\stm32l4xx_hal_pcd.o
LOAD Drivers\STM32L4xx_HAL_Driver\Src\stm32l4xx_hal_pcd_ex.o
LOAD Drivers\STM32L4xx_HAL_Driver\Src\stm32l4xx_hal_pwr.o
LOAD Drivers\STM32L4xx_HAL_Driver\Src\stm32l4xx_hal_pwr_ex.o
LOAD Drivers\STM32L4xx_HAL_Driver\Src\stm32l4xx_hal_qspi.o
LOAD Drivers\STM32L4xx_HAL_Driver\Src\stm32l4xx_hal_rcc.o
LOAD Drivers\STM32L4xx_HAL_Driver\Src\stm32l4xx_hal_rcc_ex.o
LOAD Drivers\STM32L4xx_HAL_Driver\Src\stm32l4xx_hal_spi.o
LOAD Drivers\STM32L4xx_HAL_Driver\Src\stm32l4xx_hal_spi_ex.o
LOAD Drivers\STM32L4xx_HAL_Driver\Src\stm32l4xx_hal_tim.o
LOAD Drivers\STM32L4xx_HAL_Driver\Src\stm32l4xx_hal_tim_ex.o
LOAD Drivers\STM32L4xx_HAL_Driver\Src\stm32l4xx_hal_uart.o
LOAD Drivers\STM32L4xx_HAL_Driver\Src\stm32l4xx_hal_uart_ex.o
LOAD Drivers\STM32L4xx_HAL_Driver\Src\stm32l4xx_ll_usb.o
LOAD Src\Setup.o
LOAD Src\dfsdm.o
LOAD Src\es_wifi.o
LOAD Src\es_wifi_io.o
LOAD Src\gpio.o
LOAD Src\i2c.o
LOAD Src\main.o
LOAD Src\quadspi.o
LOAD Src\spi.o
LOAD Src\stm32l475e_iot01_psensor.o
LOAD Src\stm32l475e_iot01_tsensor.o
LOAD Src\stm32l4xx_hal_msp.o
LOAD Src\stm32l4xx_it.o
LOAD Src\system_stm32l4xx.o
LOAD Src\usart.o
LOAD Src\usb_otg.o
LOAD Src\wifi.o
LOAD startup\startup_stm32l475xx.o
                0x00000080                malloc_getpagesize_P = 0x80
START GROUP
LOAD c:/program files (x86)/atollic/truestudio for arm 8.1.0/armtools/bin/../lib/gcc/arm-atollic-eabi/6.3.1/../../../../arm-atollic-eabi/lib/armv7e-m/fpu\libc_nano.a
LOAD c:/program files (x86)/atollic/truestudio for arm 8.1.0/armtools/bin/../lib/gcc/arm-atollic-eabi/6.3.1/../../../../arm-atollic-eabi/lib/armv7e-m/fpu\libm.a
END GROUP
START GROUP
LOAD c:/program files (x86)/atollic/truestudio for arm 8.1.0/armtools/bin/../lib/gcc/arm-atollic-eabi/6.3.1/armv7e-m/fpu\libgcc.a
LOAD c:/program files (x86)/atollic/truestudio for arm 8.1.0/armtools/bin/../lib/gcc/arm-atollic-eabi/6.3.1/../../../../arm-atollic-eabi/lib/armv7e-m/fpu\libc_nano.a
END GROUP
START GROUP
LOAD c:/program files (x86)/atollic/truestudio for arm 8.1.0/armtools/bin/../lib/gcc/arm-atollic-eabi/6.3.1/armv7e-m/fpu\libgcc.a
LOAD c:/program files (x86)/atollic/truestudio for arm 8.1.0/armtools/bin/../lib/gcc/arm-atollic-eabi/6.3.1/../../../../arm-atollic-eabi/lib/armv7e-m/fpu\libc_nano.a
LOAD c:/program files (x86)/atollic/truestudio for arm 8.1.0/armtools/bin/../lib/gcc/arm-atollic-eabi/6.3.1/../../../../arm-atollic-eabi/lib/armv7e-m/fpu\libnosys.a
END GROUP
START GROUP
LOAD c:/program files (x86)/atollic/truestudio for arm 8.1.0/armtools/bin/../lib/gcc/arm-atollic-eabi/6.3.1/armv7e-m/fpu\libgcc.a
LOAD c:/program files (x86)/atollic/truestudio for arm 8.1.0/armtools/bin/../lib/gcc/arm-atollic-eabi/6.3.1/../../../../arm-atollic-eabi/lib/armv7e-m/fpu\libc_nano.a
LOAD c:/program files (x86)/atollic/truestudio for arm 8.1.0/armtools/bin/../lib/gcc/arm-atollic-eabi/6.3.1/../../../../arm-atollic-eabi/lib/armv7e-m/fpu\libnosys.a
END GROUP
LOAD c:/program files (x86)/atollic/truestudio for arm 8.1.0/armtools/bin/../lib/gcc/arm-atollic-eabi/6.3.1/armv7e-m/fpu/crtend.o
LOAD c:/program files (x86)/atollic/truestudio for arm 8.1.0/armtools/bin/../lib/gcc/arm-atollic-eabi/6.3.1/armv7e-m/fpu/crtn.o
                0x20018000                _estack = 0x20018000
                0x00000200                _Min_Heap_Size = 0x200
                0x00000400                _Min_Stack_Size = 0x400

.isr_vector     0x08000000      0x188
                0x08000000                . = ALIGN (0x4)
 *(.isr_vector)
 .isr_vector    0x08000000      0x188 startup\startup_stm32l475xx.o
                0x08000000                g_pfnVectors
                0x08000188                . = ALIGN (0x4)

.text           0x08000190     0x5424
                0x08000190                . = ALIGN (0x4)
 *(.text)
 .text          0x08000190       0x40 c:/program files (x86)/atollic/truestudio for arm 8.1.0/armtools/bin/../lib/gcc/arm-atollic-eabi/6.3.1/armv7e-m/fpu/crtbegin.o
 .text          0x080001d0       0x10 c:/program files (x86)/atollic/truestudio for arm 8.1.0/armtools/bin/../lib/gcc/arm-atollic-eabi/6.3.1/../../../../arm-atollic-eabi/lib/armv7e-m/fpu\libc_nano.a(lib_a-strlen.o)
                0x080001d0                strlen
 .text          0x080001e0       0xa0 c:/program files (x86)/atollic/truestudio for arm 8.1.0/armtools/bin/../lib/gcc/arm-atollic-eabi/6.3.1/../../../../arm-atollic-eabi/lib/armv7e-m/fpu\libc_nano.a(lib_a-memchr.o)
                0x080001e0                memchr
 .text          0x08000280      0x370 c:/program files (x86)/atollic/truestudio for arm 8.1.0/armtools/bin/../lib/gcc/arm-atollic-eabi/6.3.1/armv7e-m/fpu\libgcc.a(_arm_addsubdf3.o)
                0x08000280                __aeabi_drsub
                0x08000288                __aeabi_dsub
                0x08000288                __subdf3
                0x0800028c                __aeabi_dadd
                0x0800028c                __adddf3
                0x08000504                __floatunsidf
                0x08000504                __aeabi_ui2d
                0x08000524                __floatsidf
                0x08000524                __aeabi_i2d
                0x08000548                __aeabi_f2d
                0x08000548                __extendsfdf2
                0x08000584                __floatundidf
                0x08000584                __aeabi_ul2d
                0x08000594                __floatdidf
                0x08000594                __aeabi_l2d
 .text          0x080005f0       0x30 c:/program files (x86)/atollic/truestudio for arm 8.1.0/armtools/bin/../lib/gcc/arm-atollic-eabi/6.3.1/armv7e-m/fpu\libgcc.a(_aeabi_uldivmod.o)
                0x080005f0                __aeabi_uldivmod
 .text          0x08000620      0x2dc c:/program files (x86)/atollic/truestudio for arm 8.1.0/armtools/bin/../lib/gcc/arm-atollic-eabi/6.3.1/armv7e-m/fpu\libgcc.a(_udivmoddi4.o)
                0x08000620                __udivmoddi4
 .text          0x080008fc        0x4 c:/program files (x86)/atollic/truestudio for arm 8.1.0/armtools/bin/../lib/gcc/arm-atollic-eabi/6.3.1/armv7e-m/fpu\libgcc.a(_dvmd_tls.o)
                0x080008fc                __aeabi_idiv0
                0x080008fc                __aeabi_ldiv0
 *(.text*)
 .text.I2Cx_Init.constprop.8
                0x08000900       0xc0 Drivers\BSP\stm32l475e_iot01.o
 .text.SENSOR_IO_Init
                0x080009c0        0x4 Drivers\BSP\stm32l475e_iot01.o
                0x080009c0                SENSOR_IO_Init
 .text.SENSOR_IO_Write
                0x080009c4       0x34 Drivers\BSP\stm32l475e_iot01.o
                0x080009c4                SENSOR_IO_Write
 .text.SENSOR_IO_Read
                0x080009f8       0x3c Drivers\BSP\stm32l475e_iot01.o
                0x080009f8                SENSOR_IO_Read
 .text.SENSOR_IO_ReadMultiple
                0x08000a34       0x30 Drivers\BSP\stm32l475e_iot01.o
                0x08000a34                SENSOR_IO_ReadMultiple
 .text.HTS221_T_Init
                0x08000a64       0x20 Drivers\Components\hts221\hts221.o
                0x08000a64                HTS221_T_Init
 .text.HTS221_T_ReadTemp
                0x08000a84       0xb4 Drivers\Components\hts221\hts221.o
                0x08000a84                HTS221_T_ReadTemp
 .text.HAL_InitTick
                0x08000b38       0x28 Drivers\STM32L4xx_HAL_Driver\Src\stm32l4xx_hal.o
                0x08000b38                HAL_InitTick
 .text.HAL_Init
                0x08000b60       0x16 Drivers\STM32L4xx_HAL_Driver\Src\stm32l4xx_hal.o
                0x08000b60                HAL_Init
 *fill*         0x08000b76        0x2 
 .text.HAL_IncTick
                0x08000b78       0x10 Drivers\STM32L4xx_HAL_Driver\Src\stm32l4xx_hal.o
                0x08000b78                HAL_IncTick
 .text.HAL_GetTick
                0x08000b88        0xc Drivers\STM32L4xx_HAL_Driver\Src\stm32l4xx_hal.o
                0x08000b88                HAL_GetTick
 .text.HAL_Delay
                0x08000b94       0x1c Drivers\STM32L4xx_HAL_Driver\Src\stm32l4xx_hal.o
                0x08000b94                HAL_Delay
 .text.HAL_NVIC_SetPriorityGrouping
                0x08000bb0       0x24 Drivers\STM32L4xx_HAL_Driver\Src\stm32l4xx_hal_cortex.o
                0x08000bb0                HAL_NVIC_SetPriorityGrouping
 .text.HAL_NVIC_SetPriority
                0x08000bd4       0x68 Drivers\STM32L4xx_HAL_Driver\Src\stm32l4xx_hal_cortex.o
                0x08000bd4                HAL_NVIC_SetPriority
 .text.HAL_NVIC_EnableIRQ
                0x08000c3c       0x18 Drivers\STM32L4xx_HAL_Driver\Src\stm32l4xx_hal_cortex.o
                0x08000c3c                HAL_NVIC_EnableIRQ
 .text.HAL_SYSTICK_Config
                0x08000c54       0x2c Drivers\STM32L4xx_HAL_Driver\Src\stm32l4xx_hal_cortex.o
                0x08000c54                HAL_SYSTICK_Config
 .text.HAL_SYSTICK_CLKSourceConfig
                0x08000c80       0x18 Drivers\STM32L4xx_HAL_Driver\Src\stm32l4xx_hal_cortex.o
                0x08000c80                HAL_SYSTICK_CLKSourceConfig
 .text.HAL_SYSTICK_Callback
                0x08000c98        0x2 Drivers\STM32L4xx_HAL_Driver\Src\stm32l4xx_hal_cortex.o
                0x08000c98                HAL_SYSTICK_Callback
 .text.HAL_SYSTICK_IRQHandler
                0x08000c9a        0x8 Drivers\STM32L4xx_HAL_Driver\Src\stm32l4xx_hal_cortex.o
                0x08000c9a                HAL_SYSTICK_IRQHandler
 *fill*         0x08000ca2        0x2 
 .text.DFSDM_GetChannelFromInstance
                0x08000ca4       0x58 Drivers\STM32L4xx_HAL_Driver\Src\stm32l4xx_hal_dfsdm.o
 .text.HAL_DFSDM_ChannelInit
                0x08000cfc       0xe8 Drivers\STM32L4xx_HAL_Driver\Src\stm32l4xx_hal_dfsdm.o
                0x08000cfc                HAL_DFSDM_ChannelInit
 .text.HAL_GPIO_Init
                0x08000de4      0x1b8 Drivers\STM32L4xx_HAL_Driver\Src\stm32l4xx_hal_gpio.o
                0x08000de4                HAL_GPIO_Init
 .text.HAL_GPIO_DeInit
                0x08000f9c      0x134 Drivers\STM32L4xx_HAL_Driver\Src\stm32l4xx_hal_gpio.o
                0x08000f9c                HAL_GPIO_DeInit
 .text.HAL_GPIO_ReadPin
                0x080010d0        0xc Drivers\STM32L4xx_HAL_Driver\Src\stm32l4xx_hal_gpio.o
                0x080010d0                HAL_GPIO_ReadPin
 .text.HAL_GPIO_WritePin
                0x080010dc        0xa Drivers\STM32L4xx_HAL_Driver\Src\stm32l4xx_hal_gpio.o
                0x080010dc                HAL_GPIO_WritePin
 .text.HAL_GPIO_EXTI_Callback
                0x080010e6        0x2 Drivers\STM32L4xx_HAL_Driver\Src\stm32l4xx_hal_gpio.o
                0x080010e6                HAL_GPIO_EXTI_Callback
 .text.HAL_GPIO_EXTI_IRQHandler
                0x080010e8       0x18 Drivers\STM32L4xx_HAL_Driver\Src\stm32l4xx_hal_gpio.o
                0x080010e8                HAL_GPIO_EXTI_IRQHandler
 .text.I2C_Flush_TXDR
                0x08001100       0x1c Drivers\STM32L4xx_HAL_Driver\Src\stm32l4xx_hal_i2c.o
 .text.I2C_TransferConfig
                0x0800111c       0x34 Drivers\STM32L4xx_HAL_Driver\Src\stm32l4xx_hal_i2c.o
 .text.I2C_WaitOnFlagUntilTimeout
                0x08001150       0x4e Drivers\STM32L4xx_HAL_Driver\Src\stm32l4xx_hal_i2c.o
 .text.I2C_IsAcknowledgeFailed
                0x0800119e       0x7a Drivers\STM32L4xx_HAL_Driver\Src\stm32l4xx_hal_i2c.o
 .text.I2C_WaitOnTXISFlagUntilTimeout
                0x08001218       0x52 Drivers\STM32L4xx_HAL_Driver\Src\stm32l4xx_hal_i2c.o
 *fill*         0x0800126a        0x2 
 .text.I2C_RequestMemoryWrite
                0x0800126c       0x6c Drivers\STM32L4xx_HAL_Driver\Src\stm32l4xx_hal_i2c.o
 .text.I2C_RequestMemoryRead
                0x080012d8       0x68 Drivers\STM32L4xx_HAL_Driver\Src\stm32l4xx_hal_i2c.o
 .text.I2C_WaitOnSTOPFlagUntilTimeout
                0x08001340       0x4e Drivers\STM32L4xx_HAL_Driver\Src\stm32l4xx_hal_i2c.o
 .text.HAL_I2C_Init
                0x0800138e       0xa2 Drivers\STM32L4xx_HAL_Driver\Src\stm32l4xx_hal_i2c.o
                0x0800138e                HAL_I2C_Init
 .text.HAL_I2C_DeInit
                0x08001430       0x32 Drivers\STM32L4xx_HAL_Driver\Src\stm32l4xx_hal_i2c.o
                0x08001430                HAL_I2C_DeInit
 .text.HAL_I2C_Mem_Write
                0x08001462      0x170 Drivers\STM32L4xx_HAL_Driver\Src\stm32l4xx_hal_i2c.o
                0x08001462                HAL_I2C_Mem_Write
 *fill*         0x080015d2        0x2 
 .text.HAL_I2C_Mem_Read
                0x080015d4      0x17c Drivers\STM32L4xx_HAL_Driver\Src\stm32l4xx_hal_i2c.o
                0x080015d4                HAL_I2C_Mem_Read
 .text.HAL_I2CEx_ConfigAnalogFilter
                0x08001750       0x4c Drivers\STM32L4xx_HAL_Driver\Src\stm32l4xx_hal_i2c_ex.o
                0x08001750                HAL_I2CEx_ConfigAnalogFilter
 .text.HAL_I2CEx_ConfigDigitalFilter
                0x0800179c       0x4a Drivers\STM32L4xx_HAL_Driver\Src\stm32l4xx_hal_i2c_ex.o
                0x0800179c                HAL_I2CEx_ConfigDigitalFilter
 .text.HAL_PCD_Init
                0x080017e6      0x10a Drivers\STM32L4xx_HAL_Driver\Src\stm32l4xx_hal_pcd.o
                0x080017e6                HAL_PCD_Init
 .text.HAL_PCDEx_ActivateLPM
                0x080018f0       0x26 Drivers\STM32L4xx_HAL_Driver\Src\stm32l4xx_hal_pcd_ex.o
                0x080018f0                HAL_PCDEx_ActivateLPM
 .text.HAL_PCDEx_ActivateBCD
                0x08001916       0x14 Drivers\STM32L4xx_HAL_Driver\Src\stm32l4xx_hal_pcd_ex.o
                0x08001916                HAL_PCDEx_ActivateBCD
 *fill*         0x0800192a        0x2 
 .text.HAL_PWREx_GetVoltageRange
                0x0800192c       0x10 Drivers\STM32L4xx_HAL_Driver\Src\stm32l4xx_hal_pwr_ex.o
                0x0800192c                HAL_PWREx_GetVoltageRange
 .text.HAL_PWREx_ControlVoltageScaling
                0x0800193c       0x68 Drivers\STM32L4xx_HAL_Driver\Src\stm32l4xx_hal_pwr_ex.o
                0x0800193c                HAL_PWREx_ControlVoltageScaling
 .text.HAL_PWREx_EnableVddUSB
                0x080019a4       0x10 Drivers\STM32L4xx_HAL_Driver\Src\stm32l4xx_hal_pwr_ex.o
                0x080019a4                HAL_PWREx_EnableVddUSB
 .text.QSPI_WaitFlagStateUntilTimeout
                0x080019b4       0x4c Drivers\STM32L4xx_HAL_Driver\Src\stm32l4xx_hal_qspi.o
 .text.HAL_QSPI_Init
                0x08001a00       0xb0 Drivers\STM32L4xx_HAL_Driver\Src\stm32l4xx_hal_qspi.o
                0x08001a00                HAL_QSPI_Init
 .text.RCC_SetFlashLatencyFromMSIRange
                0x08001ab0       0x84 Drivers\STM32L4xx_HAL_Driver\Src\stm32l4xx_hal_rcc.o
 .text.HAL_RCC_GetSysClockFreq
                0x08001b34       0xd0 Drivers\STM32L4xx_HAL_Driver\Src\stm32l4xx_hal_rcc.o
                0x08001b34                HAL_RCC_GetSysClockFreq
 .text.HAL_RCC_OscConfig
                0x08001c04      0x464 Drivers\STM32L4xx_HAL_Driver\Src\stm32l4xx_hal_rcc.o
                0x08001c04                HAL_RCC_OscConfig
 .text.HAL_RCC_ClockConfig
                0x08002068      0x16c Drivers\STM32L4xx_HAL_Driver\Src\stm32l4xx_hal_rcc.o
                0x08002068                HAL_RCC_ClockConfig
 .text.HAL_RCC_GetHCLKFreq
                0x080021d4        0xc Drivers\STM32L4xx_HAL_Driver\Src\stm32l4xx_hal_rcc.o
                0x080021d4                HAL_RCC_GetHCLKFreq
 .text.HAL_RCC_GetPCLK1Freq
                0x080021e0       0x20 Drivers\STM32L4xx_HAL_Driver\Src\stm32l4xx_hal_rcc.o
                0x080021e0                HAL_RCC_GetPCLK1Freq
 .text.HAL_RCC_GetPCLK2Freq
                0x08002200       0x20 Drivers\STM32L4xx_HAL_Driver\Src\stm32l4xx_hal_rcc.o
                0x08002200                HAL_RCC_GetPCLK2Freq
 .text.RCCEx_PLLSAI1_Config
                0x08002220      0x11c Drivers\STM32L4xx_HAL_Driver\Src\stm32l4xx_hal_rcc_ex.o
 .text.RCCEx_PLLSAI2_Config
                0x0800233c       0xfc Drivers\STM32L4xx_HAL_Driver\Src\stm32l4xx_hal_rcc_ex.o
 .text.HAL_RCCEx_PeriphCLKConfig
                0x08002438      0x3d0 Drivers\STM32L4xx_HAL_Driver\Src\stm32l4xx_hal_rcc_ex.o
                0x08002438                HAL_RCCEx_PeriphCLKConfig
 .text.HAL_RCCEx_EnableMSIPLLMode
                0x08002808       0x10 Drivers\STM32L4xx_HAL_Driver\Src\stm32l4xx_hal_rcc_ex.o
                0x08002808                HAL_RCCEx_EnableMSIPLLMode
 .text.SPI_WaitFifoStateUntilTimeout.part.1
                0x08002818       0x50 Drivers\STM32L4xx_HAL_Driver\Src\stm32l4xx_hal_spi.o
 .text.SPI_WaitFlagStateUntilTimeout.constprop.10
                0x08002868       0x30 Drivers\STM32L4xx_HAL_Driver\Src\stm32l4xx_hal_spi.o
 .text.SPI_WaitFifoStateUntilTimeout.constprop.11
                0x08002898       0x40 Drivers\STM32L4xx_HAL_Driver\Src\stm32l4xx_hal_spi.o
 .text.SPI_EndRxTxTransaction
                0x080028d8       0x44 Drivers\STM32L4xx_HAL_Driver\Src\stm32l4xx_hal_spi.o
 .text.SPI_EndRxTransaction
                0x0800291c       0x6e Drivers\STM32L4xx_HAL_Driver\Src\stm32l4xx_hal_spi.o
 .text.HAL_SPI_Init
                0x0800298a       0xa2 Drivers\STM32L4xx_HAL_Driver\Src\stm32l4xx_hal_spi.o
                0x0800298a                HAL_SPI_Init
 .text.HAL_SPI_DeInit
                0x08002a2c       0x2c Drivers\STM32L4xx_HAL_Driver\Src\stm32l4xx_hal_spi.o
                0x08002a2c                HAL_SPI_DeInit
 .text.HAL_SPI_Transmit
                0x08002a58      0x17c Drivers\STM32L4xx_HAL_Driver\Src\stm32l4xx_hal_spi.o
                0x08002a58                HAL_SPI_Transmit
 .text.HAL_SPI_TransmitReceive
                0x08002bd4      0x244 Drivers\STM32L4xx_HAL_Driver\Src\stm32l4xx_hal_spi.o
                0x08002bd4                HAL_SPI_TransmitReceive
 .text.HAL_SPI_Receive
                0x08002e18      0x152 Drivers\STM32L4xx_HAL_Driver\Src\stm32l4xx_hal_spi.o
                0x08002e18                HAL_SPI_Receive
 .text.HAL_SPIEx_FlushRxFifo
                0x08002f6a       0x24 Drivers\STM32L4xx_HAL_Driver\Src\stm32l4xx_hal_spi_ex.o
                0x08002f6a                HAL_SPIEx_FlushRxFifo
 *fill*         0x08002f8e        0x2 
 .text.UART_SetConfig
                0x08002f90      0x330 Drivers\STM32L4xx_HAL_Driver\Src\stm32l4xx_hal_uart.o
                0x08002f90                UART_SetConfig
 .text.UART_AdvFeatureConfig
                0x080032c0       0xa8 Drivers\STM32L4xx_HAL_Driver\Src\stm32l4xx_hal_uart.o
                0x080032c0                UART_AdvFeatureConfig
 .text.UART_WaitOnFlagUntilTimeout
                0x08003368       0x62 Drivers\STM32L4xx_HAL_Driver\Src\stm32l4xx_hal_uart.o
                0x08003368                UART_WaitOnFlagUntilTimeout
 .text.UART_CheckIdleState
                0x080033ca       0x64 Drivers\STM32L4xx_HAL_Driver\Src\stm32l4xx_hal_uart.o
                0x080033ca                UART_CheckIdleState
 .text.HAL_UART_Init
                0x0800342e       0x64 Drivers\STM32L4xx_HAL_Driver\Src\stm32l4xx_hal_uart.o
                0x0800342e                HAL_UART_Init
 .text.USB_CoreInit
                0x08003492       0x28 Drivers\STM32L4xx_HAL_Driver\Src\stm32l4xx_ll_usb.o
                0x08003492                USB_CoreInit
 .text.USB_DisableGlobalInt
                0x080034ba        0xc Drivers\STM32L4xx_HAL_Driver\Src\stm32l4xx_ll_usb.o
                0x080034ba                USB_DisableGlobalInt
 .text.USB_SetCurrentMode
                0x080034c6       0x2e Drivers\STM32L4xx_HAL_Driver\Src\stm32l4xx_ll_usb.o
                0x080034c6                USB_SetCurrentMode
 .text.USB_DevInit
                0x080034f4      0x130 Drivers\STM32L4xx_HAL_Driver\Src\stm32l4xx_ll_usb.o
                0x080034f4                USB_DevInit
 .text.USB_FlushTxFifo
                0x08003624       0x24 Drivers\STM32L4xx_HAL_Driver\Src\stm32l4xx_ll_usb.o
                0x08003624                USB_FlushTxFifo
 .text.USB_FlushRxFifo
                0x08003648       0x20 Drivers\STM32L4xx_HAL_Driver\Src\stm32l4xx_ll_usb.o
                0x08003648                USB_FlushRxFifo
 .text.USB_SetDevSpeed
                0x08003668        0xe Drivers\STM32L4xx_HAL_Driver\Src\stm32l4xx_ll_usb.o
                0x08003668                USB_SetDevSpeed
 .text.USB_DevDisconnect
                0x08003676       0x18 Drivers\STM32L4xx_HAL_Driver\Src\stm32l4xx_ll_usb.o
                0x08003676                USB_DevDisconnect
 *fill*         0x0800368e        0x2 
 .text.USB_CoreReset
                0x08003690       0x68 Drivers\STM32L4xx_HAL_Driver\Src\stm32l4xx_ll_usb.o
 .text.SystemClock_Config
                0x080036f8       0xc4 Src\Setup.o
                0x080036f8                SystemClock_Config
 .text._Error_Handler
                0x080037bc        0x2 Src\Setup.o
                0x080037bc                _Error_Handler
 *fill*         0x080037be        0x2 
 .text.thingSpeakUpdate
                0x080037c0       0x4c Src\Setup.o
                0x080037c0                thingSpeakUpdate
 .text.MX_DFSDM1_Init
                0x0800380c       0x4c Src\dfsdm.o
                0x0800380c                MX_DFSDM1_Init
 .text.HAL_DFSDM_ChannelMspInit
                0x08003858       0x50 Src\dfsdm.o
                0x08003858                HAL_DFSDM_ChannelMspInit
 .text.ParseNumber
                0x080038a8       0x36 Src\es_wifi.o
 .text.ParseIP  0x080038de       0x3a Src\es_wifi.o
 .text.AT_ExecuteCommand
                0x08003918       0x60 Src\es_wifi.o
 .text.ES_WIFI_Init
                0x08003978       0xc0 Src\es_wifi.o
                0x08003978                ES_WIFI_Init
 .text.ES_WIFI_RegisterBusIO
                0x08003a38       0x28 Src\es_wifi.o
                0x08003a38                ES_WIFI_RegisterBusIO
 .text.ES_WIFI_Connect
                0x08003a60       0x80 Src\es_wifi.o
                0x08003a60                ES_WIFI_Connect
 .text.ES_WIFI_GetNetworkSettings
                0x08003ae0       0xf0 Src\es_wifi.o
                0x08003ae0                ES_WIFI_GetNetworkSettings
 .text.ES_WIFI_StartClientConnection
                0x08003bd0       0xc8 Src\es_wifi.o
                0x08003bd0                ES_WIFI_StartClientConnection
 .text.ES_WIFI_StopClientConnection
                0x08003c98       0x40 Src\es_wifi.o
                0x08003c98                ES_WIFI_StopClientConnection
 .text.ES_WIFI_SendData
                0x08003cd8       0xf8 Src\es_wifi.o
                0x08003cd8                ES_WIFI_SendData
 .text.SPI_WIFI_MspInit
                0x08003dd0      0x124 Src\es_wifi_io.o
                0x08003dd0                SPI_WIFI_MspInit
 .text.SPI_WIFI_Init
                0x08003ef4      0x118 Src\es_wifi_io.o
                0x08003ef4                SPI_WIFI_Init
 .text.SPI_WIFI_DeInit
                0x0800400c       0x10 Src\es_wifi_io.o
                0x0800400c                SPI_WIFI_DeInit
 .text.SPI_WIFI_ReceiveData
                0x0800401c       0xf8 Src\es_wifi_io.o
                0x0800401c                SPI_WIFI_ReceiveData
 .text.SPI_WIFI_SendData
                0x08004114       0x94 Src\es_wifi_io.o
                0x08004114                SPI_WIFI_SendData
 .text.SPI_WIFI_Delay
                0x080041a8        0x4 Src\es_wifi_io.o
                0x080041a8                SPI_WIFI_Delay
 .text.MX_GPIO_Init
                0x080041ac      0x284 Src\gpio.o
                0x080041ac                MX_GPIO_Init
 .text.MX_I2C2_Init
                0x08004430       0x68 Src\i2c.o
                0x08004430                MX_I2C2_Init
 .text.HAL_I2C_MspInit
                0x08004498       0x50 Src\i2c.o
                0x08004498                HAL_I2C_MspInit
 .text.HAL_I2C_MspDeInit
                0x080044e8       0x2c Src\i2c.o
                0x080044e8                HAL_I2C_MspDeInit
 .text.startup.main
                0x08004514       0xf0 Src\main.o
                0x08004514                main
 .text.MX_QUADSPI_Init
                0x08004604       0x3c Src\quadspi.o
                0x08004604                MX_QUADSPI_Init
 .text.HAL_QSPI_MspInit
                0x08004640       0x50 Src\quadspi.o
                0x08004640                HAL_QSPI_MspInit
 .text.HAL_SPI_MspInit
                0x08004690       0x4c Src\spi.o
                0x08004690                HAL_SPI_MspInit
 .text.HAL_SPI_MspDeInit
                0x080046dc       0x2c Src\spi.o
                0x080046dc                HAL_SPI_MspDeInit
 .text.BSP_TSENSOR_Init
                0x08004708       0x24 Src\stm32l475e_iot01_tsensor.o
                0x08004708                BSP_TSENSOR_Init
 .text.BSP_TSENSOR_ReadTemp
                0x0800472c       0x18 Src\stm32l475e_iot01_tsensor.o
                0x0800472c                BSP_TSENSOR_ReadTemp
 .text.HAL_MspInit
                0x08004744       0x8c Src\stm32l4xx_hal_msp.o
                0x08004744                HAL_MspInit
 .text.NMI_Handler
                0x080047d0        0x2 Src\stm32l4xx_it.o
                0x080047d0                NMI_Handler
 .text.HardFault_Handler
                0x080047d2        0x2 Src\stm32l4xx_it.o
                0x080047d2                HardFault_Handler
 .text.MemManage_Handler
                0x080047d4        0x2 Src\stm32l4xx_it.o
                0x080047d4                MemManage_Handler
 .text.BusFault_Handler
                0x080047d6        0x2 Src\stm32l4xx_it.o
                0x080047d6                BusFault_Handler
 .text.UsageFault_Handler
                0x080047d8        0x2 Src\stm32l4xx_it.o
                0x080047d8                UsageFault_Handler
 .text.SVC_Handler
                0x080047da        0x2 Src\stm32l4xx_it.o
                0x080047da                SVC_Handler
 .text.DebugMon_Handler
                0x080047dc        0x2 Src\stm32l4xx_it.o
                0x080047dc                DebugMon_Handler
 .text.PendSV_Handler
                0x080047de        0x2 Src\stm32l4xx_it.o
                0x080047de                PendSV_Handler
 .text.SysTick_Handler
                0x080047e0        0xe Src\stm32l4xx_it.o
                0x080047e0                SysTick_Handler
 .text.EXTI9_5_IRQHandler
                0x080047ee       0x20 Src\stm32l4xx_it.o
                0x080047ee                EXTI9_5_IRQHandler
 .text.EXTI15_10_IRQHandler
                0x0800480e       0x2e Src\stm32l4xx_it.o
                0x0800480e                EXTI15_10_IRQHandler
 .text.SystemInit
                0x0800483c       0x48 Src\system_stm32l4xx.o
                0x0800483c                SystemInit
 .text.MX_USART1_UART_Init
                0x08004884       0x44 Src\usart.o
                0x08004884                MX_USART1_UART_Init
 .text.MX_USART3_UART_Init
                0x080048c8       0x44 Src\usart.o
                0x080048c8                MX_USART3_UART_Init
 .text.HAL_UART_MspInit
                0x0800490c       0x8c Src\usart.o
                0x0800490c                HAL_UART_MspInit
 .text.MX_USB_OTG_FS_PCD_Init
                0x08004998       0x40 Src\usb_otg.o
                0x08004998                MX_USB_OTG_FS_PCD_Init
 .text.HAL_PCD_MspInit
                0x080049d8       0x88 Src\usb_otg.o
                0x080049d8                HAL_PCD_MspInit
 .text.WIFI_Init
                0x08004a60       0x48 Src\wifi.o
                0x08004a60                WIFI_Init
 .text.WIFI_Connect
                0x08004aa8       0x28 Src\wifi.o
                0x08004aa8                WIFI_Connect
 .text.WIFI_OpenClientConnection
                0x08004ad0       0x50 Src\wifi.o
                0x08004ad0                WIFI_OpenClientConnection
 .text.WIFI_CloseClientConnection
                0x08004b20       0x20 Src\wifi.o
                0x08004b20                WIFI_CloseClientConnection
 .text.WIFI_SendData
                0x08004b40       0x24 Src\wifi.o
                0x08004b40                WIFI_SendData
 .text.Reset_Handler
                0x08004b64       0x50 startup\startup_stm32l475xx.o
                0x08004b64                Reset_Handler
 .text.Default_Handler
                0x08004bb4        0x2 startup\startup_stm32l475xx.o
                0x08004bb4                RTC_Alarm_IRQHandler
                0x08004bb4                EXTI2_IRQHandler
                0x08004bb4                TIM8_TRG_COM_IRQHandler
                0x08004bb4                TIM8_CC_IRQHandler
                0x08004bb4                TIM1_CC_IRQHandler
                0x08004bb4                TSC_IRQHandler
                0x08004bb4                TAMP_STAMP_IRQHandler
                0x08004bb4                EXTI3_IRQHandler
                0x08004bb4                LPTIM2_IRQHandler
                0x08004bb4                DFSDM1_FLT1_IRQHandler
                0x08004bb4                I2C3_ER_IRQHandler
                0x08004bb4                DFSDM1_FLT2_IRQHandler
                0x08004bb4                EXTI0_IRQHandler
                0x08004bb4                I2C2_EV_IRQHandler
                0x08004bb4                CAN1_RX0_IRQHandler
                0x08004bb4                FPU_IRQHandler
                0x08004bb4                TIM1_UP_TIM16_IRQHandler
                0x08004bb4                ADC1_2_IRQHandler
                0x08004bb4                SPI1_IRQHandler
                0x08004bb4                TIM6_DAC_IRQHandler
                0x08004bb4                TIM8_UP_IRQHandler
                0x08004bb4                DMA2_Channel2_IRQHandler
                0x08004bb4                DMA1_Channel4_IRQHandler
                0x08004bb4                SAI2_IRQHandler
                0x08004bb4                DFSDM1_FLT3_IRQHandler
                0x08004bb4                USART3_IRQHandler
                0x08004bb4                DMA1_Channel7_IRQHandler
                0x08004bb4                CAN1_RX1_IRQHandler
                0x08004bb4                UART5_IRQHandler
                0x08004bb4                ADC3_IRQHandler
                0x08004bb4                TIM4_IRQHandler
                0x08004bb4                DMA2_Channel1_IRQHandler
                0x08004bb4                QUADSPI_IRQHandler
                0x08004bb4                I2C1_EV_IRQHandler
                0x08004bb4                DMA1_Channel6_IRQHandler
                0x08004bb4                UART4_IRQHandler
                0x08004bb4                DMA2_Channel4_IRQHandler
                0x08004bb4                TIM3_IRQHandler
                0x08004bb4                RCC_IRQHandler
                0x08004bb4                DMA1_Channel1_IRQHandler
                0x08004bb4                Default_Handler
                0x08004bb4                DMA2_Channel7_IRQHandler
                0x08004bb4                TIM7_IRQHandler
                0x08004bb4                SDMMC1_IRQHandler
                0x08004bb4                TIM5_IRQHandler
                0x08004bb4                I2C3_EV_IRQHandler
                0x08004bb4                RTC_WKUP_IRQHandler
                0x08004bb4                PVD_PVM_IRQHandler
                0x08004bb4                SPI2_IRQHandler
                0x08004bb4                CAN1_TX_IRQHandler
                0x08004bb4                DMA2_Channel5_IRQHandler
                0x08004bb4                DMA1_Channel5_IRQHandler
                0x08004bb4                EXTI4_IRQHandler
                0x08004bb4                RNG_IRQHandler
                0x08004bb4                TIM1_TRG_COM_TIM17_IRQHandler
                0x08004bb4                DMA1_Channel3_IRQHandler
                0x08004bb4                COMP_IRQHandler
                0x08004bb4                WWDG_IRQHandler
                0x08004bb4                LPUART1_IRQHandler
                0x08004bb4                DMA2_Channel6_IRQHandler
                0x08004bb4                TIM2_IRQHandler
                0x08004bb4                EXTI1_IRQHandler
                0x08004bb4                USART2_IRQHandler
                0x08004bb4                DFSDM1_FLT0_IRQHandler
                0x08004bb4                I2C2_ER_IRQHandler
                0x08004bb4                DMA1_Channel2_IRQHandler
                0x08004bb4                TIM8_BRK_IRQHandler
                0x08004bb4                CAN1_SCE_IRQHandler
                0x08004bb4                FLASH_IRQHandler
                0x08004bb4                USART1_IRQHandler
                0x08004bb4                OTG_FS_IRQHandler
                0x08004bb4                SPI3_IRQHandler
                0x08004bb4                I2C1_ER_IRQHandler
                0x08004bb4                FMC_IRQHandler
                0x08004bb4                SWPMI1_IRQHandler
                0x08004bb4                LPTIM1_IRQHandler
                0x08004bb4                SAI1_IRQHandler
                0x08004bb4                DMA2_Channel3_IRQHandler
                0x08004bb4                TIM1_BRK_TIM15_IRQHandler
 *fill*         0x08004bb6        0x2 
 .text.__libc_init_array
                0x08004bb8       0x48 c:/program files (x86)/atollic/truestudio for arm 8.1.0/armtools/bin/../lib/gcc/arm-atollic-eabi/6.3.1/../../../../arm-atollic-eabi/lib/armv7e-m/fpu\libc_nano.a(lib_a-init.o)
                0x08004bb8                __libc_init_array
 .text.memcpy   0x08004c00       0x16 c:/program files (x86)/atollic/truestudio for arm 8.1.0/armtools/bin/../lib/gcc/arm-atollic-eabi/6.3.1/../../../../arm-atollic-eabi/lib/armv7e-m/fpu\libc_nano.a(lib_a-memcpy-stub.o)
                0x08004c00                memcpy
 *fill*         0x08004c16        0x2 
 .text.sprintf  0x08004c18       0x48 c:/program files (x86)/atollic/truestudio for arm 8.1.0/armtools/bin/../lib/gcc/arm-atollic-eabi/6.3.1/../../../../arm-atollic-eabi/lib/armv7e-m/fpu\libc_nano.a(lib_a-sprintf.o)
                0x08004c18                siprintf
                0x08004c18                sprintf
 .text.strchr   0x08004c60       0x1c c:/program files (x86)/atollic/truestudio for arm 8.1.0/armtools/bin/../lib/gcc/arm-atollic-eabi/6.3.1/../../../../arm-atollic-eabi/lib/armv7e-m/fpu\libc_nano.a(lib_a-strchr.o)
                0x08004c60                strchr
 .text.strcpy   0x08004c7c       0x10 c:/program files (x86)/atollic/truestudio for arm 8.1.0/armtools/bin/../lib/gcc/arm-atollic-eabi/6.3.1/../../../../arm-atollic-eabi/lib/armv7e-m/fpu\libc_nano.a(lib_a-strcpy.o)
                0x08004c7c                strcpy
 .text.strncpy  0x08004c8c       0x2a c:/program files (x86)/atollic/truestudio for arm 8.1.0/armtools/bin/../lib/gcc/arm-atollic-eabi/6.3.1/../../../../arm-atollic-eabi/lib/armv7e-m/fpu\libc_nano.a(lib_a-strncpy.o)
                0x08004c8c                strncpy
 .text.strstr   0x08004cb6       0x36 c:/program files (x86)/atollic/truestudio for arm 8.1.0/armtools/bin/../lib/gcc/arm-atollic-eabi/6.3.1/../../../../arm-atollic-eabi/lib/armv7e-m/fpu\libc_nano.a(lib_a-strstr.o)
                0x08004cb6                strstr
 .text.strtok   0x08004cec       0x54 c:/program files (x86)/atollic/truestudio for arm 8.1.0/armtools/bin/../lib/gcc/arm-atollic-eabi/6.3.1/../../../../arm-atollic-eabi/lib/armv7e-m/fpu\libc_nano.a(lib_a-strtok.o)
                0x08004cec                strtok
 .text.__strtok_r
                0x08004d40       0x52 c:/program files (x86)/atollic/truestudio for arm 8.1.0/armtools/bin/../lib/gcc/arm-atollic-eabi/6.3.1/../../../../arm-atollic-eabi/lib/armv7e-m/fpu\libc_nano.a(lib_a-strtok_r.o)
                0x08004d40                __strtok_r
 *fill*         0x08004d92        0x2 
 .text.malloc   0x08004d94       0x10 c:/program files (x86)/atollic/truestudio for arm 8.1.0/armtools/bin/../lib/gcc/arm-atollic-eabi/6.3.1/../../../../arm-atollic-eabi/lib/armv7e-m/fpu\libc_nano.a(lib_a-malloc.o)
                0x08004d94                malloc
 .text._free_r  0x08004da4       0x9c c:/program files (x86)/atollic/truestudio for arm 8.1.0/armtools/bin/../lib/gcc/arm-atollic-eabi/6.3.1/../../../../arm-atollic-eabi/lib/armv7e-m/fpu\libc_nano.a(lib_a-nano-freer.o)
                0x08004da4                _free_r
 .text._malloc_r
                0x08004e40       0xbc c:/program files (x86)/atollic/truestudio for arm 8.1.0/armtools/bin/../lib/gcc/arm-atollic-eabi/6.3.1/../../../../arm-atollic-eabi/lib/armv7e-m/fpu\libc_nano.a(lib_a-nano-mallocr.o)
                0x08004e40                _malloc_r
 .text.__ssputs_r
                0x08004efc       0xb6 c:/program files (x86)/atollic/truestudio for arm 8.1.0/armtools/bin/../lib/gcc/arm-atollic-eabi/6.3.1/../../../../arm-atollic-eabi/lib/armv7e-m/fpu\libc_nano.a(lib_a-nano-svfprintf.o)
                0x08004efc                __ssputs_r
 *fill*         0x08004fb2        0x2 
 .text._svfprintf_r
                0x08004fb4      0x1e8 c:/program files (x86)/atollic/truestudio for arm 8.1.0/armtools/bin/../lib/gcc/arm-atollic-eabi/6.3.1/../../../../arm-atollic-eabi/lib/armv7e-m/fpu\libc_nano.a(lib_a-nano-svfprintf.o)
                0x08004fb4                _svfiprintf_r
                0x08004fb4                _svfprintf_r
 .text._printf_common
                0x0800519c       0xec c:/program files (x86)/atollic/truestudio for arm 8.1.0/armtools/bin/../lib/gcc/arm-atollic-eabi/6.3.1/../../../../arm-atollic-eabi/lib/armv7e-m/fpu\libc_nano.a(lib_a-nano-vfprintf_i.o)
                0x0800519c                _printf_common
 .text._printf_i
                0x08005288      0x240 c:/program files (x86)/atollic/truestudio for arm 8.1.0/armtools/bin/../lib/gcc/arm-atollic-eabi/6.3.1/../../../../arm-atollic-eabi/lib/armv7e-m/fpu\libc_nano.a(lib_a-nano-vfprintf_i.o)
                0x08005288                _printf_i
 .text._sbrk_r  0x080054c8       0x20 c:/program files (x86)/atollic/truestudio for arm 8.1.0/armtools/bin/../lib/gcc/arm-atollic-eabi/6.3.1/../../../../arm-atollic-eabi/lib/armv7e-m/fpu\libc_nano.a(lib_a-sbrkr.o)
                0x080054c8                _sbrk_r
 .text.memmove  0x080054e8       0x34 c:/program files (x86)/atollic/truestudio for arm 8.1.0/armtools/bin/../lib/gcc/arm-atollic-eabi/6.3.1/../../../../arm-atollic-eabi/lib/armv7e-m/fpu\libc_nano.a(lib_a-memmove.o)
                0x080054e8                memmove
 .text.__malloc_lock
                0x0800551c        0x2 c:/program files (x86)/atollic/truestudio for arm 8.1.0/armtools/bin/../lib/gcc/arm-atollic-eabi/6.3.1/../../../../arm-atollic-eabi/lib/armv7e-m/fpu\libc_nano.a(lib_a-mlock.o)
                0x0800551c                __malloc_lock
 .text.__malloc_unlock
                0x0800551e        0x2 c:/program files (x86)/atollic/truestudio for arm 8.1.0/armtools/bin/../lib/gcc/arm-atollic-eabi/6.3.1/../../../../arm-atollic-eabi/lib/armv7e-m/fpu\libc_nano.a(lib_a-mlock.o)
                0x0800551e                __malloc_unlock
 .text._realloc_r
                0x08005520       0x4c c:/program files (x86)/atollic/truestudio for arm 8.1.0/armtools/bin/../lib/gcc/arm-atollic-eabi/6.3.1/../../../../arm-atollic-eabi/lib/armv7e-m/fpu\libc_nano.a(lib_a-nano-reallocr.o)
                0x08005520                _realloc_r
 .text._malloc_usable_size_r
                0x0800556c       0x12 c:/program files (x86)/atollic/truestudio for arm 8.1.0/armtools/bin/../lib/gcc/arm-atollic-eabi/6.3.1/../../../../arm-atollic-eabi/lib/armv7e-m/fpu\libc_nano.a(lib_a-nano-msizer.o)
                0x0800556c                _malloc_usable_size_r
 *fill*         0x0800557e        0x2 
 .text._sbrk    0x08005580       0x1c c:/program files (x86)/atollic/truestudio for arm 8.1.0/armtools/bin/../lib/gcc/arm-atollic-eabi/6.3.1/../../../../arm-atollic-eabi/lib/armv7e-m/fpu\libnosys.a(sbrk.o)
                0x08005580                _sbrk
 *(.glue_7)
 .glue_7        0x0800559c        0x0 linker stubs
 *(.glue_7t)
 .glue_7t       0x0800559c        0x0 linker stubs
 *(.eh_frame)
 .eh_frame      0x0800559c        0x0 c:/program files (x86)/atollic/truestudio for arm 8.1.0/armtools/bin/../lib/gcc/arm-atollic-eabi/6.3.1/armv7e-m/fpu/crtbegin.o
 *(.init)
 .init          0x0800559c        0x4 c:/program files (x86)/atollic/truestudio for arm 8.1.0/armtools/bin/../lib/gcc/arm-atollic-eabi/6.3.1/armv7e-m/fpu/crti.o
                0x0800559c                _init
 .init          0x080055a0        0x8 c:/program files (x86)/atollic/truestudio for arm 8.1.0/armtools/bin/../lib/gcc/arm-atollic-eabi/6.3.1/armv7e-m/fpu/crtn.o
 *(.fini)
 .fini          0x080055a8        0x4 c:/program files (x86)/atollic/truestudio for arm 8.1.0/armtools/bin/../lib/gcc/arm-atollic-eabi/6.3.1/armv7e-m/fpu/crti.o
                0x080055a8                _fini
 .fini          0x080055ac        0x8 c:/program files (x86)/atollic/truestudio for arm 8.1.0/armtools/bin/../lib/gcc/arm-atollic-eabi/6.3.1/armv7e-m/fpu/crtn.o
                0x080055b4                . = ALIGN (0x4)
                0x080055b4                _etext = .

.vfp11_veneer   0x080055b4        0x0
 .vfp11_veneer  0x080055b4        0x0 linker stubs

.v4_bx          0x080055b4        0x0
 .v4_bx         0x080055b4        0x0 linker stubs

.iplt           0x080055b4        0x0
 .iplt          0x080055b4        0x0 c:/program files (x86)/atollic/truestudio for arm 8.1.0/armtools/bin/../lib/gcc/arm-atollic-eabi/6.3.1/armv7e-m/fpu/crtbegin.o

.rodata         0x080055b4      0x26c
                0x080055b4                . = ALIGN (0x4)
 *(.rodata)
 *(.rodata*)
 .rodata.CSWTCH.51
                0x080055b4        0x4 Drivers\STM32L4xx_HAL_Driver\Src\stm32l4xx_hal_uart.o
 .rodata.CSWTCH.52
                0x080055b8        0xd Drivers\STM32L4xx_HAL_Driver\Src\stm32l4xx_hal_uart.o
 .rodata.thingSpeakUpdate.str1.1
                0x080055c5       0xab Src\Setup.o
 .rodata.MX_DFSDM1_Init.str1.1
                0x08005670        0xf Src\dfsdm.o
 .rodata.AT_ExecuteCommand.str1.1
                0x0800567f       0x11 Src\es_wifi.o
 .rodata.ES_WIFI_Connect.str1.1
                0x08005690       0x19 Src\es_wifi.o
 .rodata.ES_WIFI_GetNetworkSettings.str1.1
                0x080056a9        0x4 Src\es_wifi.o
 .rodata.ES_WIFI_Init.str1.1
                0x080056ad        0x7 Src\es_wifi.o
                                  0x9 (size before relaxing)
 .rodata.ES_WIFI_SendData.str1.1
                0x080056b4       0x16 Src\es_wifi.o
 .rodata.ES_WIFI_StartClientConnection.str1.1
                0x080056ca       0x32 Src\es_wifi.o
 .rodata.ES_WIFI_StopClientConnection.str1.1
                0x080056fc        0x6 Src\es_wifi.o
 .rodata.MX_I2C2_Init.str1.1
                0x08005702        0xd Src\i2c.o
 .rodata.main.str1.1
                0x0800570f       0x50 Src\main.o
                                 0x59 (size before relaxing)
 .rodata.str1.1
                0x0800575f       0x13 Src\main.o
 .rodata.MX_QUADSPI_Init.str1.1
                0x08005772       0x11 Src\quadspi.o
 .rodata.AHBPrescTable
                0x08005783       0x10 Src\system_stm32l4xx.o
                0x08005783                AHBPrescTable
 .rodata.APBPrescTable
                0x08005793        0x8 Src\system_stm32l4xx.o
                0x08005793                APBPrescTable
 *fill*         0x0800579b        0x1 
 .rodata.MSIRangeTable
                0x0800579c       0x30 Src\system_stm32l4xx.o
                0x0800579c                MSIRangeTable
 .rodata.MX_USART1_UART_Init.str1.1
                0x080057cc        0xf Src\usart.o
 .rodata.MX_USB_OTG_FS_PCD_Init.str1.1
                0x080057db       0x11 Src\usb_otg.o
 .rodata._svfprintf_r.str1.1
                0x080057ec       0x11 c:/program files (x86)/atollic/truestudio for arm 8.1.0/armtools/bin/../lib/gcc/arm-atollic-eabi/6.3.1/../../../../arm-atollic-eabi/lib/armv7e-m/fpu\libc_nano.a(lib_a-nano-svfprintf.o)
 .rodata._printf_i.str1.1
                0x080057fd       0x22 c:/program files (x86)/atollic/truestudio for arm 8.1.0/armtools/bin/../lib/gcc/arm-atollic-eabi/6.3.1/../../../../arm-atollic-eabi/lib/armv7e-m/fpu\libc_nano.a(lib_a-nano-vfprintf_i.o)
                0x08005820                . = ALIGN (0x4)
 *fill*         0x0800581f        0x1 

.ARM.extab
 *(.ARM.extab* .gnu.linkonce.armextab.*)

.ARM            0x08005820        0x8
                0x08005820                __exidx_start = .
 *(.ARM.exidx*)
 .ARM.exidx     0x08005820        0x8 c:/program files (x86)/atollic/truestudio for arm 8.1.0/armtools/bin/../lib/gcc/arm-atollic-eabi/6.3.1/armv7e-m/fpu\libgcc.a(_udivmoddi4.o)
                0x08005828                __exidx_end = .

.rel.dyn        0x08005828        0x0
 .rel.iplt      0x08005828        0x0 c:/program files (x86)/atollic/truestudio for arm 8.1.0/armtools/bin/../lib/gcc/arm-atollic-eabi/6.3.1/armv7e-m/fpu/crtbegin.o

.preinit_array  0x08005828        0x0
                0x08005828                PROVIDE (__preinit_array_start, .)
 *(.preinit_array*)
                0x08005828                PROVIDE (__preinit_array_end, .)

.init_array     0x08005828        0x4
                0x08005828                PROVIDE (__init_array_start, .)
 *(SORT(.init_array.*))
 *(.init_array*)
 .init_array    0x08005828        0x4 c:/program files (x86)/atollic/truestudio for arm 8.1.0/armtools/bin/../lib/gcc/arm-atollic-eabi/6.3.1/armv7e-m/fpu/crtbegin.o
                0x0800582c                PROVIDE (__init_array_end, .)

.fini_array     0x0800582c        0x4
                [!provide]                PROVIDE (__fini_array_start, .)
 *(SORT(.fini_array.*))
 *(.fini_array*)
 .fini_array    0x0800582c        0x4 c:/program files (x86)/atollic/truestudio for arm 8.1.0/armtools/bin/../lib/gcc/arm-atollic-eabi/6.3.1/armv7e-m/fpu/crtbegin.o
                [!provide]                PROVIDE (__fini_array_end, .)
                0x08005830                _sidata = LOADADDR (.data)

.data           0x20000000       0x80 load address 0x08005830
                0x20000000                . = ALIGN (0x4)
                0x20000000                _sdata = .
 *(.data)
 *(.data*)
 .data.HTS221_T_Drv
                0x20000000       0x10 Drivers\Components\hts221\hts221.o
                0x20000000                HTS221_T_Drv
 .data.IP_Addr  0x20000010        0x4 Src\main.o
                0x20000010                IP_Addr
 .data.server   0x20000014        0x4 Src\main.o
                0x20000014                server
 .data.SystemCoreClock
                0x20000018        0x4 Src\system_stm32l4xx.o
                0x20000018                SystemCoreClock
 .data._impure_ptr
                0x2000001c        0x4 c:/program files (x86)/atollic/truestudio for arm 8.1.0/armtools/bin/../lib/gcc/arm-atollic-eabi/6.3.1/../../../../arm-atollic-eabi/lib/armv7e-m/fpu\libc_nano.a(lib_a-impure.o)
                0x2000001c                _impure_ptr
 .data.impure_data
                0x20000020       0x60 c:/program files (x86)/atollic/truestudio for arm 8.1.0/armtools/bin/../lib/gcc/arm-atollic-eabi/6.3.1/../../../../arm-atollic-eabi/lib/armv7e-m/fpu\libc_nano.a(lib_a-impure.o)
                0x20000080                . = ALIGN (0x4)
                0x20000080                _edata = .

.igot.plt       0x20000080        0x0 load address 0x080058b0
 .igot.plt      0x20000080        0x0 c:/program files (x86)/atollic/truestudio for arm 8.1.0/armtools/bin/../lib/gcc/arm-atollic-eabi/6.3.1/armv7e-m/fpu/crtbegin.o
                0x20000080                . = ALIGN (0x4)

.bss            0x20000080     0x1024 load address 0x080058b0
                0x20000080                _sbss = .
                0x20000080                __bss_start__ = _sbss
 *(.bss)
 .bss           0x20000080       0x1c c:/program files (x86)/atollic/truestudio for arm 8.1.0/armtools/bin/../lib/gcc/arm-atollic-eabi/6.3.1/armv7e-m/fpu/crtbegin.o
 *(.bss*)
 .bss.a_dfsdm1ChannelHandle
                0x2000009c       0x20 Drivers\STM32L4xx_HAL_Driver\Src\stm32l4xx_hal_dfsdm.o
                0x2000009c                a_dfsdm1ChannelHandle
 .bss.v_dfsdm1ChannelCounter
                0x200000bc        0x4 Drivers\STM32L4xx_HAL_Driver\Src\stm32l4xx_hal_dfsdm.o
                0x200000bc                v_dfsdm1ChannelCounter
 .bss.WIFI_connection.10300
                0x200000c0       0xfa Src\Setup.o
 .bss.XferSize  0x200001ba        0x2 Src\Setup.o
 .bss.DFSDM1_Init
                0x200001bc        0x4 Src\dfsdm.o
 .bss.WIFI_xmit
                0x200001c0       0x44 Src\main.o
 .bss.errorNum  0x20000204        0x1 Src\main.o
                0x20000204                errorNum
 *fill*         0x20000205        0x3 
 .bss.ext_temp  0x20000208        0x4 Src\main.o
                0x20000208                ext_temp
 .bss.int_temp  0x2000020c        0x4 Src\main.o
                0x2000020c                int_temp
 .bss.mode      0x20000210        0x1 Src\main.o
                0x20000210                mode
 *fill*         0x20000211        0x3 
 .bss.tsensor_drv
                0x20000214        0x4 Src\stm32l475e_iot01_tsensor.o
 .bss.__malloc_free_list
                0x20000218        0x4 c:/program files (x86)/atollic/truestudio for arm 8.1.0/armtools/bin/../lib/gcc/arm-atollic-eabi/6.3.1/../../../../arm-atollic-eabi/lib/armv7e-m/fpu\libc_nano.a(lib_a-nano-mallocr.o)
                0x20000218                __malloc_free_list
 .bss.__malloc_sbrk_start
                0x2000021c        0x4 c:/program files (x86)/atollic/truestudio for arm 8.1.0/armtools/bin/../lib/gcc/arm-atollic-eabi/6.3.1/../../../../arm-atollic-eabi/lib/armv7e-m/fpu\libc_nano.a(lib_a-nano-mallocr.o)
                0x2000021c                __malloc_sbrk_start
 .bss.heap_end.5239
                0x20000220        0x4 c:/program files (x86)/atollic/truestudio for arm 8.1.0/armtools/bin/../lib/gcc/arm-atollic-eabi/6.3.1/../../../../arm-atollic-eabi/lib/armv7e-m/fpu\libnosys.a(sbrk.o)
 *(COMMON)
 COMMON         0x20000224       0xc4 Drivers\BSP\stm32l475e_iot01.o
                0x20000224                hDiscoUart
                0x2000029c                hI2cHandler
 COMMON         0x200002e8        0x4 Drivers\STM32L4xx_HAL_Driver\Src\stm32l4xx_hal.o
                0x200002e8                uwTick
 COMMON         0x200002ec      0x4a8 Src\Setup.o
                0x200002ec                hpcd_USB_OTG_FS
                0x200006b8                hspi3
                0x2000071c                huart1
 COMMON         0x20000794       0x38 Src\dfsdm.o
                0x20000794                hdfsdm1_channel1
 COMMON         0x200007cc       0x64 Src\es_wifi_io.o
                0x200007cc                hspi
 COMMON         0x20000830       0x4c Src\i2c.o
                0x20000830                hi2c2
 COMMON         0x2000087c       0x44 Src\quadspi.o
                0x2000087c                hqspi
 COMMON         0x200008c0       0x78 Src\usart.o
                0x200008c0                huart3
 COMMON         0x20000938      0x768 Src\wifi.o
                0x20000938                EsWifiObj
 COMMON         0x200010a0        0x4 c:/program files (x86)/atollic/truestudio for arm 8.1.0/armtools/bin/../lib/gcc/arm-atollic-eabi/6.3.1/../../../../arm-atollic-eabi/lib/armv7e-m/fpu\libc_nano.a(lib_a-reent.o)
                0x200010a0                errno
                0x200010a4                . = ALIGN (0x4)
                0x200010a4                _ebss = .
                0x200010a4                __bss_end__ = _ebss

._user_heap_stack
                0x200010a4      0x600 load address 0x080058b0
                0x200010a4                . = ALIGN (0x4)
                0x200010a4                PROVIDE (end, .)
                [!provide]                PROVIDE (_end, .)
                0x200012a4                . = (. + _Min_Heap_Size)
 *fill*         0x200010a4      0x200 
                0x200016a4                . = (. + _Min_Stack_Size)
 *fill*         0x200012a4      0x400 
                0x200016a4                . = ALIGN (0x4)

/DISCARD/
 libc.a(*)
 libm.a(*)
 libgcc.a(*)

.ARM.attributes
                0x00000000       0x30
 *(.ARM.attributes)
 .ARM.attributes
                0x00000000       0x22 c:/program files (x86)/atollic/truestudio for arm 8.1.0/armtools/bin/../lib/gcc/arm-atollic-eabi/6.3.1/armv7e-m/fpu/crti.o
 .ARM.attributes
                0x00000022       0x34 c:/program files (x86)/atollic/truestudio for arm 8.1.0/armtools/bin/../lib/gcc/arm-atollic-eabi/6.3.1/armv7e-m/fpu/crtbegin.o
 .ARM.attributes
                0x00000056       0x39 Drivers\BSP\stm32l475e_iot01.o
 .ARM.attributes
                0x0000008f       0x39 Drivers\Components\hts221\hts221.o
 .ARM.attributes
                0x000000c8       0x39 Drivers\STM32L4xx_HAL_Driver\Src\stm32l4xx_hal.o
 .ARM.attributes
                0x00000101       0x39 Drivers\STM32L4xx_HAL_Driver\Src\stm32l4xx_hal_cortex.o
 .ARM.attributes
                0x0000013a       0x39 Drivers\STM32L4xx_HAL_Driver\Src\stm32l4xx_hal_dfsdm.o
 .ARM.attributes
                0x00000173       0x39 Drivers\STM32L4xx_HAL_Driver\Src\stm32l4xx_hal_gpio.o
 .ARM.attributes
                0x000001ac       0x39 Drivers\STM32L4xx_HAL_Driver\Src\stm32l4xx_hal_i2c.o
 .ARM.attributes
                0x000001e5       0x39 Drivers\STM32L4xx_HAL_Driver\Src\stm32l4xx_hal_i2c_ex.o
 .ARM.attributes
                0x0000021e       0x39 Drivers\STM32L4xx_HAL_Driver\Src\stm32l4xx_hal_pcd.o
 .ARM.attributes
                0x00000257       0x39 Drivers\STM32L4xx_HAL_Driver\Src\stm32l4xx_hal_pcd_ex.o
 .ARM.attributes
                0x00000290       0x39 Drivers\STM32L4xx_HAL_Driver\Src\stm32l4xx_hal_pwr_ex.o
 .ARM.attributes
                0x000002c9       0x39 Drivers\STM32L4xx_HAL_Driver\Src\stm32l4xx_hal_qspi.o
 .ARM.attributes
                0x00000302       0x39 Drivers\STM32L4xx_HAL_Driver\Src\stm32l4xx_hal_rcc.o
 .ARM.attributes
                0x0000033b       0x39 Drivers\STM32L4xx_HAL_Driver\Src\stm32l4xx_hal_rcc_ex.o
 .ARM.attributes
                0x00000374       0x39 Drivers\STM32L4xx_HAL_Driver\Src\stm32l4xx_hal_spi.o
 .ARM.attributes
                0x000003ad       0x39 Drivers\STM32L4xx_HAL_Driver\Src\stm32l4xx_hal_spi_ex.o
 .ARM.attributes
                0x000003e6       0x39 Drivers\STM32L4xx_HAL_Driver\Src\stm32l4xx_hal_uart.o
 .ARM.attributes
                0x0000041f       0x39 Drivers\STM32L4xx_HAL_Driver\Src\stm32l4xx_ll_usb.o
 .ARM.attributes
                0x00000458       0x39 Src\Setup.o
 .ARM.attributes
                0x00000491       0x39 Src\dfsdm.o
 .ARM.attributes
                0x000004ca       0x39 Src\es_wifi.o
 .ARM.attributes
                0x00000503       0x39 Src\es_wifi_io.o
 .ARM.attributes
                0x0000053c       0x39 Src\gpio.o
 .ARM.attributes
                0x00000575       0x39 Src\i2c.o
 .ARM.attributes
                0x000005ae       0x39 Src\main.o
 .ARM.attributes
                0x000005e7       0x39 Src\quadspi.o
 .ARM.attributes
                0x00000620       0x39 Src\spi.o
 .ARM.attributes
                0x00000659       0x39 Src\stm32l475e_iot01_tsensor.o
 .ARM.attributes
                0x00000692       0x39 Src\stm32l4xx_hal_msp.o
 .ARM.attributes
                0x000006cb       0x39 Src\stm32l4xx_it.o
 .ARM.attributes
                0x00000704       0x39 Src\system_stm32l4xx.o
 .ARM.attributes
                0x0000073d       0x39 Src\usart.o
 .ARM.attributes
                0x00000776       0x39 Src\usb_otg.o
 .ARM.attributes
                0x000007af       0x39 Src\wifi.o
 .ARM.attributes
                0x000007e8       0x21 startup\startup_stm32l475xx.o
 .ARM.attributes
                0x00000809       0x34 c:/program files (x86)/atollic/truestudio for arm 8.1.0/armtools/bin/../lib/gcc/arm-atollic-eabi/6.3.1/../../../../arm-atollic-eabi/lib/armv7e-m/fpu\libc_nano.a(lib_a-init.o)
 .ARM.attributes
                0x0000083d       0x34 c:/program files (x86)/atollic/truestudio for arm 8.1.0/armtools/bin/../lib/gcc/arm-atollic-eabi/6.3.1/../../../../arm-atollic-eabi/lib/armv7e-m/fpu\libc_nano.a(lib_a-memcpy-stub.o)
 .ARM.attributes
                0x00000871       0x34 c:/program files (x86)/atollic/truestudio for arm 8.1.0/armtools/bin/../lib/gcc/arm-atollic-eabi/6.3.1/../../../../arm-atollic-eabi/lib/armv7e-m/fpu\libc_nano.a(lib_a-sprintf.o)
 .ARM.attributes
                0x000008a5       0x34 c:/program files (x86)/atollic/truestudio for arm 8.1.0/armtools/bin/../lib/gcc/arm-atollic-eabi/6.3.1/../../../../arm-atollic-eabi/lib/armv7e-m/fpu\libc_nano.a(lib_a-strchr.o)
 .ARM.attributes
                0x000008d9       0x34 c:/program files (x86)/atollic/truestudio for arm 8.1.0/armtools/bin/../lib/gcc/arm-atollic-eabi/6.3.1/../../../../arm-atollic-eabi/lib/armv7e-m/fpu\libc_nano.a(lib_a-strcpy.o)
 .ARM.attributes
                0x0000090d       0x1b c:/program files (x86)/atollic/truestudio for arm 8.1.0/armtools/bin/../lib/gcc/arm-atollic-eabi/6.3.1/../../../../arm-atollic-eabi/lib/armv7e-m/fpu\libc_nano.a(lib_a-strlen.o)
 .ARM.attributes
                0x00000928       0x34 c:/program files (x86)/atollic/truestudio for arm 8.1.0/armtools/bin/../lib/gcc/arm-atollic-eabi/6.3.1/../../../../arm-atollic-eabi/lib/armv7e-m/fpu\libc_nano.a(lib_a-strncpy.o)
 .ARM.attributes
                0x0000095c       0x34 c:/program files (x86)/atollic/truestudio for arm 8.1.0/armtools/bin/../lib/gcc/arm-atollic-eabi/6.3.1/../../../../arm-atollic-eabi/lib/armv7e-m/fpu\libc_nano.a(lib_a-strstr.o)
 .ARM.attributes
                0x00000990       0x34 c:/program files (x86)/atollic/truestudio for arm 8.1.0/armtools/bin/../lib/gcc/arm-atollic-eabi/6.3.1/../../../../arm-atollic-eabi/lib/armv7e-m/fpu\libc_nano.a(lib_a-strtok.o)
 .ARM.attributes
                0x000009c4       0x34 c:/program files (x86)/atollic/truestudio for arm 8.1.0/armtools/bin/../lib/gcc/arm-atollic-eabi/6.3.1/../../../../arm-atollic-eabi/lib/armv7e-m/fpu\libc_nano.a(lib_a-strtok_r.o)
 .ARM.attributes
                0x000009f8       0x34 c:/program files (x86)/atollic/truestudio for arm 8.1.0/armtools/bin/../lib/gcc/arm-atollic-eabi/6.3.1/../../../../arm-atollic-eabi/lib/armv7e-m/fpu\libc_nano.a(lib_a-impure.o)
 .ARM.attributes
                0x00000a2c       0x34 c:/program files (x86)/atollic/truestudio for arm 8.1.0/armtools/bin/../lib/gcc/arm-atollic-eabi/6.3.1/../../../../arm-atollic-eabi/lib/armv7e-m/fpu\libc_nano.a(lib_a-malloc.o)
 .ARM.attributes
                0x00000a60       0x34 c:/program files (x86)/atollic/truestudio for arm 8.1.0/armtools/bin/../lib/gcc/arm-atollic-eabi/6.3.1/../../../../arm-atollic-eabi/lib/armv7e-m/fpu\libc_nano.a(lib_a-nano-freer.o)
 .ARM.attributes
                0x00000a94       0x34 c:/program files (x86)/atollic/truestudio for arm 8.1.0/armtools/bin/../lib/gcc/arm-atollic-eabi/6.3.1/../../../../arm-atollic-eabi/lib/armv7e-m/fpu\libc_nano.a(lib_a-nano-mallocr.o)
 .ARM.attributes
                0x00000ac8       0x34 c:/program files (x86)/atollic/truestudio for arm 8.1.0/armtools/bin/../lib/gcc/arm-atollic-eabi/6.3.1/../../../../arm-atollic-eabi/lib/armv7e-m/fpu\libc_nano.a(lib_a-nano-svfprintf.o)
 .ARM.attributes
                0x00000afc       0x34 c:/program files (x86)/atollic/truestudio for arm 8.1.0/armtools/bin/../lib/gcc/arm-atollic-eabi/6.3.1/../../../../arm-atollic-eabi/lib/armv7e-m/fpu\libc_nano.a(lib_a-nano-vfprintf_i.o)
 .ARM.attributes
                0x00000b30       0x34 c:/program files (x86)/atollic/truestudio for arm 8.1.0/armtools/bin/../lib/gcc/arm-atollic-eabi/6.3.1/../../../../arm-atollic-eabi/lib/armv7e-m/fpu\libc_nano.a(lib_a-sbrkr.o)
 .ARM.attributes
                0x00000b64       0x20 c:/program files (x86)/atollic/truestudio for arm 8.1.0/armtools/bin/../lib/gcc/arm-atollic-eabi/6.3.1/../../../../arm-atollic-eabi/lib/armv7e-m/fpu\libc_nano.a(lib_a-memchr.o)
 .ARM.attributes
                0x00000b84       0x34 c:/program files (x86)/atollic/truestudio for arm 8.1.0/armtools/bin/../lib/gcc/arm-atollic-eabi/6.3.1/../../../../arm-atollic-eabi/lib/armv7e-m/fpu\libc_nano.a(lib_a-memmove.o)
 .ARM.attributes
                0x00000bb8       0x34 c:/program files (x86)/atollic/truestudio for arm 8.1.0/armtools/bin/../lib/gcc/arm-atollic-eabi/6.3.1/../../../../arm-atollic-eabi/lib/armv7e-m/fpu\libc_nano.a(lib_a-mlock.o)
 .ARM.attributes
                0x00000bec       0x34 c:/program files (x86)/atollic/truestudio for arm 8.1.0/armtools/bin/../lib/gcc/arm-atollic-eabi/6.3.1/../../../../arm-atollic-eabi/lib/armv7e-m/fpu\libc_nano.a(lib_a-nano-reallocr.o)
 .ARM.attributes
                0x00000c20       0x34 c:/program files (x86)/atollic/truestudio for arm 8.1.0/armtools/bin/../lib/gcc/arm-atollic-eabi/6.3.1/../../../../arm-atollic-eabi/lib/armv7e-m/fpu\libc_nano.a(lib_a-reent.o)
 .ARM.attributes
                0x00000c54       0x34 c:/program files (x86)/atollic/truestudio for arm 8.1.0/armtools/bin/../lib/gcc/arm-atollic-eabi/6.3.1/../../../../arm-atollic-eabi/lib/armv7e-m/fpu\libc_nano.a(lib_a-nano-msizer.o)
 .ARM.attributes
                0x00000c88       0x22 c:/program files (x86)/atollic/truestudio for arm 8.1.0/armtools/bin/../lib/gcc/arm-atollic-eabi/6.3.1/armv7e-m/fpu\libgcc.a(_arm_addsubdf3.o)
 .ARM.attributes
                0x00000caa       0x22 c:/program files (x86)/atollic/truestudio for arm 8.1.0/armtools/bin/../lib/gcc/arm-atollic-eabi/6.3.1/armv7e-m/fpu\libgcc.a(_aeabi_uldivmod.o)
 .ARM.attributes
                0x00000ccc       0x34 c:/program files (x86)/atollic/truestudio for arm 8.1.0/armtools/bin/../lib/gcc/arm-atollic-eabi/6.3.1/armv7e-m/fpu\libgcc.a(_udivmoddi4.o)
 .ARM.attributes
                0x00000d00       0x22 c:/program files (x86)/atollic/truestudio for arm 8.1.0/armtools/bin/../lib/gcc/arm-atollic-eabi/6.3.1/armv7e-m/fpu\libgcc.a(_dvmd_tls.o)
 .ARM.attributes
                0x00000d22       0x34 c:/program files (x86)/atollic/truestudio for arm 8.1.0/armtools/bin/../lib/gcc/arm-atollic-eabi/6.3.1/../../../../arm-atollic-eabi/lib/armv7e-m/fpu\libnosys.a(sbrk.o)
 .ARM.attributes
                0x00000d56       0x22 c:/program files (x86)/atollic/truestudio for arm 8.1.0/armtools/bin/../lib/gcc/arm-atollic-eabi/6.3.1/armv7e-m/fpu/crtn.o
OUTPUT(Final.elf elf32-littlearm)

.debug_info     0x00000000    0x34e53
 .debug_info    0x00000000     0x29f5 Drivers\BSP\stm32l475e_iot01.o
 .debug_info    0x000029f5      0x659 Drivers\Components\hts221\hts221.o
 .debug_info    0x0000304e     0x12fb Drivers\STM32L4xx_HAL_Driver\Src\stm32l4xx_hal.o
 .debug_info    0x00004349     0x176d Drivers\STM32L4xx_HAL_Driver\Src\stm32l4xx_hal_cortex.o
 .debug_info    0x00005ab6     0x25b8 Drivers\STM32L4xx_HAL_Driver\Src\stm32l4xx_hal_dfsdm.o
 .debug_info    0x0000806e     0x1081 Drivers\STM32L4xx_HAL_Driver\Src\stm32l4xx_hal_gpio.o
 .debug_info    0x000090ef     0x3947 Drivers\STM32L4xx_HAL_Driver\Src\stm32l4xx_hal_i2c.o
 .debug_info    0x0000ca36     0x123a Drivers\STM32L4xx_HAL_Driver\Src\stm32l4xx_hal_i2c_ex.o
 .debug_info    0x0000dc70     0x1e4f Drivers\STM32L4xx_HAL_Driver\Src\stm32l4xx_hal_pcd.o
 .debug_info    0x0000fabf     0x12b0 Drivers\STM32L4xx_HAL_Driver\Src\stm32l4xx_hal_pcd_ex.o
 .debug_info    0x00010d6f     0x12a1 Drivers\STM32L4xx_HAL_Driver\Src\stm32l4xx_hal_pwr_ex.o
 .debug_info    0x00012010     0x1eea Drivers\STM32L4xx_HAL_Driver\Src\stm32l4xx_hal_qspi.o
 .debug_info    0x00013efa     0x15c5 Drivers\STM32L4xx_HAL_Driver\Src\stm32l4xx_hal_rcc.o
 .debug_info    0x000154bf     0x17ef Drivers\STM32L4xx_HAL_Driver\Src\stm32l4xx_hal_rcc_ex.o
 .debug_info    0x00016cae     0x280f Drivers\STM32L4xx_HAL_Driver\Src\stm32l4xx_hal_spi.o
 .debug_info    0x000194bd      0xe6f Drivers\STM32L4xx_HAL_Driver\Src\stm32l4xx_hal_spi_ex.o
 .debug_info    0x0001a32c     0x2455 Drivers\STM32L4xx_HAL_Driver\Src\stm32l4xx_hal_uart.o
 .debug_info    0x0001c781     0x1f63 Drivers\STM32L4xx_HAL_Driver\Src\stm32l4xx_ll_usb.o
 .debug_info    0x0001e6e4     0x20dc Src\Setup.o
 .debug_info    0x000207c0      0xfef Src\dfsdm.o
 .debug_info    0x000217af     0x37d6 Src\es_wifi.o
 .debug_info    0x00024f85     0x1947 Src\es_wifi_io.o
 .debug_info    0x000268cc     0x128b Src\gpio.o
 .debug_info    0x00027b57     0x1335 Src\i2c.o
 .debug_info    0x00028e8c     0x2539 Src\main.o
 .debug_info    0x0002b3c5     0x121a Src\quadspi.o
 .debug_info    0x0002c5df     0x12b9 Src\spi.o
 .debug_info    0x0002d898      0xb9e Src\stm32l475e_iot01_tsensor.o
 .debug_info    0x0002e436      0xebe Src\stm32l4xx_hal_msp.o
 .debug_info    0x0002f2f4      0xb04 Src\stm32l4xx_it.o
 .debug_info    0x0002fdf8      0xdd5 Src\system_stm32l4xx.o
 .debug_info    0x00030bcd     0x1390 Src\usart.o
 .debug_info    0x00031f5d     0x1338 Src\usb_otg.o
 .debug_info    0x00033295     0x1b44 Src\wifi.o
 .debug_info    0x00034dd9       0x7a startup\startup_stm32l475xx.o

.debug_abbrev   0x00000000     0x5cdc
 .debug_abbrev  0x00000000      0x41a Drivers\BSP\stm32l475e_iot01.o
 .debug_abbrev  0x0000041a      0x176 Drivers\Components\hts221\hts221.o
 .debug_abbrev  0x00000590      0x2c9 Drivers\STM32L4xx_HAL_Driver\Src\stm32l4xx_hal.o
 .debug_abbrev  0x00000859      0x37d Drivers\STM32L4xx_HAL_Driver\Src\stm32l4xx_hal_cortex.o
 .debug_abbrev  0x00000bd6      0x343 Drivers\STM32L4xx_HAL_Driver\Src\stm32l4xx_hal_dfsdm.o
 .debug_abbrev  0x00000f19      0x268 Drivers\STM32L4xx_HAL_Driver\Src\stm32l4xx_hal_gpio.o
 .debug_abbrev  0x00001181      0x3b8 Drivers\STM32L4xx_HAL_Driver\Src\stm32l4xx_hal_i2c.o
 .debug_abbrev  0x00001539      0x218 Drivers\STM32L4xx_HAL_Driver\Src\stm32l4xx_hal_i2c_ex.o
 .debug_abbrev  0x00001751      0x389 Drivers\STM32L4xx_HAL_Driver\Src\stm32l4xx_hal_pcd.o
 .debug_abbrev  0x00001ada      0x2f3 Drivers\STM32L4xx_HAL_Driver\Src\stm32l4xx_hal_pcd_ex.o
 .debug_abbrev  0x00001dcd      0x2c7 Drivers\STM32L4xx_HAL_Driver\Src\stm32l4xx_hal_pwr_ex.o
 .debug_abbrev  0x00002094      0x38a Drivers\STM32L4xx_HAL_Driver\Src\stm32l4xx_hal_qspi.o
 .debug_abbrev  0x0000241e      0x2d2 Drivers\STM32L4xx_HAL_Driver\Src\stm32l4xx_hal_rcc.o
 .debug_abbrev  0x000026f0      0x2ec Drivers\STM32L4xx_HAL_Driver\Src\stm32l4xx_hal_rcc_ex.o
 .debug_abbrev  0x000029dc      0x389 Drivers\STM32L4xx_HAL_Driver\Src\stm32l4xx_hal_spi.o
 .debug_abbrev  0x00002d65      0x1ce Drivers\STM32L4xx_HAL_Driver\Src\stm32l4xx_hal_spi_ex.o
 .debug_abbrev  0x00002f33      0x3aa Drivers\STM32L4xx_HAL_Driver\Src\stm32l4xx_hal_uart.o
 .debug_abbrev  0x000032dd      0x2e7 Drivers\STM32L4xx_HAL_Driver\Src\stm32l4xx_ll_usb.o
 .debug_abbrev  0x000035c4      0x2e2 Src\Setup.o
 .debug_abbrev  0x000038a6      0x227 Src\dfsdm.o
 .debug_abbrev  0x00003acd      0x439 Src\es_wifi.o
 .debug_abbrev  0x00003f06      0x32e Src\es_wifi_io.o
 .debug_abbrev  0x00004234      0x200 Src\gpio.o
 .debug_abbrev  0x00004434      0x229 Src\i2c.o
 .debug_abbrev  0x0000465d      0x2bc Src\main.o
 .debug_abbrev  0x00004919      0x227 Src\quadspi.o
 .debug_abbrev  0x00004b40      0x227 Src\spi.o
 .debug_abbrev  0x00004d67      0x20c Src\stm32l475e_iot01_tsensor.o
 .debug_abbrev  0x00004f73      0x1f5 Src\stm32l4xx_hal_msp.o
 .debug_abbrev  0x00005168      0x213 Src\stm32l4xx_it.o
 .debug_abbrev  0x0000537b      0x1eb Src\system_stm32l4xx.o
 .debug_abbrev  0x00005566      0x235 Src\usart.o
 .debug_abbrev  0x0000579b      0x264 Src\usb_otg.o
 .debug_abbrev  0x000059ff      0x2cb Src\wifi.o
 .debug_abbrev  0x00005cca       0x12 startup\startup_stm32l475xx.o

.debug_loc      0x00000000    0x10d2a
 .debug_loc     0x00000000      0x9c8 Drivers\BSP\stm32l475e_iot01.o
 .debug_loc     0x000009c8      0x22e Drivers\Components\hts221\hts221.o
 .debug_loc     0x00000bf6       0xf8 Drivers\STM32L4xx_HAL_Driver\Src\stm32l4xx_hal.o
 .debug_loc     0x00000cee      0x4fb Drivers\STM32L4xx_HAL_Driver\Src\stm32l4xx_hal_cortex.o
 .debug_loc     0x000011e9     0x1890 Drivers\STM32L4xx_HAL_Driver\Src\stm32l4xx_hal_dfsdm.o
 .debug_loc     0x00002a79      0x2cd Drivers\STM32L4xx_HAL_Driver\Src\stm32l4xx_hal_gpio.o
 .debug_loc     0x00002d46     0x30e5 Drivers\STM32L4xx_HAL_Driver\Src\stm32l4xx_hal_i2c.o
 .debug_loc     0x00005e2b      0x1b8 Drivers\STM32L4xx_HAL_Driver\Src\stm32l4xx_hal_i2c_ex.o
 .debug_loc     0x00005fe3      0xb92 Drivers\STM32L4xx_HAL_Driver\Src\stm32l4xx_hal_pcd.o
 .debug_loc     0x00006b75      0x1d5 Drivers\STM32L4xx_HAL_Driver\Src\stm32l4xx_hal_pcd_ex.o
 .debug_loc     0x00006d4a      0x5ad Drivers\STM32L4xx_HAL_Driver\Src\stm32l4xx_hal_pwr_ex.o
 .debug_loc     0x000072f7     0x10a0 Drivers\STM32L4xx_HAL_Driver\Src\stm32l4xx_hal_qspi.o
 .debug_loc     0x00008397      0x5ac Drivers\STM32L4xx_HAL_Driver\Src\stm32l4xx_hal_rcc.o
 .debug_loc     0x00008943      0xdab Drivers\STM32L4xx_HAL_Driver\Src\stm32l4xx_hal_rcc_ex.o
 .debug_loc     0x000096ee     0x1888 Drivers\STM32L4xx_HAL_Driver\Src\stm32l4xx_hal_spi.o
 .debug_loc     0x0000af76       0x53 Drivers\STM32L4xx_HAL_Driver\Src\stm32l4xx_hal_spi_ex.o
 .debug_loc     0x0000afc9     0x19b3 Drivers\STM32L4xx_HAL_Driver\Src\stm32l4xx_hal_uart.o
 .debug_loc     0x0000c97c     0x15d3 Drivers\STM32L4xx_HAL_Driver\Src\stm32l4xx_ll_usb.o
 .debug_loc     0x0000df4f       0x4d Src\Setup.o
 .debug_loc     0x0000df9c       0x4d Src\dfsdm.o
 .debug_loc     0x0000dfe9     0x1d00 Src\es_wifi.o
 .debug_loc     0x0000fce9      0x249 Src\es_wifi_io.o
 .debug_loc     0x0000ff32       0x4d Src\i2c.o
 .debug_loc     0x0000ff7f       0x4d Src\quadspi.o
 .debug_loc     0x0000ffcc       0x4d Src\spi.o
 .debug_loc     0x00010019       0x4c Src\stm32l475e_iot01_tsensor.o
 .debug_loc     0x00010065      0x1be Src\system_stm32l4xx.o
 .debug_loc     0x00010223       0x7f Src\usart.o
 .debug_loc     0x000102a2       0x42 Src\usb_otg.o
 .debug_loc     0x000102e4      0xa46 Src\wifi.o

.debug_aranges  0x00000000     0x1618
 .debug_aranges
                0x00000000       0xe8 Drivers\BSP\stm32l475e_iot01.o
 .debug_aranges
                0x000000e8       0x40 Drivers\Components\hts221\hts221.o
 .debug_aranges
                0x00000128      0x110 Drivers\STM32L4xx_HAL_Driver\Src\stm32l4xx_hal.o
 .debug_aranges
                0x00000238       0xa8 Drivers\STM32L4xx_HAL_Driver\Src\stm32l4xx_hal_cortex.o
 .debug_aranges
                0x000002e0      0x1f0 Drivers\STM32L4xx_HAL_Driver\Src\stm32l4xx_hal_dfsdm.o
 .debug_aranges
                0x000004d0       0x58 Drivers\STM32L4xx_HAL_Driver\Src\stm32l4xx_hal_gpio.o
 .debug_aranges
                0x00000528      0x200 Drivers\STM32L4xx_HAL_Driver\Src\stm32l4xx_hal_i2c.o
 .debug_aranges
                0x00000728       0x48 Drivers\STM32L4xx_HAL_Driver\Src\stm32l4xx_hal_i2c_ex.o
 .debug_aranges
                0x00000770       0xc0 Drivers\STM32L4xx_HAL_Driver\Src\stm32l4xx_hal_pcd.o
 .debug_aranges
                0x00000830       0x58 Drivers\STM32L4xx_HAL_Driver\Src\stm32l4xx_hal_pcd_ex.o
 .debug_aranges
                0x00000888      0x130 Drivers\STM32L4xx_HAL_Driver\Src\stm32l4xx_hal_pwr_ex.o
 .debug_aranges
                0x000009b8      0x108 Drivers\STM32L4xx_HAL_Driver\Src\stm32l4xx_hal_qspi.o
 .debug_aranges
                0x00000ac0       0x88 Drivers\STM32L4xx_HAL_Driver\Src\stm32l4xx_hal_rcc.o
 .debug_aranges
                0x00000b48       0xb8 Drivers\STM32L4xx_HAL_Driver\Src\stm32l4xx_hal_rcc_ex.o
 .debug_aranges
                0x00000c00      0x198 Drivers\STM32L4xx_HAL_Driver\Src\stm32l4xx_hal_spi.o
 .debug_aranges
                0x00000d98       0x20 Drivers\STM32L4xx_HAL_Driver\Src\stm32l4xx_hal_spi_ex.o
 .debug_aranges
                0x00000db8      0x1a0 Drivers\STM32L4xx_HAL_Driver\Src\stm32l4xx_hal_uart.o
 .debug_aranges
                0x00000f58      0x190 Drivers\STM32L4xx_HAL_Driver\Src\stm32l4xx_ll_usb.o
 .debug_aranges
                0x000010e8       0x40 Src\Setup.o
 .debug_aranges
                0x00001128       0x30 Src\dfsdm.o
 .debug_aranges
                0x00001158      0x140 Src\es_wifi.o
 .debug_aranges
                0x00001298       0x48 Src\es_wifi_io.o
 .debug_aranges
                0x000012e0       0x20 Src\gpio.o
 .debug_aranges
                0x00001300       0x30 Src\i2c.o
 .debug_aranges
                0x00001330       0x58 Src\main.o
 .debug_aranges
                0x00001388       0x30 Src\quadspi.o
 .debug_aranges
                0x000013b8       0x38 Src\spi.o
 .debug_aranges
                0x000013f0       0x28 Src\stm32l475e_iot01_tsensor.o
 .debug_aranges
                0x00001418       0x20 Src\stm32l4xx_hal_msp.o
 .debug_aranges
                0x00001438       0x58 Src\stm32l4xx_it.o
 .debug_aranges
                0x00001490       0x28 Src\system_stm32l4xx.o
 .debug_aranges
                0x000014b8       0x38 Src\usart.o
 .debug_aranges
                0x000014f0       0x30 Src\usb_otg.o
 .debug_aranges
                0x00001520       0xd0 Src\wifi.o
 .debug_aranges
                0x000015f0       0x28 startup\startup_stm32l475xx.o

.debug_ranges   0x00000000     0x1a40
 .debug_ranges  0x00000000      0x190 Drivers\BSP\stm32l475e_iot01.o
 .debug_ranges  0x00000190       0x30 Drivers\Components\hts221\hts221.o
 .debug_ranges  0x000001c0      0x100 Drivers\STM32L4xx_HAL_Driver\Src\stm32l4xx_hal.o
 .debug_ranges  0x000002c0      0x138 Drivers\STM32L4xx_HAL_Driver\Src\stm32l4xx_hal_cortex.o
 .debug_ranges  0x000003f8      0x248 Drivers\STM32L4xx_HAL_Driver\Src\stm32l4xx_hal_dfsdm.o
 .debug_ranges  0x00000640       0x68 Drivers\STM32L4xx_HAL_Driver\Src\stm32l4xx_hal_gpio.o
 .debug_ranges  0x000006a8      0x268 Drivers\STM32L4xx_HAL_Driver\Src\stm32l4xx_hal_i2c.o
 .debug_ranges  0x00000910       0x68 Drivers\STM32L4xx_HAL_Driver\Src\stm32l4xx_hal_i2c_ex.o
 .debug_ranges  0x00000978       0xc8 Drivers\STM32L4xx_HAL_Driver\Src\stm32l4xx_hal_pcd.o
 .debug_ranges  0x00000a40       0x48 Drivers\STM32L4xx_HAL_Driver\Src\stm32l4xx_hal_pcd_ex.o
 .debug_ranges  0x00000a88      0x120 Drivers\STM32L4xx_HAL_Driver\Src\stm32l4xx_hal_pwr_ex.o
 .debug_ranges  0x00000ba8      0x110 Drivers\STM32L4xx_HAL_Driver\Src\stm32l4xx_hal_qspi.o
 .debug_ranges  0x00000cb8       0x90 Drivers\STM32L4xx_HAL_Driver\Src\stm32l4xx_hal_rcc.o
 .debug_ranges  0x00000d48       0xe0 Drivers\STM32L4xx_HAL_Driver\Src\stm32l4xx_hal_rcc_ex.o
 .debug_ranges  0x00000e28      0x248 Drivers\STM32L4xx_HAL_Driver\Src\stm32l4xx_hal_spi.o
 .debug_ranges  0x00001070       0x10 Drivers\STM32L4xx_HAL_Driver\Src\stm32l4xx_hal_spi_ex.o
 .debug_ranges  0x00001080      0x190 Drivers\STM32L4xx_HAL_Driver\Src\stm32l4xx_hal_uart.o
 .debug_ranges  0x00001210      0x180 Drivers\STM32L4xx_HAL_Driver\Src\stm32l4xx_ll_usb.o
 .debug_ranges  0x00001390       0x30 Src\Setup.o
 .debug_ranges  0x000013c0       0x40 Src\dfsdm.o
 .debug_ranges  0x00001400      0x258 Src\es_wifi.o
 .debug_ranges  0x00001658       0x80 Src\es_wifi_io.o
 .debug_ranges  0x000016d8       0x50 Src\gpio.o
 .debug_ranges  0x00001728       0x20 Src\i2c.o
 .debug_ranges  0x00001748       0x48 Src\main.o
 .debug_ranges  0x00001790       0x40 Src\quadspi.o
 .debug_ranges  0x000017d0       0x48 Src\spi.o
 .debug_ranges  0x00001818       0x18 Src\stm32l475e_iot01_tsensor.o
 .debug_ranges  0x00001830       0x40 Src\stm32l4xx_hal_msp.o
 .debug_ranges  0x00001870       0x48 Src\stm32l4xx_it.o
 .debug_ranges  0x000018b8       0x18 Src\system_stm32l4xx.o
 .debug_ranges  0x000018d0       0x58 Src\usart.o
 .debug_ranges  0x00001928       0x38 Src\usb_otg.o
 .debug_ranges  0x00001960       0xc0 Src\wifi.o
 .debug_ranges  0x00001a20       0x20 startup\startup_stm32l475xx.o

.debug_line     0x00000000     0xc7b4
 .debug_line    0x00000000      0x61d Drivers\BSP\stm32l475e_iot01.o
 .debug_line    0x0000061d      0x219 Drivers\Components\hts221\hts221.o
 .debug_line    0x00000836      0x4e5 Drivers\STM32L4xx_HAL_Driver\Src\stm32l4xx_hal.o
 .debug_line    0x00000d1b      0x4cf Drivers\STM32L4xx_HAL_Driver\Src\stm32l4xx_hal_cortex.o
 .debug_line    0x000011ea      0xb70 Drivers\STM32L4xx_HAL_Driver\Src\stm32l4xx_hal_dfsdm.o
 .debug_line    0x00001d5a      0x476 Drivers\STM32L4xx_HAL_Driver\Src\stm32l4xx_hal_gpio.o
 .debug_line    0x000021d0     0x15ba Drivers\STM32L4xx_HAL_Driver\Src\stm32l4xx_hal_i2c.o
 .debug_line    0x0000378a      0x3eb Drivers\STM32L4xx_HAL_Driver\Src\stm32l4xx_hal_i2c_ex.o
 .debug_line    0x00003b75      0x74b Drivers\STM32L4xx_HAL_Driver\Src\stm32l4xx_hal_pcd.o
 .debug_line    0x000042c0      0x3d5 Drivers\STM32L4xx_HAL_Driver\Src\stm32l4xx_hal_pcd_ex.o
 .debug_line    0x00004695      0x66e Drivers\STM32L4xx_HAL_Driver\Src\stm32l4xx_hal_pwr_ex.o
 .debug_line    0x00004d03      0x8d6 Drivers\STM32L4xx_HAL_Driver\Src\stm32l4xx_hal_qspi.o
 .debug_line    0x000055d9      0x643 Drivers\STM32L4xx_HAL_Driver\Src\stm32l4xx_hal_rcc.o
 .debug_line    0x00005c1c      0x7c3 Drivers\STM32L4xx_HAL_Driver\Src\stm32l4xx_hal_rcc_ex.o
 .debug_line    0x000063df      0xd05 Drivers\STM32L4xx_HAL_Driver\Src\stm32l4xx_hal_spi.o
 .debug_line    0x000070e4      0x2d2 Drivers\STM32L4xx_HAL_Driver\Src\stm32l4xx_hal_spi_ex.o
 .debug_line    0x000073b6      0xe47 Drivers\STM32L4xx_HAL_Driver\Src\stm32l4xx_hal_uart.o
 .debug_line    0x000081fd      0x8dc Drivers\STM32L4xx_HAL_Driver\Src\stm32l4xx_ll_usb.o
 .debug_line    0x00008ad9      0x45c Src\Setup.o
 .debug_line    0x00008f35      0x31a Src\dfsdm.o
 .debug_line    0x0000924f      0x7b0 Src\es_wifi.o
 .debug_line    0x000099ff      0x420 Src\es_wifi_io.o
 .debug_line    0x00009e1f      0x334 Src\gpio.o
 .debug_line    0x0000a153      0x31f Src\i2c.o
 .debug_line    0x0000a472      0x5b9 Src\main.o
 .debug_line    0x0000aa2b      0x317 Src\quadspi.o
 .debug_line    0x0000ad42      0x33b Src\spi.o
 .debug_line    0x0000b07d      0x326 Src\stm32l475e_iot01_tsensor.o
 .debug_line    0x0000b3a3      0x288 Src\stm32l4xx_hal_msp.o
 .debug_line    0x0000b62b      0x310 Src\stm32l4xx_it.o
 .debug_line    0x0000b93b      0x2a2 Src\system_stm32l4xx.o
 .debug_line    0x0000bbdd      0x34f Src\usart.o
 .debug_line    0x0000bf2c      0x354 Src\usb_otg.o
 .debug_line    0x0000c280      0x4b5 Src\wifi.o
 .debug_line    0x0000c735       0x7f startup\startup_stm32l475xx.o

.debug_str      0x00000000     0x7bad
 .debug_str     0x00000000     0x1855 Drivers\BSP\stm32l475e_iot01.o
                               0x19d2 (size before relaxing)
 .debug_str     0x00001855      0x1e6 Drivers\Components\hts221\hts221.o
                                0x42c (size before relaxing)
 .debug_str     0x00001a3b      0x3e1 Drivers\STM32L4xx_HAL_Driver\Src\stm32l4xx_hal.o
                               0x10d0 (size before relaxing)
 .debug_str     0x00001e1c      0x392 Drivers\STM32L4xx_HAL_Driver\Src\stm32l4xx_hal_cortex.o
                               0x108b (size before relaxing)
 .debug_str     0x000021ae      0xdc9 Drivers\STM32L4xx_HAL_Driver\Src\stm32l4xx_hal_dfsdm.o
                               0x16de (size before relaxing)
 .debug_str     0x00002f77       0xed Drivers\STM32L4xx_HAL_Driver\Src\stm32l4xx_hal_gpio.o
                                0x9ef (size before relaxing)
 .debug_str     0x00003064      0x730 Drivers\STM32L4xx_HAL_Driver\Src\stm32l4xx_hal_i2c.o
                               0x1318 (size before relaxing)
 .debug_str     0x00003794       0xd6 Drivers\STM32L4xx_HAL_Driver\Src\stm32l4xx_hal_i2c_ex.o
                                0xd91 (size before relaxing)
 .debug_str     0x0000386a      0xadd Drivers\STM32L4xx_HAL_Driver\Src\stm32l4xx_hal_pcd.o
                               0x11c9 (size before relaxing)
 .debug_str     0x00004347      0x199 Drivers\STM32L4xx_HAL_Driver\Src\stm32l4xx_hal_pcd_ex.o
                                0xd4d (size before relaxing)
 .debug_str     0x000044e0      0x53a Drivers\STM32L4xx_HAL_Driver\Src\stm32l4xx_hal_pwr_ex.o
                                0xc7f (size before relaxing)
 .debug_str     0x00004a1a      0x68a Drivers\STM32L4xx_HAL_Driver\Src\stm32l4xx_hal_qspi.o
                                0xfd0 (size before relaxing)
 .debug_str     0x000050a4      0x36d Drivers\STM32L4xx_HAL_Driver\Src\stm32l4xx_hal_rcc.o
                                0xca3 (size before relaxing)
 .debug_str     0x00005411      0x56b Drivers\STM32L4xx_HAL_Driver\Src\stm32l4xx_hal_rcc_ex.o
                                0xf1e (size before relaxing)
 .debug_str     0x0000597c      0x65e Drivers\STM32L4xx_HAL_Driver\Src\stm32l4xx_hal_spi.o
                               0x1003 (size before relaxing)
 .debug_str     0x00005fda       0x51 Drivers\STM32L4xx_HAL_Driver\Src\stm32l4xx_hal_spi_ex.o
                                0xaac (size before relaxing)
 .debug_str     0x0000602b      0x700 Drivers\STM32L4xx_HAL_Driver\Src\stm32l4xx_hal_uart.o
                               0x1444 (size before relaxing)
 .debug_str     0x0000672b      0x3d0 Drivers\STM32L4xx_HAL_Driver\Src\stm32l4xx_ll_usb.o
                               0x10a7 (size before relaxing)
 .debug_str     0x00006afb       0xc4 Src\Setup.o
                               0x1bb1 (size before relaxing)
 .debug_str     0x00006bbf       0x43 Src\dfsdm.o
                                0xb2c (size before relaxing)
 .debug_str     0x00006c02      0x931 Src\es_wifi.o
                               0x1000 (size before relaxing)
 .debug_str     0x00007533       0x97 Src\es_wifi_io.o
                                0xd9d (size before relaxing)
 .debug_str     0x000075ca       0x1b Src\gpio.o
                                0xd62 (size before relaxing)
 .debug_str     0x000075e5       0x2a Src\i2c.o
                                0xd79 (size before relaxing)
 .debug_str     0x0000760f      0x201 Src\main.o
                               0x1aef (size before relaxing)
 .debug_str     0x00007810       0x1c Src\quadspi.o
                                0xc83 (size before relaxing)
 .debug_str     0x0000782c       0x27 Src\spi.o
                                0xc8d (size before relaxing)
 .debug_str     0x00007853       0x47 Src\stm32l475e_iot01_tsensor.o
                                0x7ca (size before relaxing)
 .debug_str     0x0000789a       0x1b Src\stm32l4xx_hal_msp.o
                                0xcb6 (size before relaxing)
 .debug_str     0x000078b5       0xce Src\stm32l4xx_it.o
                                0x753 (size before relaxing)
 .debug_str     0x00007983       0x3b Src\system_stm32l4xx.o
                                0x837 (size before relaxing)
 .debug_str     0x000079be       0x1a Src\usart.o
                                0xd48 (size before relaxing)
 .debug_str     0x000079d8       0x1b Src\usb_otg.o
                                0xcd3 (size before relaxing)
 .debug_str     0x000079f3      0x1ba Src\wifi.o
                               0x108b (size before relaxing)

.comment        0x00000000       0x7c
 .comment       0x00000000       0x7c Drivers\BSP\stm32l475e_iot01.o
                                 0x7d (size before relaxing)
 .comment       0x0000007c       0x7d Drivers\Components\hts221\hts221.o
 .comment       0x0000007c       0x7d Drivers\STM32L4xx_HAL_Driver\Src\stm32l4xx_hal.o
 .comment       0x0000007c       0x7d Drivers\STM32L4xx_HAL_Driver\Src\stm32l4xx_hal_cortex.o
 .comment       0x0000007c       0x7d Drivers\STM32L4xx_HAL_Driver\Src\stm32l4xx_hal_dfsdm.o
 .comment       0x0000007c       0x7d Drivers\STM32L4xx_HAL_Driver\Src\stm32l4xx_hal_gpio.o
 .comment       0x0000007c       0x7d Drivers\STM32L4xx_HAL_Driver\Src\stm32l4xx_hal_i2c.o
 .comment       0x0000007c       0x7d Drivers\STM32L4xx_HAL_Driver\Src\stm32l4xx_hal_i2c_ex.o
 .comment       0x0000007c       0x7d Drivers\STM32L4xx_HAL_Driver\Src\stm32l4xx_hal_pcd.o
 .comment       0x0000007c       0x7d Drivers\STM32L4xx_HAL_Driver\Src\stm32l4xx_hal_pcd_ex.o
 .comment       0x0000007c       0x7d Drivers\STM32L4xx_HAL_Driver\Src\stm32l4xx_hal_pwr_ex.o
 .comment       0x0000007c       0x7d Drivers\STM32L4xx_HAL_Driver\Src\stm32l4xx_hal_qspi.o
 .comment       0x0000007c       0x7d Drivers\STM32L4xx_HAL_Driver\Src\stm32l4xx_hal_rcc.o
 .comment       0x0000007c       0x7d Drivers\STM32L4xx_HAL_Driver\Src\stm32l4xx_hal_rcc_ex.o
 .comment       0x0000007c       0x7d Drivers\STM32L4xx_HAL_Driver\Src\stm32l4xx_hal_spi.o
 .comment       0x0000007c       0x7d Drivers\STM32L4xx_HAL_Driver\Src\stm32l4xx_hal_spi_ex.o
 .comment       0x0000007c       0x7d Drivers\STM32L4xx_HAL_Driver\Src\stm32l4xx_hal_uart.o
 .comment       0x0000007c       0x7d Drivers\STM32L4xx_HAL_Driver\Src\stm32l4xx_ll_usb.o
 .comment       0x0000007c       0x7d Src\Setup.o
 .comment       0x0000007c       0x7d Src\dfsdm.o
 .comment       0x0000007c       0x7d Src\es_wifi.o
 .comment       0x0000007c       0x7d Src\es_wifi_io.o
 .comment       0x0000007c       0x7d Src\gpio.o
 .comment       0x0000007c       0x7d Src\i2c.o
 .comment       0x0000007c       0x7d Src\main.o
 .comment       0x0000007c       0x7d Src\quadspi.o
 .comment       0x0000007c       0x7d Src\spi.o
 .comment       0x0000007c       0x7d Src\stm32l475e_iot01_tsensor.o
 .comment       0x0000007c       0x7d Src\stm32l4xx_hal_msp.o
 .comment       0x0000007c       0x7d Src\stm32l4xx_it.o
 .comment       0x0000007c       0x7d Src\system_stm32l4xx.o
 .comment       0x0000007c       0x7d Src\usart.o
 .comment       0x0000007c       0x7d Src\usb_otg.o
 .comment       0x0000007c       0x7d Src\wifi.o

.debug_frame    0x00000000     0x46d8
 .debug_frame   0x00000000      0x2d4 Drivers\BSP\stm32l475e_iot01.o
 .debug_frame   0x000002d4       0xb0 Drivers\Components\hts221\hts221.o
 .debug_frame   0x00000384      0x240 Drivers\STM32L4xx_HAL_Driver\Src\stm32l4xx_hal.o
 .debug_frame   0x000005c4      0x158 Drivers\STM32L4xx_HAL_Driver\Src\stm32l4xx_hal_cortex.o
 .debug_frame   0x0000071c      0x5f0 Drivers\STM32L4xx_HAL_Driver\Src\stm32l4xx_hal_dfsdm.o
 .debug_frame   0x00000d0c       0xdc Drivers\STM32L4xx_HAL_Driver\Src\stm32l4xx_hal_gpio.o
 .debug_frame   0x00000de8      0x804 Drivers\STM32L4xx_HAL_Driver\Src\stm32l4xx_hal_i2c.o
 .debug_frame   0x000015ec       0x90 Drivers\STM32L4xx_HAL_Driver\Src\stm32l4xx_hal_i2c_ex.o
 .debug_frame   0x0000167c      0x2c8 Drivers\STM32L4xx_HAL_Driver\Src\stm32l4xx_hal_pcd.o
 .debug_frame   0x00001944       0xb8 Drivers\STM32L4xx_HAL_Driver\Src\stm32l4xx_hal_pcd_ex.o
 .debug_frame   0x000019fc      0x278 Drivers\STM32L4xx_HAL_Driver\Src\stm32l4xx_hal_pwr_ex.o
 .debug_frame   0x00001c74      0x3f4 Drivers\STM32L4xx_HAL_Driver\Src\stm32l4xx_hal_qspi.o
 .debug_frame   0x00002068      0x15c Drivers\STM32L4xx_HAL_Driver\Src\stm32l4xx_hal_rcc.o
 .debug_frame   0x000021c4      0x1f0 Drivers\STM32L4xx_HAL_Driver\Src\stm32l4xx_hal_rcc_ex.o
 .debug_frame   0x000023b4      0x5bc Drivers\STM32L4xx_HAL_Driver\Src\stm32l4xx_hal_spi.o
 .debug_frame   0x00002970       0x2c Drivers\STM32L4xx_HAL_Driver\Src\stm32l4xx_hal_spi_ex.o
 .debug_frame   0x0000299c      0x548 Drivers\STM32L4xx_HAL_Driver\Src\stm32l4xx_hal_uart.o
 .debug_frame   0x00002ee4      0x4d4 Drivers\STM32L4xx_HAL_Driver\Src\stm32l4xx_ll_usb.o
 .debug_frame   0x000033b8       0x88 Src\Setup.o
 .debug_frame   0x00003440       0x60 Src\dfsdm.o
 .debug_frame   0x000034a0      0x4ac Src\es_wifi.o
 .debug_frame   0x0000394c       0xd4 Src\es_wifi_io.o
 .debug_frame   0x00003a20       0x40 Src\gpio.o
 .debug_frame   0x00003a60       0x58 Src\i2c.o
 .debug_frame   0x00003ab8       0xb8 Src\main.o
 .debug_frame   0x00003b70       0x58 Src\quadspi.o
 .debug_frame   0x00003bc8       0x78 Src\spi.o
 .debug_frame   0x00003c40       0x40 Src\stm32l475e_iot01_tsensor.o
 .debug_frame   0x00003c80       0x2c Src\stm32l4xx_hal_msp.o
 .debug_frame   0x00003cac       0xe4 Src\stm32l4xx_it.o
 .debug_frame   0x00003d90       0x38 Src\system_stm32l4xx.o
 .debug_frame   0x00003dc8       0x80 Src\usart.o
 .debug_frame   0x00003e48       0x70 Src\usb_otg.o
 .debug_frame   0x00003eb8      0x25c Src\wifi.o
 .debug_frame   0x00004114       0x2c c:/program files (x86)/atollic/truestudio for arm 8.1.0/armtools/bin/../lib/gcc/arm-atollic-eabi/6.3.1/../../../../arm-atollic-eabi/lib/armv7e-m/fpu\libc_nano.a(lib_a-init.o)
 .debug_frame   0x00004140       0x28 c:/program files (x86)/atollic/truestudio for arm 8.1.0/armtools/bin/../lib/gcc/arm-atollic-eabi/6.3.1/../../../../arm-atollic-eabi/lib/armv7e-m/fpu\libc_nano.a(lib_a-memcpy-stub.o)
 .debug_frame   0x00004168       0x70 c:/program files (x86)/atollic/truestudio for arm 8.1.0/armtools/bin/../lib/gcc/arm-atollic-eabi/6.3.1/../../../../arm-atollic-eabi/lib/armv7e-m/fpu\libc_nano.a(lib_a-sprintf.o)
 .debug_frame   0x000041d8       0x20 c:/program files (x86)/atollic/truestudio for arm 8.1.0/armtools/bin/../lib/gcc/arm-atollic-eabi/6.3.1/../../../../arm-atollic-eabi/lib/armv7e-m/fpu\libc_nano.a(lib_a-strchr.o)
 .debug_frame   0x000041f8       0x20 c:/program files (x86)/atollic/truestudio for arm 8.1.0/armtools/bin/../lib/gcc/arm-atollic-eabi/6.3.1/../../../../arm-atollic-eabi/lib/armv7e-m/fpu\libc_nano.a(lib_a-strcpy.o)
 .debug_frame   0x00004218       0x2c c:/program files (x86)/atollic/truestudio for arm 8.1.0/armtools/bin/../lib/gcc/arm-atollic-eabi/6.3.1/../../../../arm-atollic-eabi/lib/armv7e-m/fpu\libc_nano.a(lib_a-strncpy.o)
 .debug_frame   0x00004244       0x30 c:/program files (x86)/atollic/truestudio for arm 8.1.0/armtools/bin/../lib/gcc/arm-atollic-eabi/6.3.1/../../../../arm-atollic-eabi/lib/armv7e-m/fpu\libc_nano.a(lib_a-strstr.o)
 .debug_frame   0x00004274       0x38 c:/program files (x86)/atollic/truestudio for arm 8.1.0/armtools/bin/../lib/gcc/arm-atollic-eabi/6.3.1/../../../../arm-atollic-eabi/lib/armv7e-m/fpu\libc_nano.a(lib_a-strtok.o)
 .debug_frame   0x000042ac       0x40 c:/program files (x86)/atollic/truestudio for arm 8.1.0/armtools/bin/../lib/gcc/arm-atollic-eabi/6.3.1/../../../../arm-atollic-eabi/lib/armv7e-m/fpu\libc_nano.a(lib_a-strtok_r.o)
 .debug_frame   0x000042ec       0x30 c:/program files (x86)/atollic/truestudio for arm 8.1.0/armtools/bin/../lib/gcc/arm-atollic-eabi/6.3.1/../../../../arm-atollic-eabi/lib/armv7e-m/fpu\libc_nano.a(lib_a-malloc.o)
 .debug_frame   0x0000431c       0x38 c:/program files (x86)/atollic/truestudio for arm 8.1.0/armtools/bin/../lib/gcc/arm-atollic-eabi/6.3.1/../../../../arm-atollic-eabi/lib/armv7e-m/fpu\libc_nano.a(lib_a-nano-freer.o)
 .debug_frame   0x00004354       0x2c c:/program files (x86)/atollic/truestudio for arm 8.1.0/armtools/bin/../lib/gcc/arm-atollic-eabi/6.3.1/../../../../arm-atollic-eabi/lib/armv7e-m/fpu\libc_nano.a(lib_a-nano-mallocr.o)
 .debug_frame   0x00004380       0x90 c:/program files (x86)/atollic/truestudio for arm 8.1.0/armtools/bin/../lib/gcc/arm-atollic-eabi/6.3.1/../../../../arm-atollic-eabi/lib/armv7e-m/fpu\libc_nano.a(lib_a-nano-svfprintf.o)
 .debug_frame   0x00004410       0x60 c:/program files (x86)/atollic/truestudio for arm 8.1.0/armtools/bin/../lib/gcc/arm-atollic-eabi/6.3.1/../../../../arm-atollic-eabi/lib/armv7e-m/fpu\libc_nano.a(lib_a-nano-vfprintf_i.o)
 .debug_frame   0x00004470       0x2c c:/program files (x86)/atollic/truestudio for arm 8.1.0/armtools/bin/../lib/gcc/arm-atollic-eabi/6.3.1/../../../../arm-atollic-eabi/lib/armv7e-m/fpu\libc_nano.a(lib_a-sbrkr.o)
 .debug_frame   0x0000449c       0x28 c:/program files (x86)/atollic/truestudio for arm 8.1.0/armtools/bin/../lib/gcc/arm-atollic-eabi/6.3.1/../../../../arm-atollic-eabi/lib/armv7e-m/fpu\libc_nano.a(lib_a-memmove.o)
 .debug_frame   0x000044c4       0x30 c:/program files (x86)/atollic/truestudio for arm 8.1.0/armtools/bin/../lib/gcc/arm-atollic-eabi/6.3.1/../../../../arm-atollic-eabi/lib/armv7e-m/fpu\libc_nano.a(lib_a-mlock.o)
 .debug_frame   0x000044f4       0x3c c:/program files (x86)/atollic/truestudio for arm 8.1.0/armtools/bin/../lib/gcc/arm-atollic-eabi/6.3.1/../../../../arm-atollic-eabi/lib/armv7e-m/fpu\libc_nano.a(lib_a-nano-reallocr.o)
 .debug_frame   0x00004530       0x5c c:/program files (x86)/atollic/truestudio for arm 8.1.0/armtools/bin/../lib/gcc/arm-atollic-eabi/6.3.1/../../../../arm-atollic-eabi/lib/armv7e-m/fpu\libc_nano.a(lib_a-reent.o)
 .debug_frame   0x0000458c       0x20 c:/program files (x86)/atollic/truestudio for arm 8.1.0/armtools/bin/../lib/gcc/arm-atollic-eabi/6.3.1/../../../../arm-atollic-eabi/lib/armv7e-m/fpu\libc_nano.a(lib_a-nano-msizer.o)
 .debug_frame   0x000045ac       0xac c:/program files (x86)/atollic/truestudio for arm 8.1.0/armtools/bin/../lib/gcc/arm-atollic-eabi/6.3.1/armv7e-m/fpu\libgcc.a(_arm_addsubdf3.o)
 .debug_frame   0x00004658       0x2c c:/program files (x86)/atollic/truestudio for arm 8.1.0/armtools/bin/../lib/gcc/arm-atollic-eabi/6.3.1/armv7e-m/fpu\libgcc.a(_aeabi_uldivmod.o)
 .debug_frame   0x00004684       0x34 c:/program files (x86)/atollic/truestudio for arm 8.1.0/armtools/bin/../lib/gcc/arm-atollic-eabi/6.3.1/armv7e-m/fpu\libgcc.a(_udivmoddi4.o)
 .debug_frame   0x000046b8       0x20 c:/program files (x86)/atollic/truestudio for arm 8.1.0/armtools/bin/../lib/gcc/arm-atollic-eabi/6.3.1/../../../../arm-atollic-eabi/lib/armv7e-m/fpu\libnosys.a(sbrk.o)